#! /usr/local/iverilog/bin/vvp
:ivl_version "11.0 (devel)" "(s20150603-642-g3bdb50da)";
:ivl_delay_selection "TYPICAL";
:vpi_time_precision - 9;
:vpi_module "system";
:vpi_module "vhdl_sys";
:vpi_module "vhdl_textio";
:vpi_module "v2005_math";
:vpi_module "va_math";
S_00000000012debb0 .scope module, "uut" "uut" 2 3;
 .timescale -9 -9;
v00000000016b59b0_0 .net "AN", 3 0, L_00000000017148e0;  1 drivers
L_00000000016bb2f0 .functor BUFT 1, C4<0>, C4<0>, C4<0>, C4<0>;
v00000000016b45b0_0 .net "BTNX4", 0 0, L_00000000016bb2f0;  1 drivers
L_00000000016bb338 .functor BUFT 1, C4<0>, C4<0>, C4<0>, C4<0>;
v00000000016b4c90_0 .net "Ring", 0 0, L_00000000016bb338;  1 drivers
v00000000016b5a50_0 .net "SEGMENT", 7 0, L_00000000016baf50;  1 drivers
v00000000016b43d0_0 .var "SW", 9 0;
v00000000016b3f70_0 .var "clk", 0 0;
S_000000000125af60 .scope module, "uut0" "top" 2 12, 3 1 0, S_00000000012debb0;
 .timescale 0 0;
    .port_info 0 /INPUT 1 "clk";
    .port_info 1 /INPUT 10 "SW";
    .port_info 2 /OUTPUT 4 "AN";
    .port_info 3 /OUTPUT 8 "SEGMENT";
    .port_info 4 /OUTPUT 1 "BTNX4";
    .port_info 5 /OUTPUT 1 "Ring";
v00000000016abd20_0 .net "AN", 3 0, L_00000000017148e0;  alias, 1 drivers
v00000000016abe60_0 .net "BTNX4", 0 0, L_00000000016bb2f0;  alias, 1 drivers
L_00000000016bb380 .functor BUFT 1, C4<0000>, C4<0>, C4<0>, C4<0>;
v00000000016ac180_0 .net "Four0", 3 0, L_00000000016bb380;  1 drivers
v00000000016ac220_0 .net "Hex", 3 0, L_00000000016b9290;  1 drivers
v00000000016a9e80_0 .net "I0", 3 0, v000000000169f5f0_0;  1 drivers
v00000000016a9ac0_0 .net "I1", 3 0, v00000000016ac9a0_0;  1 drivers
v00000000016a9fc0_0 .net "I2", 3 0, v00000000016ae020_0;  1 drivers
L_00000000016bb3c8 .functor BUFT 1, C4<0000>, C4<0>, C4<0>, C4<0>;
v00000000016b3e30_0 .net "I3", 3 0, L_00000000016bb3c8;  1 drivers
v00000000016b3ed0_0 .net "LE", 0 0, L_0000000001715360;  1 drivers
v00000000016b50f0_0 .net "P", 0 0, L_0000000001715a60;  1 drivers
L_00000000016bb2a8 .functor BUFT 1, C4<0>, C4<0>, C4<0>, C4<0>;
v00000000016b4330_0 .net "RST", 0 0, L_00000000016bb2a8;  1 drivers
v00000000016b40b0_0 .net "Ring", 0 0, L_00000000016bb338;  alias, 1 drivers
v00000000016b3a70_0 .net "SEGMENT", 7 0, L_00000000016baf50;  alias, 1 drivers
v00000000016b3cf0_0 .net "SW", 9 0, v00000000016b43d0_0;  1 drivers
v00000000016b41f0_0 .net "clk", 0 0, v00000000016b3f70_0;  1 drivers
v00000000016b4290_0 .net "clkd", 31 0, v000000000169b860_0;  1 drivers
L_00000000016b8110 .part v000000000169b860_0, 3, 1;
L_00000000016b9a10 .part v000000000169b860_0, 7, 2;
L_00000000016ba230 .part L_00000000016b9290, 0, 1;
L_00000000016ba2d0 .part L_00000000016b9290, 1, 1;
L_00000000016b9dd0 .part L_00000000016b9290, 2, 1;
L_00000000016b9e70 .part L_00000000016b9290, 3, 1;
LS_00000000016baf50_0_0 .concat8 [ 1 1 1 1], L_00000000017152f0, L_0000000001714f70, L_0000000001714100, L_0000000001715b40;
LS_00000000016baf50_0_4 .concat8 [ 1 1 1 1], L_00000000017168a0, L_0000000001717a20, L_0000000001716bb0, L_0000000001716de0;
L_00000000016baf50 .concat8 [ 4 4 0 0], LS_00000000016baf50_0_0, LS_00000000016baf50_0_4;
S_000000000125b0f0 .scope module, "MyMc" "MyMC14495" 3 23, 4 1 0, S_000000000125af60;
 .timescale 0 0;
    .port_info 0 /INPUT 1 "D0";
    .port_info 1 /INPUT 1 "D1";
    .port_info 2 /INPUT 1 "D2";
    .port_info 3 /INPUT 1 "D3";
    .port_info 4 /INPUT 1 "LE";
    .port_info 5 /INPUT 1 "point";
    .port_info 6 /OUTPUT 1 "a";
    .port_info 7 /OUTPUT 1 "b";
    .port_info 8 /OUTPUT 1 "c";
    .port_info 9 /OUTPUT 1 "d";
    .port_info 10 /OUTPUT 1 "e";
    .port_info 11 /OUTPUT 1 "f";
    .port_info 12 /OUTPUT 1 "g";
    .port_info 13 /OUTPUT 1 "p";
L_0000000001713ed0 .functor NOT 1, L_00000000016ba230, C4<0>, C4<0>, C4<0>;
L_0000000001714950 .functor NOT 1, L_00000000016ba2d0, C4<0>, C4<0>, C4<0>;
L_0000000001713e60 .functor NOT 1, L_00000000016b9dd0, C4<0>, C4<0>, C4<0>;
L_0000000001715590 .functor NOT 1, L_00000000016b9e70, C4<0>, C4<0>, C4<0>;
L_0000000001715210 .functor AND 1, L_0000000001715590, L_0000000001713e60, C4<1>, C4<1>;
L_00000000017154b0 .functor AND 1, L_0000000001715210, L_0000000001714950, C4<1>, C4<1>;
L_0000000001714db0 .functor AND 1, L_00000000017154b0, L_00000000016ba230, C4<1>, C4<1>;
L_00000000017149c0 .functor AND 1, L_0000000001715590, L_00000000016b9dd0, C4<1>, C4<1>;
L_0000000001714410 .functor AND 1, L_00000000017149c0, L_0000000001714950, C4<1>, C4<1>;
L_00000000017156e0 .functor AND 1, L_0000000001714410, L_0000000001713ed0, C4<1>, C4<1>;
L_0000000001714d40 .functor OR 1, L_0000000001714db0, L_00000000017156e0, C4<0>, C4<0>;
L_0000000001714a30 .functor AND 1, L_00000000016b9e70, L_0000000001713e60, C4<1>, C4<1>;
L_0000000001715520 .functor AND 1, L_0000000001714a30, L_00000000016ba2d0, C4<1>, C4<1>;
L_00000000017145d0 .functor AND 1, L_0000000001715520, L_00000000016ba230, C4<1>, C4<1>;
L_00000000017144f0 .functor OR 1, L_0000000001714d40, L_00000000017145d0, C4<0>, C4<0>;
L_00000000017153d0 .functor AND 1, L_00000000016b9e70, L_00000000016b9dd0, C4<1>, C4<1>;
L_00000000017157c0 .functor AND 1, L_00000000017153d0, L_0000000001714950, C4<1>, C4<1>;
L_0000000001714aa0 .functor AND 1, L_00000000017157c0, L_00000000016ba230, C4<1>, C4<1>;
L_0000000001715910 .functor OR 1, L_00000000017144f0, L_0000000001714aa0, C4<0>, C4<0>;
L_00000000017152f0 .functor OR 1, L_0000000001715360, L_0000000001715910, C4<0>, C4<0>;
L_0000000001713f40 .functor AND 1, L_0000000001715590, L_00000000016b9dd0, C4<1>, C4<1>;
L_0000000001715670 .functor AND 1, L_0000000001713f40, L_0000000001714950, C4<1>, C4<1>;
L_0000000001715750 .functor AND 1, L_0000000001715670, L_00000000016ba230, C4<1>, C4<1>;
L_0000000001714790 .functor AND 1, L_00000000016b9dd0, L_00000000016ba2d0, C4<1>, C4<1>;
L_0000000001715440 .functor AND 1, L_0000000001714790, L_0000000001713ed0, C4<1>, C4<1>;
L_0000000001715980 .functor OR 1, L_0000000001715750, L_0000000001715440, C4<0>, C4<0>;
L_0000000001713df0 .functor AND 1, L_00000000016b9e70, L_00000000016b9dd0, C4<1>, C4<1>;
L_0000000001713fb0 .functor AND 1, L_0000000001713df0, L_0000000001713ed0, C4<1>, C4<1>;
L_0000000001714720 .functor OR 1, L_0000000001715980, L_0000000001713fb0, C4<0>, C4<0>;
L_0000000001714e20 .functor AND 1, L_00000000016b9e70, L_00000000016ba2d0, C4<1>, C4<1>;
L_0000000001714170 .functor AND 1, L_0000000001714e20, L_00000000016ba230, C4<1>, C4<1>;
L_0000000001714640 .functor OR 1, L_0000000001714720, L_0000000001714170, C4<0>, C4<0>;
L_0000000001714f70 .functor OR 1, L_0000000001715360, L_0000000001714640, C4<0>, C4<0>;
L_0000000001714800 .functor AND 1, L_0000000001715590, L_0000000001713e60, C4<1>, C4<1>;
L_0000000001714e90 .functor AND 1, L_0000000001714800, L_00000000016ba2d0, C4<1>, C4<1>;
L_0000000001714020 .functor AND 1, L_0000000001714e90, L_0000000001713ed0, C4<1>, C4<1>;
L_0000000001714090 .functor AND 1, L_00000000016b9e70, L_00000000016b9dd0, C4<1>, C4<1>;
L_0000000001714f00 .functor AND 1, L_0000000001714090, L_0000000001713ed0, C4<1>, C4<1>;
L_00000000017141e0 .functor OR 1, L_0000000001714020, L_0000000001714f00, C4<0>, C4<0>;
L_0000000001714cd0 .functor AND 1, L_00000000016b9e70, L_00000000016b9dd0, C4<1>, C4<1>;
L_0000000001714870 .functor AND 1, L_0000000001714cd0, L_00000000016ba2d0, C4<1>, C4<1>;
L_0000000001714c60 .functor OR 1, L_00000000017141e0, L_0000000001714870, C4<0>, C4<0>;
L_0000000001714100 .functor OR 1, L_0000000001715360, L_0000000001714c60, C4<0>, C4<0>;
L_0000000001714fe0 .functor AND 1, L_0000000001715590, L_0000000001713e60, C4<1>, C4<1>;
L_0000000001714b10 .functor AND 1, L_0000000001714fe0, L_0000000001714950, C4<1>, C4<1>;
L_00000000017150c0 .functor AND 1, L_0000000001714b10, L_00000000016ba230, C4<1>, C4<1>;
L_00000000017151a0 .functor AND 1, L_0000000001715590, L_00000000016b9dd0, C4<1>, C4<1>;
L_0000000001714250 .functor AND 1, L_00000000017151a0, L_0000000001714950, C4<1>, C4<1>;
L_00000000017142c0 .functor AND 1, L_0000000001714250, L_0000000001713ed0, C4<1>, C4<1>;
L_0000000001714330 .functor OR 1, L_00000000017150c0, L_00000000017142c0, C4<0>, C4<0>;
L_00000000017143a0 .functor AND 1, L_00000000016b9dd0, L_00000000016ba2d0, C4<1>, C4<1>;
L_0000000001714480 .functor AND 1, L_00000000017143a0, L_00000000016ba230, C4<1>, C4<1>;
L_0000000001715050 .functor OR 1, L_0000000001714330, L_0000000001714480, C4<0>, C4<0>;
L_0000000001714b80 .functor AND 1, L_00000000016b9e70, L_0000000001713e60, C4<1>, C4<1>;
L_0000000001714560 .functor AND 1, L_0000000001714b80, L_00000000016ba2d0, C4<1>, C4<1>;
L_0000000001714bf0 .functor AND 1, L_0000000001714560, L_0000000001713ed0, C4<1>, C4<1>;
L_0000000001715130 .functor OR 1, L_0000000001715050, L_0000000001714bf0, C4<0>, C4<0>;
L_0000000001715b40 .functor OR 1, L_0000000001715360, L_0000000001715130, C4<0>, C4<0>;
L_0000000001717860 .functor AND 1, L_0000000001715590, L_00000000016ba230, C4<1>, C4<1>;
L_0000000001716a60 .functor AND 1, L_0000000001715590, L_00000000016b9dd0, C4<1>, C4<1>;
L_00000000017164b0 .functor AND 1, L_0000000001716a60, L_0000000001714950, C4<1>, C4<1>;
L_0000000001717710 .functor OR 1, L_0000000001717860, L_00000000017164b0, C4<0>, C4<0>;
L_0000000001716f30 .functor AND 1, L_0000000001713e60, L_0000000001714950, C4<1>, C4<1>;
L_0000000001715fe0 .functor AND 1, L_0000000001716f30, L_00000000016ba230, C4<1>, C4<1>;
L_0000000001716fa0 .functor OR 1, L_0000000001717710, L_0000000001715fe0, C4<0>, C4<0>;
L_00000000017168a0 .functor OR 1, L_0000000001715360, L_0000000001716fa0, C4<0>, C4<0>;
L_0000000001716d70 .functor AND 1, L_0000000001715590, L_0000000001713e60, C4<1>, C4<1>;
L_0000000001717010 .functor AND 1, L_0000000001716d70, L_00000000016ba230, C4<1>, C4<1>;
L_00000000017174e0 .functor AND 1, L_0000000001715590, L_0000000001713e60, C4<1>, C4<1>;
L_0000000001717320 .functor AND 1, L_00000000017174e0, L_00000000016ba2d0, C4<1>, C4<1>;
L_00000000017178d0 .functor OR 1, L_0000000001717010, L_0000000001717320, C4<0>, C4<0>;
L_0000000001716d00 .functor AND 1, L_0000000001715590, L_00000000016ba2d0, C4<1>, C4<1>;
L_0000000001717940 .functor AND 1, L_0000000001716d00, L_00000000016ba230, C4<1>, C4<1>;
L_00000000017179b0 .functor OR 1, L_00000000017178d0, L_0000000001717940, C4<0>, C4<0>;
L_0000000001716910 .functor AND 1, L_00000000016b9e70, L_00000000016b9dd0, C4<1>, C4<1>;
L_0000000001717b70 .functor AND 1, L_0000000001716910, L_0000000001714950, C4<1>, C4<1>;
L_0000000001717080 .functor AND 1, L_0000000001717b70, L_00000000016ba230, C4<1>, C4<1>;
L_0000000001717550 .functor OR 1, L_00000000017179b0, L_0000000001717080, C4<0>, C4<0>;
L_0000000001717a20 .functor OR 1, L_0000000001715360, L_0000000001717550, C4<0>, C4<0>;
L_00000000017177f0 .functor AND 1, L_0000000001715590, L_0000000001713e60, C4<1>, C4<1>;
L_0000000001716980 .functor AND 1, L_00000000017177f0, L_0000000001714950, C4<1>, C4<1>;
L_00000000017169f0 .functor AND 1, L_0000000001715590, L_00000000016b9dd0, C4<1>, C4<1>;
L_0000000001716ad0 .functor AND 1, L_00000000017169f0, L_00000000016ba2d0, C4<1>, C4<1>;
L_0000000001717630 .functor AND 1, L_0000000001716ad0, L_00000000016ba230, C4<1>, C4<1>;
L_0000000001716b40 .functor OR 1, L_0000000001716980, L_0000000001717630, C4<0>, C4<0>;
L_0000000001716c90 .functor AND 1, L_00000000016b9e70, L_00000000016b9dd0, C4<1>, C4<1>;
L_00000000017167c0 .functor AND 1, L_0000000001716c90, L_0000000001714950, C4<1>, C4<1>;
L_0000000001717160 .functor AND 1, L_00000000017167c0, L_0000000001713ed0, C4<1>, C4<1>;
L_00000000017160c0 .functor OR 1, L_0000000001716b40, L_0000000001717160, C4<0>, C4<0>;
L_0000000001716bb0 .functor OR 1, L_0000000001715360, L_00000000017160c0, C4<0>, C4<0>;
L_0000000001716de0 .functor NOT 1, L_0000000001715a60, C4<0>, C4<0>, C4<0>;
v0000000001635700_0 .net "D0", 0 0, L_00000000016ba230;  1 drivers
v0000000001635f20_0 .net "D0n", 0 0, L_0000000001713ed0;  1 drivers
v00000000016358e0_0 .net "D1", 0 0, L_00000000016ba2d0;  1 drivers
v0000000001634e40_0 .net "D1n", 0 0, L_0000000001714950;  1 drivers
v0000000001634c60_0 .net "D2", 0 0, L_00000000016b9dd0;  1 drivers
v0000000001635a20_0 .net "D2n", 0 0, L_0000000001713e60;  1 drivers
v00000000016349e0_0 .net "D3", 0 0, L_00000000016b9e70;  1 drivers
v0000000001635ac0_0 .net "D3n", 0 0, L_0000000001715590;  1 drivers
v0000000001635b60_0 .net "LE", 0 0, L_0000000001715360;  alias, 1 drivers
v0000000001634ee0_0 .net *"_s10", 0 0, L_00000000017154b0;  1 drivers
v0000000001635d40_0 .net *"_s100", 0 0, L_00000000017143a0;  1 drivers
v0000000001634da0_0 .net *"_s102", 0 0, L_0000000001714480;  1 drivers
v00000000016352a0_0 .net *"_s104", 0 0, L_0000000001715050;  1 drivers
v0000000001634f80_0 .net *"_s106", 0 0, L_0000000001714b80;  1 drivers
v0000000001635020_0 .net *"_s108", 0 0, L_0000000001714560;  1 drivers
v0000000001635c00_0 .net *"_s110", 0 0, L_0000000001714bf0;  1 drivers
v0000000001635520_0 .net *"_s112", 0 0, L_0000000001715130;  1 drivers
v0000000001635340_0 .net *"_s116", 0 0, L_0000000001717860;  1 drivers
v00000000016353e0_0 .net *"_s118", 0 0, L_0000000001716a60;  1 drivers
v0000000001635ca0_0 .net *"_s12", 0 0, L_0000000001714db0;  1 drivers
v0000000001635480_0 .net *"_s120", 0 0, L_00000000017164b0;  1 drivers
v00000000016357a0_0 .net *"_s122", 0 0, L_0000000001717710;  1 drivers
v0000000001635fc0_0 .net *"_s124", 0 0, L_0000000001716f30;  1 drivers
v0000000001635980_0 .net *"_s126", 0 0, L_0000000001715fe0;  1 drivers
v0000000001635de0_0 .net *"_s128", 0 0, L_0000000001716fa0;  1 drivers
v0000000001634b20_0 .net *"_s132", 0 0, L_0000000001716d70;  1 drivers
v00000000016350c0_0 .net *"_s134", 0 0, L_0000000001717010;  1 drivers
v0000000001634940_0 .net *"_s136", 0 0, L_00000000017174e0;  1 drivers
v0000000001635e80_0 .net *"_s138", 0 0, L_0000000001717320;  1 drivers
v0000000001635840_0 .net *"_s14", 0 0, L_00000000017149c0;  1 drivers
v0000000001634a80_0 .net *"_s140", 0 0, L_00000000017178d0;  1 drivers
v0000000001634bc0_0 .net *"_s142", 0 0, L_0000000001716d00;  1 drivers
v0000000001634d00_0 .net *"_s144", 0 0, L_0000000001717940;  1 drivers
v0000000001635160_0 .net *"_s146", 0 0, L_00000000017179b0;  1 drivers
v0000000001635200_0 .net *"_s148", 0 0, L_0000000001716910;  1 drivers
v00000000016355c0_0 .net *"_s150", 0 0, L_0000000001717b70;  1 drivers
v0000000001635660_0 .net *"_s152", 0 0, L_0000000001717080;  1 drivers
v00000000016325a0_0 .net *"_s154", 0 0, L_0000000001717550;  1 drivers
v0000000001632960_0 .net *"_s158", 0 0, L_00000000017177f0;  1 drivers
v0000000001632a00_0 .net *"_s16", 0 0, L_0000000001714410;  1 drivers
v0000000001632f00_0 .net *"_s160", 0 0, L_0000000001716980;  1 drivers
v0000000001633040_0 .net *"_s162", 0 0, L_00000000017169f0;  1 drivers
v00000000016330e0_0 .net *"_s164", 0 0, L_0000000001716ad0;  1 drivers
v0000000001279940_0 .net *"_s166", 0 0, L_0000000001717630;  1 drivers
v000000000127a5c0_0 .net *"_s168", 0 0, L_0000000001716b40;  1 drivers
v000000000127b560_0 .net *"_s170", 0 0, L_0000000001716c90;  1 drivers
v0000000001279a80_0 .net *"_s172", 0 0, L_00000000017167c0;  1 drivers
v000000000127a160_0 .net *"_s174", 0 0, L_0000000001717160;  1 drivers
v000000000127a840_0 .net *"_s176", 0 0, L_00000000017160c0;  1 drivers
v0000000001279da0_0 .net *"_s18", 0 0, L_00000000017156e0;  1 drivers
v000000000169c260_0 .net *"_s20", 0 0, L_0000000001714d40;  1 drivers
v000000000169af00_0 .net *"_s22", 0 0, L_0000000001714a30;  1 drivers
v000000000169b040_0 .net *"_s24", 0 0, L_0000000001715520;  1 drivers
v000000000169ac80_0 .net *"_s26", 0 0, L_00000000017145d0;  1 drivers
v000000000169c1c0_0 .net *"_s28", 0 0, L_00000000017144f0;  1 drivers
v000000000169c940_0 .net *"_s30", 0 0, L_00000000017153d0;  1 drivers
v000000000169a280_0 .net *"_s32", 0 0, L_00000000017157c0;  1 drivers
v000000000169b4a0_0 .net *"_s34", 0 0, L_0000000001714aa0;  1 drivers
v000000000169c4e0_0 .net *"_s36", 0 0, L_0000000001715910;  1 drivers
v000000000169c760_0 .net *"_s40", 0 0, L_0000000001713f40;  1 drivers
v000000000169a3c0_0 .net *"_s42", 0 0, L_0000000001715670;  1 drivers
v000000000169a6e0_0 .net *"_s44", 0 0, L_0000000001715750;  1 drivers
v000000000169ab40_0 .net *"_s46", 0 0, L_0000000001714790;  1 drivers
v000000000169b180_0 .net *"_s48", 0 0, L_0000000001715440;  1 drivers
v000000000169b220_0 .net *"_s50", 0 0, L_0000000001715980;  1 drivers
v000000000169aa00_0 .net *"_s52", 0 0, L_0000000001713df0;  1 drivers
v000000000169c8a0_0 .net *"_s54", 0 0, L_0000000001713fb0;  1 drivers
v000000000169ad20_0 .net *"_s56", 0 0, L_0000000001714720;  1 drivers
v000000000169bc20_0 .net *"_s58", 0 0, L_0000000001714e20;  1 drivers
v000000000169c3a0_0 .net *"_s60", 0 0, L_0000000001714170;  1 drivers
v000000000169a460_0 .net *"_s62", 0 0, L_0000000001714640;  1 drivers
v000000000169a960_0 .net *"_s66", 0 0, L_0000000001714800;  1 drivers
v000000000169c580_0 .net *"_s68", 0 0, L_0000000001714e90;  1 drivers
v000000000169afa0_0 .net *"_s70", 0 0, L_0000000001714020;  1 drivers
v000000000169c800_0 .net *"_s72", 0 0, L_0000000001714090;  1 drivers
v000000000169a780_0 .net *"_s74", 0 0, L_0000000001714f00;  1 drivers
v000000000169bea0_0 .net *"_s76", 0 0, L_00000000017141e0;  1 drivers
v000000000169c9e0_0 .net *"_s78", 0 0, L_0000000001714cd0;  1 drivers
v000000000169aaa0_0 .net *"_s8", 0 0, L_0000000001715210;  1 drivers
v000000000169b7c0_0 .net *"_s80", 0 0, L_0000000001714870;  1 drivers
v000000000169bfe0_0 .net *"_s82", 0 0, L_0000000001714c60;  1 drivers
v000000000169ae60_0 .net *"_s86", 0 0, L_0000000001714fe0;  1 drivers
v000000000169bb80_0 .net *"_s88", 0 0, L_0000000001714b10;  1 drivers
v000000000169b0e0_0 .net *"_s90", 0 0, L_00000000017150c0;  1 drivers
v000000000169c6c0_0 .net *"_s92", 0 0, L_00000000017151a0;  1 drivers
v000000000169b2c0_0 .net *"_s94", 0 0, L_0000000001714250;  1 drivers
v000000000169bd60_0 .net *"_s96", 0 0, L_00000000017142c0;  1 drivers
v000000000169a820_0 .net *"_s98", 0 0, L_0000000001714330;  1 drivers
v000000000169a8c0_0 .net "a", 0 0, L_00000000017152f0;  1 drivers
v000000000169c080_0 .net "b", 0 0, L_0000000001714f70;  1 drivers
v000000000169abe0_0 .net "c", 0 0, L_0000000001714100;  1 drivers
v000000000169bf40_0 .net "d", 0 0, L_0000000001715b40;  1 drivers
v000000000169bcc0_0 .net "e", 0 0, L_00000000017168a0;  1 drivers
v000000000169a320_0 .net "f", 0 0, L_0000000001717a20;  1 drivers
v000000000169c300_0 .net "g", 0 0, L_0000000001716bb0;  1 drivers
v000000000169b9a0_0 .net "p", 0 0, L_0000000001716de0;  1 drivers
v000000000169b720_0 .net "point", 0 0, L_0000000001715a60;  alias, 1 drivers
S_0000000001241a40 .scope module, "cd" "clkdiv" 3 19, 5 1 0, S_000000000125af60;
 .timescale 0 0;
    .port_info 0 /INPUT 1 "clk";
    .port_info 1 /INPUT 1 "rst";
    .port_info 2 /OUTPUT 32 "clkdiv";
v000000000169c120_0 .net "clk", 0 0, v00000000016b3f70_0;  alias, 1 drivers
v000000000169b860_0 .var "clkdiv", 31 0;
v000000000169adc0_0 .net "rst", 0 0, L_00000000016bb2a8;  alias, 1 drivers
E_00000000012da170 .event posedge, v000000000169adc0_0, v000000000169c120_0;
S_0000000001241bd0 .scope module, "ds" "display_sync" 3 22, 6 1 0, S_000000000125af60;
 .timescale 0 0;
    .port_info 0 /INPUT 4 "I0";
    .port_info 1 /INPUT 4 "I1";
    .port_info 2 /INPUT 4 "I2";
    .port_info 3 /INPUT 4 "I3";
    .port_info 4 /INPUT 4 "points";
    .port_info 5 /INPUT 4 "LES";
    .port_info 6 /INPUT 2 "scan";
    .port_info 7 /OUTPUT 4 "Hex";
    .port_info 8 /OUTPUT 4 "AN";
    .port_info 9 /OUTPUT 1 "p";
    .port_info 10 /OUTPUT 1 "LE";
L_000000000170d1b0 .functor AND 1, L_00000000016b9650, L_00000000016b8430, C4<1>, C4<1>;
L_0000000001715d00 .functor AND 1, L_00000000016b96f0, L_00000000016b8bb0, C4<1>, C4<1>;
L_0000000001715bb0 .functor OR 1, L_000000000170d1b0, L_0000000001715d00, C4<0>, C4<0>;
L_0000000001715c20 .functor AND 1, L_00000000016b8c50, L_00000000016b9c90, C4<1>, C4<1>;
L_00000000017159f0 .functor OR 1, L_0000000001715bb0, L_0000000001715c20, C4<0>, C4<0>;
L_0000000001715c90 .functor AND 1, L_00000000016b8cf0, L_00000000016b98d0, C4<1>, C4<1>;
L_0000000001715a60 .functor OR 1, L_00000000017159f0, L_0000000001715c90, C4<0>, C4<0>;
L_0000000001715ad0 .functor AND 1, L_00000000016b84d0, L_00000000016b8570, C4<1>, C4<1>;
L_00000000017158a0 .functor AND 1, L_00000000016b86b0, L_00000000016b8d90, C4<1>, C4<1>;
L_0000000001715280 .functor OR 1, L_0000000001715ad0, L_00000000017158a0, C4<0>, C4<0>;
L_0000000001715600 .functor AND 1, L_00000000016b8750, L_00000000016b8ed0, C4<1>, C4<1>;
L_0000000001715830 .functor OR 1, L_0000000001715280, L_0000000001715600, C4<0>, C4<0>;
L_00000000017146b0 .functor AND 1, L_00000000016ba0f0, L_00000000016b9970, C4<1>, C4<1>;
L_0000000001715360 .functor OR 1, L_0000000001715830, L_00000000017146b0, C4<0>, C4<0>;
L_00000000017148e0 .functor NOT 4, L_00000000016b8390, C4<0000>, C4<0000>, C4<0000>;
v00000000016a01d0_0 .net "AN", 3 0, L_00000000017148e0;  alias, 1 drivers
v000000000169edd0_0 .net "Hex", 3 0, L_00000000016b9290;  alias, 1 drivers
v000000000169ee70_0 .net "I0", 3 0, v000000000169f5f0_0;  alias, 1 drivers
v000000000169ff50_0 .net "I1", 3 0, v00000000016ac9a0_0;  alias, 1 drivers
v00000000016a0090_0 .net "I2", 3 0, v00000000016ae020_0;  alias, 1 drivers
v000000000169ef10_0 .net "I3", 3 0, L_00000000016bb3c8;  alias, 1 drivers
v00000000016a0630_0 .net "LE", 0 0, L_0000000001715360;  alias, 1 drivers
v000000000169e290_0 .net "LES", 3 0, L_00000000016bb380;  alias, 1 drivers
v00000000016a0270_0 .net "M", 3 0, L_00000000016b8390;  1 drivers
v00000000016a04f0_0 .net *"_s1", 0 0, L_00000000016b9650;  1 drivers
v00000000016a0130_0 .net *"_s10", 0 0, L_0000000001715d00;  1 drivers
v000000000169e790_0 .net *"_s12", 0 0, L_0000000001715bb0;  1 drivers
v000000000169f9b0_0 .net *"_s15", 0 0, L_00000000016b8c50;  1 drivers
v000000000169f410_0 .net *"_s17", 0 0, L_00000000016b9c90;  1 drivers
v00000000016a0310_0 .net *"_s18", 0 0, L_0000000001715c20;  1 drivers
v00000000016a06d0_0 .net *"_s20", 0 0, L_00000000017159f0;  1 drivers
v000000000169e6f0_0 .net *"_s23", 0 0, L_00000000016b8cf0;  1 drivers
v000000000169efb0_0 .net *"_s25", 0 0, L_00000000016b98d0;  1 drivers
v00000000016a0810_0 .net *"_s26", 0 0, L_0000000001715c90;  1 drivers
v000000000169e830_0 .net *"_s3", 0 0, L_00000000016b8430;  1 drivers
v00000000016a03b0_0 .net *"_s31", 0 0, L_00000000016b84d0;  1 drivers
v00000000016a0950_0 .net *"_s33", 0 0, L_00000000016b8570;  1 drivers
v000000000169eab0_0 .net *"_s34", 0 0, L_0000000001715ad0;  1 drivers
v000000000169f870_0 .net *"_s37", 0 0, L_00000000016b86b0;  1 drivers
v00000000016a0450_0 .net *"_s39", 0 0, L_00000000016b8d90;  1 drivers
v000000000169f050_0 .net *"_s4", 0 0, L_000000000170d1b0;  1 drivers
v000000000169fb90_0 .net *"_s40", 0 0, L_00000000017158a0;  1 drivers
v000000000169f0f0_0 .net *"_s42", 0 0, L_0000000001715280;  1 drivers
v00000000016a0770_0 .net *"_s45", 0 0, L_00000000016b8750;  1 drivers
v000000000169f4b0_0 .net *"_s47", 0 0, L_00000000016b8ed0;  1 drivers
v000000000169fd70_0 .net *"_s48", 0 0, L_0000000001715600;  1 drivers
v000000000169e8d0_0 .net *"_s50", 0 0, L_0000000001715830;  1 drivers
v000000000169e970_0 .net *"_s53", 0 0, L_00000000016ba0f0;  1 drivers
v000000000169fc30_0 .net *"_s55", 0 0, L_00000000016b9970;  1 drivers
v00000000016a09f0_0 .net *"_s56", 0 0, L_00000000017146b0;  1 drivers
v000000000169e330_0 .net *"_s7", 0 0, L_00000000016b96f0;  1 drivers
v000000000169e470_0 .net *"_s9", 0 0, L_00000000016b8bb0;  1 drivers
v000000000169e510_0 .net "p", 0 0, L_0000000001715a60;  alias, 1 drivers
v000000000169e5b0_0 .net "points", 3 0, L_00000000016bb380;  alias, 1 drivers
v000000000169e650_0 .net "scan", 1 0, L_00000000016b9a10;  1 drivers
L_00000000016b9650 .part L_00000000016b8390, 0, 1;
L_00000000016b8430 .part L_00000000016bb380, 0, 1;
L_00000000016b96f0 .part L_00000000016b8390, 1, 1;
L_00000000016b8bb0 .part L_00000000016bb380, 1, 1;
L_00000000016b8c50 .part L_00000000016b8390, 2, 1;
L_00000000016b9c90 .part L_00000000016bb380, 2, 1;
L_00000000016b8cf0 .part L_00000000016b8390, 3, 1;
L_00000000016b98d0 .part L_00000000016bb380, 3, 1;
L_00000000016b84d0 .part L_00000000016b8390, 0, 1;
L_00000000016b8570 .part L_00000000016bb380, 0, 1;
L_00000000016b86b0 .part L_00000000016b8390, 1, 1;
L_00000000016b8d90 .part L_00000000016bb380, 1, 1;
L_00000000016b8750 .part L_00000000016b8390, 2, 1;
L_00000000016b8ed0 .part L_00000000016bb380, 2, 1;
L_00000000016ba0f0 .part L_00000000016b8390, 3, 1;
L_00000000016b9970 .part L_00000000016bb380, 3, 1;
S_0000000001242ff0 .scope module, "Muxb4" "Mux_4_1_b4" 6 7, 7 12 0, S_0000000001241bd0;
 .timescale 0 0;
    .port_info 0 /INPUT 2 "s";
    .port_info 1 /INPUT 4 "I0";
    .port_info 2 /INPUT 4 "I1";
    .port_info 3 /INPUT 4 "I2";
    .port_info 4 /INPUT 4 "I3";
    .port_info 5 /OUTPUT 4 "o";
L_000000000170ba10 .functor AND 1, L_00000000016ba4b0, L_00000000016b91f0, C4<1>, C4<1>;
L_000000000170c030 .functor AND 1, L_00000000016b8610, L_00000000016b9150, C4<1>, C4<1>;
L_000000000170c6c0 .functor OR 1, L_000000000170ba10, L_000000000170c030, C4<0>, C4<0>;
L_000000000170cb90 .functor AND 1, L_00000000016b89d0, L_00000000016ba730, C4<1>, C4<1>;
L_000000000170c2d0 .functor OR 1, L_000000000170c6c0, L_000000000170cb90, C4<0>, C4<0>;
L_000000000170c0a0 .functor AND 1, L_00000000016ba410, L_00000000016b95b0, C4<1>, C4<1>;
L_000000000170cd50 .functor OR 1, L_000000000170c2d0, L_000000000170c0a0, C4<0>, C4<0>;
L_000000000170b930 .functor AND 1, L_00000000016b8a70, L_00000000016ba690, C4<1>, C4<1>;
L_000000000170cdc0 .functor AND 1, L_00000000016b87f0, L_00000000016ba050, C4<1>, C4<1>;
L_000000000170ba80 .functor OR 1, L_000000000170b930, L_000000000170cdc0, C4<0>, C4<0>;
L_000000000170b8c0 .functor AND 1, L_00000000016b9010, L_00000000016ba870, C4<1>, C4<1>;
L_000000000170b540 .functor OR 1, L_000000000170ba80, L_000000000170b8c0, C4<0>, C4<0>;
L_000000000170c110 .functor AND 1, L_00000000016b90b0, L_00000000016ba190, C4<1>, C4<1>;
L_000000000170c180 .functor OR 1, L_000000000170b540, L_000000000170c110, C4<0>, C4<0>;
L_000000000170c500 .functor AND 1, L_00000000016b9330, L_00000000016b8890, C4<1>, C4<1>;
L_000000000170c730 .functor AND 1, L_00000000016b9bf0, L_00000000016b9fb0, C4<1>, C4<1>;
L_000000000170c5e0 .functor OR 1, L_000000000170c500, L_000000000170c730, C4<0>, C4<0>;
L_000000000170c340 .functor AND 1, L_00000000016ba370, L_00000000016b9b50, C4<1>, C4<1>;
L_000000000170c7a0 .functor OR 1, L_000000000170c5e0, L_000000000170c340, C4<0>, C4<0>;
L_000000000170b5b0 .functor AND 1, L_00000000016b93d0, L_00000000016b9470, C4<1>, C4<1>;
L_000000000170c490 .functor OR 1, L_000000000170c7a0, L_000000000170b5b0, C4<0>, C4<0>;
L_000000000170b620 .functor AND 1, L_00000000016b9f10, L_00000000016ba7d0, C4<1>, C4<1>;
L_000000000170baf0 .functor AND 1, L_00000000016b9d30, L_00000000016ba910, C4<1>, C4<1>;
L_000000000170c650 .functor OR 1, L_000000000170b620, L_000000000170baf0, C4<0>, C4<0>;
L_000000000170b700 .functor AND 1, L_00000000016ba550, L_00000000016b8e30, C4<1>, C4<1>;
L_000000000170c810 .functor OR 1, L_000000000170c650, L_000000000170b700, C4<0>, C4<0>;
L_000000000170b7e0 .functor AND 1, L_00000000016b8f70, L_00000000016ba5f0, C4<1>, C4<1>;
L_000000000170b850 .functor OR 1, L_000000000170c810, L_000000000170b7e0, C4<0>, C4<0>;
v000000000169ce40_0 .net "I0", 3 0, v000000000169f5f0_0;  alias, 1 drivers
v000000000169d0c0_0 .net "I1", 3 0, v00000000016ac9a0_0;  alias, 1 drivers
v000000000169cc60_0 .net "I2", 3 0, v00000000016ae020_0;  alias, 1 drivers
v000000000169de80_0 .net "I3", 3 0, L_00000000016bb3c8;  alias, 1 drivers
v000000000169dde0_0 .net "Muxer", 3 0, L_00000000016b6450;  1 drivers
v000000000169dfc0_0 .net *"_s100", 0 0, L_00000000016b9f10;  1 drivers
v000000000169e060_0 .net *"_s102", 0 0, L_00000000016ba7d0;  1 drivers
v000000000169cf80_0 .net *"_s103", 0 0, L_000000000170b620;  1 drivers
v000000000169d5c0_0 .net *"_s106", 0 0, L_00000000016b9d30;  1 drivers
v000000000169d700_0 .net *"_s108", 0 0, L_00000000016ba910;  1 drivers
v000000000169d160_0 .net *"_s109", 0 0, L_000000000170baf0;  1 drivers
v000000000169d200_0 .net *"_s11", 0 0, L_00000000016b9150;  1 drivers
v000000000169cd00_0 .net *"_s111", 0 0, L_000000000170c650;  1 drivers
v000000000169cda0_0 .net *"_s114", 0 0, L_00000000016ba550;  1 drivers
v000000000169d840_0 .net *"_s116", 0 0, L_00000000016b8e30;  1 drivers
v000000000169e100_0 .net *"_s117", 0 0, L_000000000170b700;  1 drivers
v000000000169df20_0 .net *"_s119", 0 0, L_000000000170c810;  1 drivers
v000000000169ca80_0 .net *"_s12", 0 0, L_000000000170c030;  1 drivers
v000000000169d520_0 .net *"_s122", 0 0, L_00000000016b8f70;  1 drivers
v000000000169d2a0_0 .net *"_s124", 0 0, L_00000000016ba5f0;  1 drivers
v000000000169d340_0 .net *"_s125", 0 0, L_000000000170b7e0;  1 drivers
v000000000169dd40_0 .net *"_s127", 0 0, L_000000000170b850;  1 drivers
v000000000169dc00_0 .net *"_s14", 0 0, L_000000000170c6c0;  1 drivers
v000000000169dac0_0 .net *"_s17", 0 0, L_00000000016b89d0;  1 drivers
v000000000169cb20_0 .net *"_s19", 0 0, L_00000000016ba730;  1 drivers
v000000000169cbc0_0 .net *"_s20", 0 0, L_000000000170cb90;  1 drivers
v000000000169d980_0 .net *"_s22", 0 0, L_000000000170c2d0;  1 drivers
v000000000169cee0_0 .net *"_s25", 0 0, L_00000000016ba410;  1 drivers
v000000000169d660_0 .net *"_s27", 0 0, L_00000000016b95b0;  1 drivers
v000000000169d7a0_0 .net *"_s28", 0 0, L_000000000170c0a0;  1 drivers
v000000000169d8e0_0 .net *"_s3", 0 0, L_00000000016ba4b0;  1 drivers
v000000000169da20_0 .net *"_s30", 0 0, L_000000000170cd50;  1 drivers
v000000000169db60_0 .net *"_s35", 0 0, L_00000000016b8a70;  1 drivers
v00000000016a1490_0 .net *"_s37", 0 0, L_00000000016ba690;  1 drivers
v00000000016a1a30_0 .net *"_s38", 0 0, L_000000000170b930;  1 drivers
v00000000016a1e90_0 .net *"_s41", 0 0, L_00000000016b87f0;  1 drivers
v00000000016a0d10_0 .net *"_s43", 0 0, L_00000000016ba050;  1 drivers
v00000000016a0ef0_0 .net *"_s44", 0 0, L_000000000170cdc0;  1 drivers
v00000000016a1d50_0 .net *"_s46", 0 0, L_000000000170ba80;  1 drivers
v00000000016a0db0_0 .net *"_s49", 0 0, L_00000000016b9010;  1 drivers
v00000000016a18f0_0 .net *"_s5", 0 0, L_00000000016b91f0;  1 drivers
v00000000016a1cb0_0 .net *"_s51", 0 0, L_00000000016ba870;  1 drivers
v00000000016a1530_0 .net *"_s52", 0 0, L_000000000170b8c0;  1 drivers
v00000000016a0bd0_0 .net *"_s54", 0 0, L_000000000170b540;  1 drivers
v00000000016a12b0_0 .net *"_s57", 0 0, L_00000000016b90b0;  1 drivers
v00000000016a10d0_0 .net *"_s59", 0 0, L_00000000016ba190;  1 drivers
v00000000016a1350_0 .net *"_s6", 0 0, L_000000000170ba10;  1 drivers
v00000000016a0f90_0 .net *"_s60", 0 0, L_000000000170c110;  1 drivers
v00000000016a1030_0 .net *"_s62", 0 0, L_000000000170c180;  1 drivers
v00000000016a17b0_0 .net *"_s67", 0 0, L_00000000016b9330;  1 drivers
v00000000016a0e50_0 .net *"_s69", 0 0, L_00000000016b8890;  1 drivers
v00000000016a1fd0_0 .net *"_s70", 0 0, L_000000000170c500;  1 drivers
v00000000016a1170_0 .net *"_s73", 0 0, L_00000000016b9bf0;  1 drivers
v00000000016a1b70_0 .net *"_s75", 0 0, L_00000000016b9fb0;  1 drivers
v00000000016a1df0_0 .net *"_s76", 0 0, L_000000000170c730;  1 drivers
v00000000016a1990_0 .net *"_s78", 0 0, L_000000000170c5e0;  1 drivers
v00000000016a1710_0 .net *"_s81", 0 0, L_00000000016ba370;  1 drivers
v00000000016a1850_0 .net *"_s83", 0 0, L_00000000016b9b50;  1 drivers
v00000000016a0c70_0 .net *"_s84", 0 0, L_000000000170c340;  1 drivers
v00000000016a1f30_0 .net *"_s86", 0 0, L_000000000170c7a0;  1 drivers
v00000000016a1210_0 .net *"_s89", 0 0, L_00000000016b93d0;  1 drivers
v00000000016a13f0_0 .net *"_s9", 0 0, L_00000000016b8610;  1 drivers
v00000000016a15d0_0 .net *"_s91", 0 0, L_00000000016b9470;  1 drivers
v00000000016a1670_0 .net *"_s92", 0 0, L_000000000170b5b0;  1 drivers
v00000000016a1ad0_0 .net *"_s94", 0 0, L_000000000170c490;  1 drivers
v00000000016a1c10_0 .net "o", 3 0, L_00000000016b9290;  alias, 1 drivers
v00000000016a2070_0 .net "s", 1 0, L_00000000016b9a10;  alias, 1 drivers
L_00000000016ba4b0 .part L_00000000016b6450, 0, 1;
L_00000000016b91f0 .part v000000000169f5f0_0, 0, 1;
L_00000000016b8610 .part L_00000000016b6450, 1, 1;
L_00000000016b9150 .part v00000000016ac9a0_0, 0, 1;
L_00000000016b89d0 .part L_00000000016b6450, 2, 1;
L_00000000016ba730 .part v00000000016ae020_0, 0, 1;
L_00000000016ba410 .part L_00000000016b6450, 3, 1;
L_00000000016b95b0 .part L_00000000016bb3c8, 0, 1;
L_00000000016b8a70 .part L_00000000016b6450, 0, 1;
L_00000000016ba690 .part v000000000169f5f0_0, 1, 1;
L_00000000016b87f0 .part L_00000000016b6450, 1, 1;
L_00000000016ba050 .part v00000000016ac9a0_0, 1, 1;
L_00000000016b9010 .part L_00000000016b6450, 2, 1;
L_00000000016ba870 .part v00000000016ae020_0, 1, 1;
L_00000000016b90b0 .part L_00000000016b6450, 3, 1;
L_00000000016ba190 .part L_00000000016bb3c8, 1, 1;
L_00000000016b9330 .part L_00000000016b6450, 0, 1;
L_00000000016b8890 .part v000000000169f5f0_0, 2, 1;
L_00000000016b9bf0 .part L_00000000016b6450, 1, 1;
L_00000000016b9fb0 .part v00000000016ac9a0_0, 2, 1;
L_00000000016ba370 .part L_00000000016b6450, 2, 1;
L_00000000016b9b50 .part v00000000016ae020_0, 2, 1;
L_00000000016b93d0 .part L_00000000016b6450, 3, 1;
L_00000000016b9470 .part L_00000000016bb3c8, 2, 1;
L_00000000016b9290 .concat8 [ 1 1 1 1], L_000000000170cd50, L_000000000170c180, L_000000000170c490, L_000000000170b850;
L_00000000016b9f10 .part L_00000000016b6450, 0, 1;
L_00000000016ba7d0 .part v000000000169f5f0_0, 3, 1;
L_00000000016b9d30 .part L_00000000016b6450, 1, 1;
L_00000000016ba910 .part v00000000016ac9a0_0, 3, 1;
L_00000000016ba550 .part L_00000000016b6450, 2, 1;
L_00000000016b8e30 .part v00000000016ae020_0, 3, 1;
L_00000000016b8f70 .part L_00000000016b6450, 3, 1;
L_00000000016ba5f0 .part L_00000000016bb3c8, 3, 1;
S_0000000001243180 .scope module, "Decoder" "decoder_2_4" 7 18, 7 1 0, S_0000000001242ff0;
 .timescale 0 0;
    .port_info 0 /INPUT 2 "s";
    .port_info 1 /OUTPUT 4 "outp";
L_000000000170c420 .functor NOT 1, L_00000000016b5b90, C4<0>, C4<0>, C4<0>;
L_000000000170c3b0 .functor NOT 1, L_00000000016b5c30, C4<0>, C4<0>, C4<0>;
L_000000000170c570 .functor AND 1, L_000000000170c420, L_000000000170c3b0, C4<1>, C4<1>;
L_000000000170bfc0 .functor NOT 1, L_00000000016b5ff0, C4<0>, C4<0>, C4<0>;
L_000000000170d0d0 .functor AND 1, L_00000000016b5eb0, L_000000000170bfc0, C4<1>, C4<1>;
L_000000000170ca40 .functor NOT 1, L_00000000016b6130, C4<0>, C4<0>, C4<0>;
L_000000000170c1f0 .functor AND 1, L_000000000170ca40, L_00000000016b63b0, C4<1>, C4<1>;
L_000000000170b770 .functor AND 1, L_00000000016b6590, L_00000000016b9790, C4<1>, C4<1>;
v000000000169a500_0 .net *"_s10", 0 0, L_000000000170c570;  1 drivers
v000000000169b360_0 .net *"_s15", 0 0, L_00000000016b5eb0;  1 drivers
v000000000169b400_0 .net *"_s17", 0 0, L_00000000016b5ff0;  1 drivers
v000000000169c440_0 .net *"_s18", 0 0, L_000000000170bfc0;  1 drivers
v000000000169a5a0_0 .net *"_s20", 0 0, L_000000000170d0d0;  1 drivers
v000000000169c620_0 .net *"_s25", 0 0, L_00000000016b6130;  1 drivers
v000000000169b540_0 .net *"_s26", 0 0, L_000000000170ca40;  1 drivers
v000000000169a640_0 .net *"_s29", 0 0, L_00000000016b63b0;  1 drivers
v000000000169b5e0_0 .net *"_s3", 0 0, L_00000000016b5b90;  1 drivers
v000000000169b680_0 .net *"_s30", 0 0, L_000000000170c1f0;  1 drivers
v000000000169b900_0 .net *"_s36", 0 0, L_00000000016b6590;  1 drivers
v000000000169ba40_0 .net *"_s38", 0 0, L_00000000016b9790;  1 drivers
v000000000169bae0_0 .net *"_s39", 0 0, L_000000000170b770;  1 drivers
v000000000169be00_0 .net *"_s4", 0 0, L_000000000170c420;  1 drivers
v000000000169d3e0_0 .net *"_s7", 0 0, L_00000000016b5c30;  1 drivers
v000000000169d480_0 .net *"_s8", 0 0, L_000000000170c3b0;  1 drivers
v000000000169dca0_0 .net "outp", 3 0, L_00000000016b6450;  alias, 1 drivers
v000000000169d020_0 .net "s", 1 0, L_00000000016b9a10;  alias, 1 drivers
L_00000000016b5b90 .part L_00000000016b9a10, 0, 1;
L_00000000016b5c30 .part L_00000000016b9a10, 1, 1;
L_00000000016b5eb0 .part L_00000000016b9a10, 0, 1;
L_00000000016b5ff0 .part L_00000000016b9a10, 1, 1;
L_00000000016b6130 .part L_00000000016b9a10, 0, 1;
L_00000000016b63b0 .part L_00000000016b9a10, 1, 1;
L_00000000016b6450 .concat8 [ 1 1 1 1], L_000000000170c570, L_000000000170d0d0, L_000000000170c1f0, L_000000000170b770;
L_00000000016b6590 .part L_00000000016b9a10, 0, 1;
L_00000000016b9790 .part L_00000000016b9a10, 1, 1;
S_000000000123d300 .scope module, "d24_1" "decoder_2_4" 6 10, 7 1 0, S_0000000001241bd0;
 .timescale 0 0;
    .port_info 0 /INPUT 2 "s";
    .port_info 1 /OUTPUT 4 "outp";
L_000000000170bbd0 .functor NOT 1, L_00000000016b8930, C4<0>, C4<0>, C4<0>;
L_000000000170d3e0 .functor NOT 1, L_00000000016ba9b0, C4<0>, C4<0>, C4<0>;
L_000000000170d220 .functor AND 1, L_000000000170bbd0, L_000000000170d3e0, C4<1>, C4<1>;
L_000000000170d300 .functor NOT 1, L_00000000016b9510, C4<0>, C4<0>, C4<0>;
L_000000000170d370 .functor AND 1, L_00000000016b9ab0, L_000000000170d300, C4<1>, C4<1>;
L_000000000170d290 .functor NOT 1, L_00000000016baa50, C4<0>, C4<0>, C4<0>;
L_000000000170d450 .functor AND 1, L_000000000170d290, L_00000000016b82f0, C4<1>, C4<1>;
L_000000000170d140 .functor AND 1, L_00000000016b8b10, L_00000000016b9830, C4<1>, C4<1>;
v00000000016a2110_0 .net *"_s10", 0 0, L_000000000170d220;  1 drivers
v00000000016a0a90_0 .net *"_s15", 0 0, L_00000000016b9ab0;  1 drivers
v00000000016a0b30_0 .net *"_s17", 0 0, L_00000000016b9510;  1 drivers
v00000000016a08b0_0 .net *"_s18", 0 0, L_000000000170d300;  1 drivers
v000000000169fe10_0 .net *"_s20", 0 0, L_000000000170d370;  1 drivers
v000000000169f7d0_0 .net *"_s25", 0 0, L_00000000016baa50;  1 drivers
v000000000169feb0_0 .net *"_s26", 0 0, L_000000000170d290;  1 drivers
v000000000169e3d0_0 .net *"_s29", 0 0, L_00000000016b82f0;  1 drivers
v000000000169ed30_0 .net *"_s3", 0 0, L_00000000016b8930;  1 drivers
v000000000169ebf0_0 .net *"_s30", 0 0, L_000000000170d450;  1 drivers
v00000000016a0590_0 .net *"_s36", 0 0, L_00000000016b8b10;  1 drivers
v000000000169ea10_0 .net *"_s38", 0 0, L_00000000016b9830;  1 drivers
v000000000169f2d0_0 .net *"_s39", 0 0, L_000000000170d140;  1 drivers
v000000000169ec90_0 .net *"_s4", 0 0, L_000000000170bbd0;  1 drivers
v000000000169eb50_0 .net *"_s7", 0 0, L_00000000016ba9b0;  1 drivers
v000000000169fff0_0 .net *"_s8", 0 0, L_000000000170d3e0;  1 drivers
v000000000169f730_0 .net "outp", 3 0, L_00000000016b8390;  alias, 1 drivers
v000000000169f370_0 .net "s", 1 0, L_00000000016b9a10;  alias, 1 drivers
L_00000000016b8930 .part L_00000000016b9a10, 0, 1;
L_00000000016ba9b0 .part L_00000000016b9a10, 1, 1;
L_00000000016b9ab0 .part L_00000000016b9a10, 0, 1;
L_00000000016b9510 .part L_00000000016b9a10, 1, 1;
L_00000000016baa50 .part L_00000000016b9a10, 0, 1;
L_00000000016b82f0 .part L_00000000016b9a10, 1, 1;
L_00000000016b8390 .concat8 [ 1 1 1 1], L_000000000170d220, L_000000000170d370, L_000000000170d450, L_000000000170d140;
L_00000000016b8b10 .part L_00000000016b9a10, 0, 1;
L_00000000016b9830 .part L_00000000016b9a10, 1, 1;
S_00000000012338f0 .scope module, "numc" "create_number" 3 20, 8 44 0, S_000000000125af60;
 .timescale 0 0;
    .port_info 0 /INPUT 1 "clk";
    .port_info 1 /INPUT 1 "clk_1ms";
    .port_info 2 /INPUT 10 "SW";
    .port_info 3 /OUTPUT 4 "n0";
    .port_info 4 /OUTPUT 4 "n1";
    .port_info 5 /OUTPUT 4 "n2";
    .port_info 6 /OUTPUT 4 "n3";
v00000000016aa240_0 .net "Co", 0 0, L_00000000016b6f90;  1 drivers
v00000000016aa560_0 .net "CoA", 0 0, L_000000000127e840;  1 drivers
v00000000016aae20_0 .net "CoB", 0 0, L_0000000001704560;  1 drivers
v00000000016aa380_0 .net "INA", 3 0, L_00000000016b78f0;  1 drivers
v00000000016ab0a0_0 .net "INB", 3 0, L_00000000016b5af0;  1 drivers
v00000000016ab1e0_0 .net "INC", 3 0, L_00000000016b8070;  1 drivers
v00000000016aa420_0 .net "SW", 9 0, v00000000016b43d0_0;  alias, 1 drivers
v00000000016aa600_0 .net *"_s21", 0 0, L_00000000016b7990;  1 drivers
v00000000016a9de0_0 .net *"_s25", 0 0, L_00000000016b7ad0;  1 drivers
v00000000016aa920_0 .net *"_s29", 0 0, L_00000000016b7f30;  1 drivers
v00000000016aa6a0_0 .net "addA", 3 0, L_00000000016b3d90;  1 drivers
v00000000016aa740_0 .net "addB", 3 0, L_00000000016b48d0;  1 drivers
v00000000016ab8c0_0 .net "calcAB", 3 0, L_00000000016b73f0;  1 drivers
v00000000016ab280_0 .net "chosenABC", 3 0, L_00000000016b72b0;  1 drivers
v00000000016aa880_0 .net "clk", 0 0, v00000000016b3f70_0;  alias, 1 drivers
v00000000016ab960_0 .net "clk_1ms", 0 0, L_00000000016b8110;  1 drivers
v00000000016aba00_0 .net "n0", 3 0, v000000000169f5f0_0;  alias, 1 drivers
v00000000016abaa0_0 .net "n1", 3 0, v00000000016ac9a0_0;  alias, 1 drivers
v00000000016abbe0_0 .net "n2", 3 0, v00000000016ae020_0;  alias, 1 drivers
v00000000016abc80_0 .net "n3", 3 0, L_00000000016bb3c8;  alias, 1 drivers
L_00000000016b32f0 .part v00000000016b43d0_0, 2, 1;
L_00000000016b5230 .part v00000000016b43d0_0, 3, 1;
L_00000000016b5550 .part v00000000016b43d0_0, 4, 1;
L_00000000016b46f0 .part v00000000016b43d0_0, 0, 1;
L_00000000016b5050 .part v00000000016b43d0_0, 1, 1;
L_00000000016b6ef0 .part v00000000016b43d0_0, 5, 2;
L_00000000016b77b0 .part v00000000016b43d0_0, 7, 2;
L_00000000016b7990 .part v00000000016b43d0_0, 9, 1;
L_00000000016b78f0 .functor MUXZ 4, L_00000000016b3d90, L_00000000016b72b0, L_00000000016b7990, C4<>;
L_00000000016b7ad0 .part v00000000016b43d0_0, 9, 1;
L_00000000016b5af0 .functor MUXZ 4, L_00000000016b48d0, L_00000000016b72b0, L_00000000016b7ad0, C4<>;
L_00000000016b7f30 .part v00000000016b43d0_0, 9, 1;
L_00000000016b8070 .functor MUXZ 4, L_00000000016b73f0, L_00000000016b72b0, L_00000000016b7f30, C4<>;
S_0000000001233a80 .scope module, "A" "loadreg" 8 53, 8 19 0, S_00000000012338f0;
 .timescale 0 0;
    .port_info 0 /INPUT 1 "clk";
    .port_info 1 /INPUT 1 "clk_1ms";
    .port_info 2 /INPUT 1 "btn";
    .port_info 3 /INPUT 4 "IN";
    .port_info 4 /OUTPUT 4 "A";
v000000000169f5f0_0 .var "A", 3 0;
v000000000169f690_0 .net "IN", 3 0, L_00000000016b78f0;  alias, 1 drivers
v000000000169f910_0 .net "btn", 0 0, L_00000000016b32f0;  1 drivers
v000000000169fa50_0 .net "clk", 0 0, v00000000016b3f70_0;  alias, 1 drivers
v000000000169faf0_0 .net "clk_1ms", 0 0, L_00000000016b8110;  alias, 1 drivers
v00000000016a5540_0 .var "load", 0 0;
v00000000016a4fa0_0 .var "old_btn", 0 0;
v00000000016a54a0_0 .net "out_btn", 0 0, v000000000169f230_0;  1 drivers
E_00000000012d9ff0 .event posedge, v000000000169c120_0;
S_0000000001229f90 .scope module, "pdb" "pbdebounce" 8 31, 8 1 0, S_0000000001233a80;
 .timescale 0 0;
    .port_info 0 /INPUT 1 "clk_1ms";
    .port_info 1 /INPUT 1 "I";
    .port_info 2 /OUTPUT 1 "O";
v000000000169f190_0 .net "I", 0 0, L_00000000016b32f0;  alias, 1 drivers
v000000000169f230_0 .var "O", 0 0;
v000000000169fcd0_0 .net "clk_1ms", 0 0, L_00000000016b8110;  alias, 1 drivers
v000000000169f550_0 .var "pbshift", 7 0;
E_00000000012d9d70 .event posedge, v000000000169fcd0_0;
S_000000000122a120 .scope module, "AddA" "Adder_4b" 8 56, 9 11 0, S_00000000012338f0;
 .timescale 0 0;
    .port_info 0 /INPUT 1 "op";
    .port_info 1 /INPUT 4 "A";
    .port_info 2 /INPUT 4 "B";
    .port_info 3 /OUTPUT 1 "Co";
    .port_info 4 /OUTPUT 4 "S";
L_00000000016bb410 .functor BUFT 1, C4<0001>, C4<0>, C4<0>, C4<0>;
L_000000000163f6b0 .functor XOR 4, L_00000000016b4470, L_00000000016bb410, C4<0000>, C4<0000>;
v00000000016a3880_0 .net "A", 3 0, v000000000169f5f0_0;  alias, 1 drivers
v00000000016a3740_0 .net "B", 3 0, L_00000000016bb410;  1 drivers
v00000000016a4320_0 .net "C", 3 1, L_00000000016b4e70;  1 drivers
v00000000016a3380_0 .net "Co", 0 0, L_000000000127e840;  alias, 1 drivers
v00000000016a27a0_0 .net "S", 3 0, L_00000000016b3d90;  alias, 1 drivers
v00000000016a3ba0_0 .net "op", 0 0, L_00000000016b46f0;  1 drivers
v00000000016a3420_0 .net "tB", 3 0, L_000000000163f6b0;  1 drivers
v00000000016a31a0_0 .net "temp_op", 3 0, L_00000000016b4470;  1 drivers
L_00000000016b4470 .concat [ 1 1 1 1], L_00000000016b46f0, L_00000000016b46f0, L_00000000016b46f0, L_00000000016b46f0;
L_00000000016b34d0 .part v000000000169f5f0_0, 0, 1;
L_00000000016b39d0 .part L_000000000163f6b0, 0, 1;
L_00000000016b3bb0 .part L_00000000016b4e70, 0, 1;
L_00000000016b57d0 .part v000000000169f5f0_0, 1, 1;
L_00000000016b3930 .part L_000000000163f6b0, 1, 1;
L_00000000016b4f10 .part L_00000000016b4e70, 1, 1;
L_00000000016b4970 .part v000000000169f5f0_0, 2, 1;
L_00000000016b4010 .part L_000000000163f6b0, 2, 1;
L_00000000016b4e70 .concat8 [ 1 1 1 0], L_000000000163f480, L_000000000163f330, L_000000000163fb10;
L_00000000016b4150 .part L_00000000016b4e70, 2, 1;
L_00000000016b4510 .part v000000000169f5f0_0, 3, 1;
L_00000000016b4650 .part L_000000000163f6b0, 3, 1;
L_00000000016b3d90 .concat8 [ 1 1 1 1], L_000000000163fe20, L_000000000163f8e0, L_000000000163f9c0, L_000000000127eae0;
S_00000000012521c0 .scope module, "A0" "Adder_1b" 9 23, 9 1 0, S_000000000122a120;
 .timescale 0 0;
    .port_info 0 /INPUT 1 "Ci";
    .port_info 1 /INPUT 1 "A";
    .port_info 2 /INPUT 1 "B";
    .port_info 3 /OUTPUT 1 "S";
    .port_info 4 /OUTPUT 1 "Co";
L_000000000163fdb0 .functor AND 1, L_00000000016b34d0, L_00000000016b39d0, C4<1>, C4<1>;
L_000000000163ffe0 .functor AND 1, L_00000000016b34d0, L_00000000016b46f0, C4<1>, C4<1>;
L_000000000163faa0 .functor OR 1, L_000000000163fdb0, L_000000000163ffe0, C4<0>, C4<0>;
L_000000000163f1e0 .functor AND 1, L_00000000016b46f0, L_00000000016b39d0, C4<1>, C4<1>;
L_000000000163f480 .functor OR 1, L_000000000163faa0, L_000000000163f1e0, C4<0>, C4<0>;
L_000000000163f410 .functor XOR 1, L_00000000016b34d0, L_00000000016b39d0, C4<0>, C4<0>;
L_000000000163fe20 .functor XOR 1, L_000000000163f410, L_00000000016b46f0, C4<0>, C4<0>;
v00000000016a5040_0 .net "A", 0 0, L_00000000016b34d0;  1 drivers
v00000000016a5360_0 .net "B", 0 0, L_00000000016b39d0;  1 drivers
v00000000016a4b40_0 .net "Ci", 0 0, L_00000000016b46f0;  alias, 1 drivers
v00000000016a5680_0 .net "Co", 0 0, L_000000000163f480;  1 drivers
v00000000016a55e0_0 .net "S", 0 0, L_000000000163fe20;  1 drivers
v00000000016a5cc0_0 .net *"_s0", 0 0, L_000000000163fdb0;  1 drivers
v00000000016a5720_0 .net *"_s10", 0 0, L_000000000163f410;  1 drivers
v00000000016a5900_0 .net *"_s2", 0 0, L_000000000163ffe0;  1 drivers
v00000000016a6120_0 .net *"_s4", 0 0, L_000000000163faa0;  1 drivers
v00000000016a52c0_0 .net *"_s6", 0 0, L_000000000163f1e0;  1 drivers
S_0000000001252350 .scope module, "A1" "Adder_1b" 9 24, 9 1 0, S_000000000122a120;
 .timescale 0 0;
    .port_info 0 /INPUT 1 "Ci";
    .port_info 1 /INPUT 1 "A";
    .port_info 2 /INPUT 1 "B";
    .port_info 3 /OUTPUT 1 "S";
    .port_info 4 /OUTPUT 1 "Co";
L_000000000163f250 .functor AND 1, L_00000000016b57d0, L_00000000016b3930, C4<1>, C4<1>;
L_000000000163f790 .functor AND 1, L_00000000016b57d0, L_00000000016b3bb0, C4<1>, C4<1>;
L_000000000163f640 .functor OR 1, L_000000000163f250, L_000000000163f790, C4<0>, C4<0>;
L_000000000163f2c0 .functor AND 1, L_00000000016b3bb0, L_00000000016b3930, C4<1>, C4<1>;
L_000000000163f330 .functor OR 1, L_000000000163f640, L_000000000163f2c0, C4<0>, C4<0>;
L_000000000163f3a0 .functor XOR 1, L_00000000016b57d0, L_00000000016b3930, C4<0>, C4<0>;
L_000000000163f8e0 .functor XOR 1, L_000000000163f3a0, L_00000000016b3bb0, C4<0>, C4<0>;
v00000000016a4e60_0 .net "A", 0 0, L_00000000016b57d0;  1 drivers
v00000000016a5fe0_0 .net "B", 0 0, L_00000000016b3930;  1 drivers
v00000000016a6080_0 .net "Ci", 0 0, L_00000000016b3bb0;  1 drivers
v00000000016a50e0_0 .net "Co", 0 0, L_000000000163f330;  1 drivers
v00000000016a5180_0 .net "S", 0 0, L_000000000163f8e0;  1 drivers
v00000000016a5220_0 .net *"_s0", 0 0, L_000000000163f250;  1 drivers
v00000000016a5d60_0 .net *"_s10", 0 0, L_000000000163f3a0;  1 drivers
v00000000016a5b80_0 .net *"_s2", 0 0, L_000000000163f790;  1 drivers
v00000000016a5a40_0 .net *"_s4", 0 0, L_000000000163f640;  1 drivers
v00000000016a5f40_0 .net *"_s6", 0 0, L_000000000163f2c0;  1 drivers
S_000000000124fd90 .scope module, "A2" "Adder_1b" 9 25, 9 1 0, S_000000000122a120;
 .timescale 0 0;
    .port_info 0 /INPUT 1 "Ci";
    .port_info 1 /INPUT 1 "A";
    .port_info 2 /INPUT 1 "B";
    .port_info 3 /OUTPUT 1 "S";
    .port_info 4 /OUTPUT 1 "Co";
L_000000000163f4f0 .functor AND 1, L_00000000016b4970, L_00000000016b4010, C4<1>, C4<1>;
L_000000000163f5d0 .functor AND 1, L_00000000016b4970, L_00000000016b4f10, C4<1>, C4<1>;
L_000000000163f720 .functor OR 1, L_000000000163f4f0, L_000000000163f5d0, C4<0>, C4<0>;
L_000000000163f800 .functor AND 1, L_00000000016b4f10, L_00000000016b4010, C4<1>, C4<1>;
L_000000000163fb10 .functor OR 1, L_000000000163f720, L_000000000163f800, C4<0>, C4<0>;
L_000000000163f950 .functor XOR 1, L_00000000016b4970, L_00000000016b4010, C4<0>, C4<0>;
L_000000000163f9c0 .functor XOR 1, L_000000000163f950, L_00000000016b4f10, C4<0>, C4<0>;
v00000000016a57c0_0 .net "A", 0 0, L_00000000016b4970;  1 drivers
v00000000016a4f00_0 .net "B", 0 0, L_00000000016b4010;  1 drivers
v00000000016a5400_0 .net "Ci", 0 0, L_00000000016b4f10;  1 drivers
v00000000016a5ae0_0 .net "Co", 0 0, L_000000000163fb10;  1 drivers
v00000000016a5860_0 .net "S", 0 0, L_000000000163f9c0;  1 drivers
v00000000016a5ea0_0 .net *"_s0", 0 0, L_000000000163f4f0;  1 drivers
v00000000016a59a0_0 .net *"_s10", 0 0, L_000000000163f950;  1 drivers
v00000000016a4aa0_0 .net *"_s2", 0 0, L_000000000163f5d0;  1 drivers
v00000000016a5c20_0 .net *"_s4", 0 0, L_000000000163f720;  1 drivers
v00000000016a5e00_0 .net *"_s6", 0 0, L_000000000163f800;  1 drivers
S_000000000124ff20 .scope module, "A3" "Adder_1b" 9 26, 9 1 0, S_000000000122a120;
 .timescale 0 0;
    .port_info 0 /INPUT 1 "Ci";
    .port_info 1 /INPUT 1 "A";
    .port_info 2 /INPUT 1 "B";
    .port_info 3 /OUTPUT 1 "S";
    .port_info 4 /OUTPUT 1 "Co";
L_000000000163fa30 .functor AND 1, L_00000000016b4510, L_00000000016b4650, C4<1>, C4<1>;
L_000000000163fb80 .functor AND 1, L_00000000016b4510, L_00000000016b4150, C4<1>, C4<1>;
L_000000000163fbf0 .functor OR 1, L_000000000163fa30, L_000000000163fb80, C4<0>, C4<0>;
L_000000000127ef40 .functor AND 1, L_00000000016b4150, L_00000000016b4650, C4<1>, C4<1>;
L_000000000127e840 .functor OR 1, L_000000000163fbf0, L_000000000127ef40, C4<0>, C4<0>;
L_000000000127ea70 .functor XOR 1, L_00000000016b4510, L_00000000016b4650, C4<0>, C4<0>;
L_000000000127eae0 .functor XOR 1, L_000000000127ea70, L_00000000016b4150, C4<0>, C4<0>;
v00000000016a4be0_0 .net "A", 0 0, L_00000000016b4510;  1 drivers
v00000000016a4c80_0 .net "B", 0 0, L_00000000016b4650;  1 drivers
v00000000016a4d20_0 .net "Ci", 0 0, L_00000000016b4150;  1 drivers
v00000000016a4dc0_0 .net "Co", 0 0, L_000000000127e840;  alias, 1 drivers
v00000000016a46e0_0 .net "S", 0 0, L_000000000127eae0;  1 drivers
v00000000016a32e0_0 .net *"_s0", 0 0, L_000000000163fa30;  1 drivers
v00000000016a3d80_0 .net *"_s10", 0 0, L_000000000127ea70;  1 drivers
v00000000016a2700_0 .net *"_s2", 0 0, L_000000000163fb80;  1 drivers
v00000000016a28e0_0 .net *"_s4", 0 0, L_000000000163fbf0;  1 drivers
v00000000016a2c00_0 .net *"_s6", 0 0, L_000000000127ef40;  1 drivers
S_0000000001258b30 .scope module, "AddB" "Adder_4b" 8 57, 9 11 0, S_00000000012338f0;
 .timescale 0 0;
    .port_info 0 /INPUT 1 "op";
    .port_info 1 /INPUT 4 "A";
    .port_info 2 /INPUT 4 "B";
    .port_info 3 /OUTPUT 1 "Co";
    .port_info 4 /OUTPUT 4 "S";
L_00000000016bb458 .functor BUFT 1, C4<0001>, C4<0>, C4<0>, C4<0>;
L_000000000127eb50 .functor XOR 4, L_00000000016b5190, L_00000000016bb458, C4<0000>, C4<0000>;
v00000000016a3a60_0 .net "A", 3 0, v00000000016ac9a0_0;  alias, 1 drivers
v00000000016a4640_0 .net "B", 3 0, L_00000000016bb458;  1 drivers
v00000000016a43c0_0 .net "C", 3 1, L_00000000016b4830;  1 drivers
v00000000016a3c40_0 .net "Co", 0 0, L_0000000001704560;  alias, 1 drivers
v00000000016a4500_0 .net "S", 3 0, L_00000000016b48d0;  alias, 1 drivers
v00000000016a2340_0 .net "op", 0 0, L_00000000016b5050;  1 drivers
v00000000016a2480_0 .net "tB", 3 0, L_000000000127eb50;  1 drivers
v00000000016a2520_0 .net "temp_op", 3 0, L_00000000016b5190;  1 drivers
L_00000000016b5190 .concat [ 1 1 1 1], L_00000000016b5050, L_00000000016b5050, L_00000000016b5050, L_00000000016b5050;
L_00000000016b4d30 .part v00000000016ac9a0_0, 0, 1;
L_00000000016b4bf0 .part L_000000000127eb50, 0, 1;
L_00000000016b3c50 .part L_00000000016b4830, 0, 1;
L_00000000016b4fb0 .part v00000000016ac9a0_0, 1, 1;
L_00000000016b3430 .part L_000000000127eb50, 1, 1;
L_00000000016b4dd0 .part L_00000000016b4830, 1, 1;
L_00000000016b3390 .part v00000000016ac9a0_0, 2, 1;
L_00000000016b4790 .part L_000000000127eb50, 2, 1;
L_00000000016b4830 .concat8 [ 1 1 1 0], L_0000000001704250, L_0000000001704790, L_0000000001704170;
L_00000000016b4b50 .part L_00000000016b4830, 2, 1;
L_00000000016b37f0 .part v00000000016ac9a0_0, 3, 1;
L_00000000016b3890 .part L_000000000127eb50, 3, 1;
L_00000000016b48d0 .concat8 [ 1 1 1 1], L_0000000001703a00, L_00000000017038b0, L_00000000017048e0, L_00000000017034c0;
S_00000000016a6d90 .scope module, "A0" "Adder_1b" 9 23, 9 1 0, S_0000000001258b30;
 .timescale 0 0;
    .port_info 0 /INPUT 1 "Ci";
    .port_info 1 /INPUT 1 "A";
    .port_info 2 /INPUT 1 "B";
    .port_info 3 /OUTPUT 1 "S";
    .port_info 4 /OUTPUT 1 "Co";
L_000000000127ee60 .functor AND 1, L_00000000016b4d30, L_00000000016b4bf0, C4<1>, C4<1>;
L_0000000001704090 .functor AND 1, L_00000000016b4d30, L_00000000016b5050, C4<1>, C4<1>;
L_0000000001704020 .functor OR 1, L_000000000127ee60, L_0000000001704090, C4<0>, C4<0>;
L_0000000001704720 .functor AND 1, L_00000000016b5050, L_00000000016b4bf0, C4<1>, C4<1>;
L_0000000001704250 .functor OR 1, L_0000000001704020, L_0000000001704720, C4<0>, C4<0>;
L_0000000001703450 .functor XOR 1, L_00000000016b4d30, L_00000000016b4bf0, C4<0>, C4<0>;
L_0000000001703a00 .functor XOR 1, L_0000000001703450, L_00000000016b5050, C4<0>, C4<0>;
v00000000016a4820_0 .net "A", 0 0, L_00000000016b4d30;  1 drivers
v00000000016a3ce0_0 .net "B", 0 0, L_00000000016b4bf0;  1 drivers
v00000000016a34c0_0 .net "Ci", 0 0, L_00000000016b5050;  alias, 1 drivers
v00000000016a23e0_0 .net "Co", 0 0, L_0000000001704250;  1 drivers
v00000000016a4780_0 .net "S", 0 0, L_0000000001703a00;  1 drivers
v00000000016a2ac0_0 .net *"_s0", 0 0, L_000000000127ee60;  1 drivers
v00000000016a4000_0 .net *"_s10", 0 0, L_0000000001703450;  1 drivers
v00000000016a37e0_0 .net *"_s2", 0 0, L_0000000001704090;  1 drivers
v00000000016a3ec0_0 .net *"_s4", 0 0, L_0000000001704020;  1 drivers
v00000000016a3b00_0 .net *"_s6", 0 0, L_0000000001704720;  1 drivers
S_00000000016a6f20 .scope module, "A1" "Adder_1b" 9 24, 9 1 0, S_0000000001258b30;
 .timescale 0 0;
    .port_info 0 /INPUT 1 "Ci";
    .port_info 1 /INPUT 1 "A";
    .port_info 2 /INPUT 1 "B";
    .port_info 3 /OUTPUT 1 "S";
    .port_info 4 /OUTPUT 1 "Co";
L_0000000001704b80 .functor AND 1, L_00000000016b4fb0, L_00000000016b3430, C4<1>, C4<1>;
L_00000000017046b0 .functor AND 1, L_00000000016b4fb0, L_00000000016b3c50, C4<1>, C4<1>;
L_0000000001703df0 .functor OR 1, L_0000000001704b80, L_00000000017046b0, C4<0>, C4<0>;
L_00000000017042c0 .functor AND 1, L_00000000016b3c50, L_00000000016b3430, C4<1>, C4<1>;
L_0000000001704790 .functor OR 1, L_0000000001703df0, L_00000000017042c0, C4<0>, C4<0>;
L_0000000001703b50 .functor XOR 1, L_00000000016b4fb0, L_00000000016b3430, C4<0>, C4<0>;
L_00000000017038b0 .functor XOR 1, L_0000000001703b50, L_00000000016b3c50, C4<0>, C4<0>;
v00000000016a2e80_0 .net "A", 0 0, L_00000000016b4fb0;  1 drivers
v00000000016a3060_0 .net "B", 0 0, L_00000000016b3430;  1 drivers
v00000000016a2a20_0 .net "Ci", 0 0, L_00000000016b3c50;  1 drivers
v00000000016a2ca0_0 .net "Co", 0 0, L_0000000001704790;  1 drivers
v00000000016a3240_0 .net "S", 0 0, L_00000000017038b0;  1 drivers
v00000000016a2980_0 .net *"_s0", 0 0, L_0000000001704b80;  1 drivers
v00000000016a3560_0 .net *"_s10", 0 0, L_0000000001703b50;  1 drivers
v00000000016a3600_0 .net *"_s2", 0 0, L_00000000017046b0;  1 drivers
v00000000016a41e0_0 .net *"_s4", 0 0, L_0000000001703df0;  1 drivers
v00000000016a2d40_0 .net *"_s6", 0 0, L_00000000017042c0;  1 drivers
S_00000000016a6750 .scope module, "A2" "Adder_1b" 9 25, 9 1 0, S_0000000001258b30;
 .timescale 0 0;
    .port_info 0 /INPUT 1 "Ci";
    .port_info 1 /INPUT 1 "A";
    .port_info 2 /INPUT 1 "B";
    .port_info 3 /OUTPUT 1 "S";
    .port_info 4 /OUTPUT 1 "Co";
L_00000000017044f0 .functor AND 1, L_00000000016b3390, L_00000000016b4790, C4<1>, C4<1>;
L_0000000001703ae0 .functor AND 1, L_00000000016b3390, L_00000000016b4dd0, C4<1>, C4<1>;
L_0000000001703bc0 .functor OR 1, L_00000000017044f0, L_0000000001703ae0, C4<0>, C4<0>;
L_0000000001703840 .functor AND 1, L_00000000016b4dd0, L_00000000016b4790, C4<1>, C4<1>;
L_0000000001704170 .functor OR 1, L_0000000001703bc0, L_0000000001703840, C4<0>, C4<0>;
L_0000000001704e20 .functor XOR 1, L_00000000016b3390, L_00000000016b4790, C4<0>, C4<0>;
L_00000000017048e0 .functor XOR 1, L_0000000001704e20, L_00000000016b4dd0, C4<0>, C4<0>;
v00000000016a25c0_0 .net "A", 0 0, L_00000000016b3390;  1 drivers
v00000000016a2de0_0 .net "B", 0 0, L_00000000016b4790;  1 drivers
v00000000016a22a0_0 .net "Ci", 0 0, L_00000000016b4dd0;  1 drivers
v00000000016a4280_0 .net "Co", 0 0, L_0000000001704170;  1 drivers
v00000000016a48c0_0 .net "S", 0 0, L_00000000017048e0;  1 drivers
v00000000016a4960_0 .net *"_s0", 0 0, L_00000000017044f0;  1 drivers
v00000000016a2f20_0 .net *"_s10", 0 0, L_0000000001704e20;  1 drivers
v00000000016a36a0_0 .net *"_s2", 0 0, L_0000000001703ae0;  1 drivers
v00000000016a3e20_0 .net *"_s4", 0 0, L_0000000001703bc0;  1 drivers
v00000000016a2fc0_0 .net *"_s6", 0 0, L_0000000001703840;  1 drivers
S_00000000016a62a0 .scope module, "A3" "Adder_1b" 9 26, 9 1 0, S_0000000001258b30;
 .timescale 0 0;
    .port_info 0 /INPUT 1 "Ci";
    .port_info 1 /INPUT 1 "A";
    .port_info 2 /INPUT 1 "B";
    .port_info 3 /OUTPUT 1 "S";
    .port_info 4 /OUTPUT 1 "Co";
L_0000000001704bf0 .functor AND 1, L_00000000016b37f0, L_00000000016b3890, C4<1>, C4<1>;
L_0000000001703920 .functor AND 1, L_00000000016b37f0, L_00000000016b4b50, C4<1>, C4<1>;
L_0000000001703e60 .functor OR 1, L_0000000001704bf0, L_0000000001703920, C4<0>, C4<0>;
L_0000000001703c30 .functor AND 1, L_00000000016b4b50, L_00000000016b3890, C4<1>, C4<1>;
L_0000000001704560 .functor OR 1, L_0000000001703e60, L_0000000001703c30, C4<0>, C4<0>;
L_0000000001704330 .functor XOR 1, L_00000000016b37f0, L_00000000016b3890, C4<0>, C4<0>;
L_00000000017034c0 .functor XOR 1, L_0000000001704330, L_00000000016b4b50, C4<0>, C4<0>;
v00000000016a3920_0 .net "A", 0 0, L_00000000016b37f0;  1 drivers
v00000000016a45a0_0 .net "B", 0 0, L_00000000016b3890;  1 drivers
v00000000016a3f60_0 .net "Ci", 0 0, L_00000000016b4b50;  1 drivers
v00000000016a4460_0 .net "Co", 0 0, L_0000000001704560;  alias, 1 drivers
v00000000016a2b60_0 .net "S", 0 0, L_00000000017034c0;  1 drivers
v00000000016a4a00_0 .net *"_s0", 0 0, L_0000000001704bf0;  1 drivers
v00000000016a3100_0 .net *"_s10", 0 0, L_0000000001704330;  1 drivers
v00000000016a40a0_0 .net *"_s2", 0 0, L_0000000001703920;  1 drivers
v00000000016a39c0_0 .net *"_s4", 0 0, L_0000000001703e60;  1 drivers
v00000000016a4140_0 .net *"_s6", 0 0, L_0000000001703c30;  1 drivers
S_00000000016a70b0 .scope module, "B" "loadreg" 8 54, 8 19 0, S_00000000012338f0;
 .timescale 0 0;
    .port_info 0 /INPUT 1 "clk";
    .port_info 1 /INPUT 1 "clk_1ms";
    .port_info 2 /INPUT 1 "btn";
    .port_info 3 /INPUT 4 "IN";
    .port_info 4 /OUTPUT 4 "A";
v00000000016ac9a0_0 .var "A", 3 0;
v00000000016ae7a0_0 .net "IN", 3 0, L_00000000016b5af0;  alias, 1 drivers
v00000000016ada80_0 .net "btn", 0 0, L_00000000016b5230;  1 drivers
v00000000016ae3e0_0 .net "clk", 0 0, v00000000016b3f70_0;  alias, 1 drivers
v00000000016ad620_0 .net "clk_1ms", 0 0, L_00000000016b8110;  alias, 1 drivers
v00000000016acfe0_0 .var "load", 0 0;
v00000000016ad940_0 .var "old_btn", 0 0;
v00000000016ae480_0 .net "out_btn", 0 0, v00000000016a2840_0;  1 drivers
S_00000000016a68e0 .scope module, "pdb" "pbdebounce" 8 31, 8 1 0, S_00000000016a70b0;
 .timescale 0 0;
    .port_info 0 /INPUT 1 "clk_1ms";
    .port_info 1 /INPUT 1 "I";
    .port_info 2 /OUTPUT 1 "O";
v00000000016a2660_0 .net "I", 0 0, L_00000000016b5230;  alias, 1 drivers
v00000000016a2840_0 .var "O", 0 0;
v00000000016acf40_0 .net "clk_1ms", 0 0, L_00000000016b8110;  alias, 1 drivers
v00000000016ac540_0 .var "pbshift", 7 0;
S_00000000016a6430 .scope module, "C" "loadreg" 8 55, 8 19 0, S_00000000012338f0;
 .timescale 0 0;
    .port_info 0 /INPUT 1 "clk";
    .port_info 1 /INPUT 1 "clk_1ms";
    .port_info 2 /INPUT 1 "btn";
    .port_info 3 /INPUT 4 "IN";
    .port_info 4 /OUTPUT 4 "A";
v00000000016ae020_0 .var "A", 3 0;
v00000000016acc20_0 .net "IN", 3 0, L_00000000016b8070;  alias, 1 drivers
v00000000016ae5c0_0 .net "btn", 0 0, L_00000000016b5550;  1 drivers
v00000000016ac720_0 .net "clk", 0 0, v00000000016b3f70_0;  alias, 1 drivers
v00000000016ae520_0 .net "clk_1ms", 0 0, L_00000000016b8110;  alias, 1 drivers
v00000000016acae0_0 .var "load", 0 0;
v00000000016ae2a0_0 .var "old_btn", 0 0;
v00000000016ae840_0 .net "out_btn", 0 0, v00000000016ae660_0;  1 drivers
S_00000000016a65c0 .scope module, "pdb" "pbdebounce" 8 31, 8 1 0, S_00000000016a6430;
 .timescale 0 0;
    .port_info 0 /INPUT 1 "clk_1ms";
    .port_info 1 /INPUT 1 "I";
    .port_info 2 /OUTPUT 1 "O";
v00000000016aca40_0 .net "I", 0 0, L_00000000016b5550;  alias, 1 drivers
v00000000016ae660_0 .var "O", 0 0;
v00000000016ac860_0 .net "clk_1ms", 0 0, L_00000000016b8110;  alias, 1 drivers
v00000000016ade40_0 .var "pbshift", 7 0;
S_00000000016a6a70 .scope module, "calc" "ALU" 8 59, 9 43 0, S_00000000012338f0;
 .timescale 0 0;
    .port_info 0 /INPUT 2 "op";
    .port_info 1 /INPUT 4 "A";
    .port_info 2 /INPUT 4 "B";
    .port_info 3 /OUTPUT 1 "Co";
    .port_info 4 /OUTPUT 4 "S";
v00000000016a7a40_0 .net "A", 3 0, v000000000169f5f0_0;  alias, 1 drivers
v00000000016a7c20_0 .net "B", 3 0, v00000000016ac9a0_0;  alias, 1 drivers
v00000000016a81c0_0 .net "Co", 0 0, L_00000000016b6f90;  alias, 1 drivers
v00000000016a74a0_0 .net "Co0", 0 0, L_0000000001703f40;  1 drivers
L_00000000016bb4a0 .functor BUFT 1, C4<0>, C4<0>, C4<0>, C4<0>;
v00000000016a83a0_0 .net "Co1", 0 0, L_00000000016bb4a0;  1 drivers
v00000000016a8440_0 .net "S", 3 0, L_00000000016b73f0;  alias, 1 drivers
v00000000016a9200_0 .net "S0", 3 0, L_00000000016b3610;  1 drivers
v00000000016a8580_0 .net "S1", 3 0, L_00000000017033e0;  1 drivers
v00000000016a8c60_0 .net *"_s5", 0 0, L_00000000016b7490;  1 drivers
v00000000016a7900_0 .net *"_s9", 0 0, L_00000000016b69f0;  1 drivers
v00000000016a8e40_0 .net "op", 1 0, L_00000000016b6ef0;  1 drivers
L_00000000016b36b0 .part L_00000000016b6ef0, 0, 1;
L_00000000016b6bd0 .part L_00000000016b6ef0, 0, 1;
L_00000000016b7490 .part L_00000000016b6ef0, 1, 1;
L_00000000016b73f0 .functor MUXZ 4, L_00000000016b3610, L_00000000017033e0, L_00000000016b7490, C4<>;
L_00000000016b69f0 .part L_00000000016b6ef0, 1, 1;
L_00000000016b6f90 .functor MUXZ 1, L_0000000001703f40, L_00000000016bb4a0, L_00000000016b69f0, C4<>;
S_00000000016a6c00 .scope module, "addsub" "Adder_4b" 9 51, 9 11 0, S_00000000016a6a70;
 .timescale 0 0;
    .port_info 0 /INPUT 1 "op";
    .port_info 1 /INPUT 4 "A";
    .port_info 2 /INPUT 4 "B";
    .port_info 3 /OUTPUT 1 "Co";
    .port_info 4 /OUTPUT 4 "S";
L_00000000017035a0 .functor XOR 4, L_00000000016b52d0, v00000000016ac9a0_0, C4<0000>, C4<0000>;
v00000000016ac2c0_0 .net "A", 3 0, v000000000169f5f0_0;  alias, 1 drivers
v00000000016ac360_0 .net "B", 3 0, v00000000016ac9a0_0;  alias, 1 drivers
v00000000016aede0_0 .net "C", 3 1, L_00000000016b55f0;  1 drivers
v00000000016aed40_0 .net "Co", 0 0, L_0000000001703f40;  alias, 1 drivers
v00000000016aee80_0 .net "S", 3 0, L_00000000016b3610;  alias, 1 drivers
v00000000016aec00_0 .net "op", 0 0, L_00000000016b36b0;  1 drivers
v00000000016aeca0_0 .net "tB", 3 0, L_00000000017035a0;  1 drivers
v00000000016aeac0_0 .net "temp_op", 3 0, L_00000000016b52d0;  1 drivers
L_00000000016b52d0 .concat [ 1 1 1 1], L_00000000016b36b0, L_00000000016b36b0, L_00000000016b36b0, L_00000000016b36b0;
L_00000000016b3b10 .part v000000000169f5f0_0, 0, 1;
L_00000000016b4a10 .part L_00000000017035a0, 0, 1;
L_00000000016b5690 .part L_00000000016b55f0, 0, 1;
L_00000000016b4ab0 .part v000000000169f5f0_0, 1, 1;
L_00000000016b5870 .part L_00000000017035a0, 1, 1;
L_00000000016b5370 .part L_00000000016b55f0, 1, 1;
L_00000000016b5410 .part v000000000169f5f0_0, 2, 1;
L_00000000016b54b0 .part L_00000000017035a0, 2, 1;
L_00000000016b55f0 .concat8 [ 1 1 1 0], L_0000000001704800, L_0000000001703530, L_00000000017049c0;
L_00000000016b5730 .part L_00000000016b55f0, 2, 1;
L_00000000016b5910 .part v000000000169f5f0_0, 3, 1;
L_00000000016b3570 .part L_00000000017035a0, 3, 1;
L_00000000016b3610 .concat8 [ 1 1 1 1], L_0000000001704aa0, L_0000000001703990, L_0000000001703fb0, L_0000000001704e90;
S_00000000016b0a30 .scope module, "A0" "Adder_1b" 9 23, 9 1 0, S_00000000016a6c00;
 .timescale 0 0;
    .port_info 0 /INPUT 1 "Ci";
    .port_info 1 /INPUT 1 "A";
    .port_info 2 /INPUT 1 "B";
    .port_info 3 /OUTPUT 1 "S";
    .port_info 4 /OUTPUT 1 "Co";
L_00000000017045d0 .functor AND 1, L_00000000016b3b10, L_00000000016b4a10, C4<1>, C4<1>;
L_0000000001704c60 .functor AND 1, L_00000000016b3b10, L_00000000016b36b0, C4<1>, C4<1>;
L_00000000017036f0 .functor OR 1, L_00000000017045d0, L_0000000001704c60, C4<0>, C4<0>;
L_0000000001703d80 .functor AND 1, L_00000000016b36b0, L_00000000016b4a10, C4<1>, C4<1>;
L_0000000001704800 .functor OR 1, L_00000000017036f0, L_0000000001703d80, C4<0>, C4<0>;
L_0000000001704640 .functor XOR 1, L_00000000016b3b10, L_00000000016b4a10, C4<0>, C4<0>;
L_0000000001704aa0 .functor XOR 1, L_0000000001704640, L_00000000016b36b0, C4<0>, C4<0>;
v00000000016ad260_0 .net "A", 0 0, L_00000000016b3b10;  1 drivers
v00000000016acb80_0 .net "B", 0 0, L_00000000016b4a10;  1 drivers
v00000000016accc0_0 .net "Ci", 0 0, L_00000000016b36b0;  alias, 1 drivers
v00000000016ad9e0_0 .net "Co", 0 0, L_0000000001704800;  1 drivers
v00000000016acd60_0 .net "S", 0 0, L_0000000001704aa0;  1 drivers
v00000000016ad1c0_0 .net *"_s0", 0 0, L_00000000017045d0;  1 drivers
v00000000016ad300_0 .net *"_s10", 0 0, L_0000000001704640;  1 drivers
v00000000016ad6c0_0 .net *"_s2", 0 0, L_0000000001704c60;  1 drivers
v00000000016ace00_0 .net *"_s4", 0 0, L_00000000017036f0;  1 drivers
v00000000016adc60_0 .net *"_s6", 0 0, L_0000000001703d80;  1 drivers
S_00000000016af450 .scope module, "A1" "Adder_1b" 9 24, 9 1 0, S_00000000016a6c00;
 .timescale 0 0;
    .port_info 0 /INPUT 1 "Ci";
    .port_info 1 /INPUT 1 "A";
    .port_info 2 /INPUT 1 "B";
    .port_info 3 /OUTPUT 1 "S";
    .port_info 4 /OUTPUT 1 "Co";
L_0000000001704870 .functor AND 1, L_00000000016b4ab0, L_00000000016b5870, C4<1>, C4<1>;
L_0000000001703ed0 .functor AND 1, L_00000000016b4ab0, L_00000000016b5690, C4<1>, C4<1>;
L_00000000017041e0 .functor OR 1, L_0000000001704870, L_0000000001703ed0, C4<0>, C4<0>;
L_00000000017037d0 .functor AND 1, L_00000000016b5690, L_00000000016b5870, C4<1>, C4<1>;
L_0000000001703530 .functor OR 1, L_00000000017041e0, L_00000000017037d0, C4<0>, C4<0>;
L_0000000001704950 .functor XOR 1, L_00000000016b4ab0, L_00000000016b5870, C4<0>, C4<0>;
L_0000000001703990 .functor XOR 1, L_0000000001704950, L_00000000016b5690, C4<0>, C4<0>;
v00000000016adb20_0 .net "A", 0 0, L_00000000016b4ab0;  1 drivers
v00000000016ac5e0_0 .net "B", 0 0, L_00000000016b5870;  1 drivers
v00000000016ac900_0 .net "Ci", 0 0, L_00000000016b5690;  1 drivers
v00000000016ad800_0 .net "Co", 0 0, L_0000000001703530;  1 drivers
v00000000016ac4a0_0 .net "S", 0 0, L_0000000001703990;  1 drivers
v00000000016ad3a0_0 .net *"_s0", 0 0, L_0000000001704870;  1 drivers
v00000000016ad760_0 .net *"_s10", 0 0, L_0000000001704950;  1 drivers
v00000000016acea0_0 .net *"_s2", 0 0, L_0000000001703ed0;  1 drivers
v00000000016ad8a0_0 .net *"_s4", 0 0, L_00000000017041e0;  1 drivers
v00000000016ae160_0 .net *"_s6", 0 0, L_00000000017037d0;  1 drivers
S_00000000016b08a0 .scope module, "A2" "Adder_1b" 9 25, 9 1 0, S_00000000016a6c00;
 .timescale 0 0;
    .port_info 0 /INPUT 1 "Ci";
    .port_info 1 /INPUT 1 "A";
    .port_info 2 /INPUT 1 "B";
    .port_info 3 /OUTPUT 1 "S";
    .port_info 4 /OUTPUT 1 "Co";
L_0000000001704db0 .functor AND 1, L_00000000016b5410, L_00000000016b54b0, C4<1>, C4<1>;
L_0000000001704100 .functor AND 1, L_00000000016b5410, L_00000000016b5370, C4<1>, C4<1>;
L_0000000001704a30 .functor OR 1, L_0000000001704db0, L_0000000001704100, C4<0>, C4<0>;
L_0000000001703a70 .functor AND 1, L_00000000016b5370, L_00000000016b54b0, C4<1>, C4<1>;
L_00000000017049c0 .functor OR 1, L_0000000001704a30, L_0000000001703a70, C4<0>, C4<0>;
L_0000000001703ca0 .functor XOR 1, L_00000000016b5410, L_00000000016b54b0, C4<0>, C4<0>;
L_0000000001703fb0 .functor XOR 1, L_0000000001703ca0, L_00000000016b5370, C4<0>, C4<0>;
v00000000016ac400_0 .net "A", 0 0, L_00000000016b5410;  1 drivers
v00000000016ad080_0 .net "B", 0 0, L_00000000016b54b0;  1 drivers
v00000000016ad440_0 .net "Ci", 0 0, L_00000000016b5370;  1 drivers
v00000000016ae340_0 .net "Co", 0 0, L_00000000017049c0;  1 drivers
v00000000016ad120_0 .net "S", 0 0, L_0000000001703fb0;  1 drivers
v00000000016ad4e0_0 .net *"_s0", 0 0, L_0000000001704db0;  1 drivers
v00000000016ad580_0 .net *"_s10", 0 0, L_0000000001703ca0;  1 drivers
v00000000016ae200_0 .net *"_s2", 0 0, L_0000000001704100;  1 drivers
v00000000016ae700_0 .net *"_s4", 0 0, L_0000000001704a30;  1 drivers
v00000000016adbc0_0 .net *"_s6", 0 0, L_0000000001703a70;  1 drivers
S_00000000016af900 .scope module, "A3" "Adder_1b" 9 26, 9 1 0, S_00000000016a6c00;
 .timescale 0 0;
    .port_info 0 /INPUT 1 "Ci";
    .port_info 1 /INPUT 1 "A";
    .port_info 2 /INPUT 1 "B";
    .port_info 3 /OUTPUT 1 "S";
    .port_info 4 /OUTPUT 1 "Co";
L_0000000001704d40 .functor AND 1, L_00000000016b5910, L_00000000016b3570, C4<1>, C4<1>;
L_0000000001704b10 .functor AND 1, L_00000000016b5910, L_00000000016b5730, C4<1>, C4<1>;
L_0000000001703d10 .functor OR 1, L_0000000001704d40, L_0000000001704b10, C4<0>, C4<0>;
L_0000000001704cd0 .functor AND 1, L_00000000016b5730, L_00000000016b3570, C4<1>, C4<1>;
L_0000000001703f40 .functor OR 1, L_0000000001703d10, L_0000000001704cd0, C4<0>, C4<0>;
L_00000000017043a0 .functor XOR 1, L_00000000016b5910, L_00000000016b3570, C4<0>, C4<0>;
L_0000000001704e90 .functor XOR 1, L_00000000017043a0, L_00000000016b5730, C4<0>, C4<0>;
v00000000016ae8e0_0 .net "A", 0 0, L_00000000016b5910;  1 drivers
v00000000016add00_0 .net "B", 0 0, L_00000000016b3570;  1 drivers
v00000000016adda0_0 .net "Ci", 0 0, L_00000000016b5730;  1 drivers
v00000000016ac7c0_0 .net "Co", 0 0, L_0000000001703f40;  alias, 1 drivers
v00000000016adee0_0 .net "S", 0 0, L_0000000001704e90;  1 drivers
v00000000016ae0c0_0 .net *"_s0", 0 0, L_0000000001704d40;  1 drivers
v00000000016ae980_0 .net *"_s10", 0 0, L_00000000017043a0;  1 drivers
v00000000016adf80_0 .net *"_s2", 0 0, L_0000000001704b10;  1 drivers
v00000000016aea20_0 .net *"_s4", 0 0, L_0000000001703d10;  1 drivers
v00000000016ac680_0 .net *"_s6", 0 0, L_0000000001704cd0;  1 drivers
S_00000000016b0260 .scope module, "andor" "my_And_Or_4b" 9 52, 9 31 0, S_00000000016a6a70;
 .timescale 0 0;
    .port_info 0 /INPUT 1 "op";
    .port_info 1 /INPUT 4 "A";
    .port_info 2 /INPUT 4 "B";
    .port_info 3 /OUTPUT 1 "Co";
    .port_info 4 /OUTPUT 4 "S";
L_0000000001703680 .functor NOT 4, L_00000000016b3750, C4<0000>, C4<0000>, C4<0000>;
L_0000000001703300 .functor AND 4, L_0000000001703680, v000000000169f5f0_0, C4<1111>, C4<1111>;
L_0000000001704410 .functor AND 4, L_0000000001703300, v00000000016ac9a0_0, C4<1111>, C4<1111>;
L_0000000001703370 .functor OR 4, v000000000169f5f0_0, v00000000016ac9a0_0, C4<0000>, C4<0000>;
L_0000000001704480 .functor AND 4, L_00000000016b3750, L_0000000001703370, C4<1111>, C4<1111>;
L_00000000017033e0 .functor OR 4, L_0000000001704410, L_0000000001704480, C4<0000>, C4<0000>;
v00000000016af1a0_0 .net "A", 3 0, v000000000169f5f0_0;  alias, 1 drivers
v00000000016aef20_0 .net "B", 3 0, v00000000016ac9a0_0;  alias, 1 drivers
v00000000016aeb60_0 .net "Co", 0 0, L_00000000016bb4a0;  alias, 1 drivers
v00000000016aefc0_0 .net "S", 3 0, L_00000000017033e0;  alias, 1 drivers
v00000000016af060_0 .net *"_s10", 3 0, L_0000000001703370;  1 drivers
v00000000016af100_0 .net *"_s12", 3 0, L_0000000001704480;  1 drivers
v00000000016a7400_0 .net *"_s4", 3 0, L_0000000001703680;  1 drivers
v00000000016a89e0_0 .net *"_s6", 3 0, L_0000000001703300;  1 drivers
v00000000016a7b80_0 .net *"_s8", 3 0, L_0000000001704410;  1 drivers
v00000000016a95c0_0 .net "op", 0 0, L_00000000016b6bd0;  1 drivers
v00000000016a7360_0 .net "temp_op", 3 0, L_00000000016b3750;  1 drivers
L_00000000016b3750 .concat [ 1 1 1 1], L_00000000016b6bd0, L_00000000016b6bd0, L_00000000016b6bd0, L_00000000016b6bd0;
S_00000000016b0d50 .scope module, "mux41" "Mux_4_1_b4" 8 61, 7 12 0, S_00000000012338f0;
 .timescale 0 0;
    .port_info 0 /INPUT 2 "s";
    .port_info 1 /INPUT 4 "I0";
    .port_info 2 /INPUT 4 "I1";
    .port_info 3 /INPUT 4 "I2";
    .port_info 4 /INPUT 4 "I3";
    .port_info 5 /OUTPUT 4 "o";
L_00000000017050c0 .functor AND 1, L_00000000016b8250, L_00000000016b6b30, C4<1>, C4<1>;
L_0000000001704f00 .functor AND 1, L_00000000016b64f0, L_00000000016b7cb0, C4<1>, C4<1>;
L_000000000170bc40 .functor OR 1, L_00000000017050c0, L_0000000001704f00, C4<0>, C4<0>;
L_000000000170c260 .functor AND 1, L_00000000016b75d0, L_00000000016b7c10, C4<1>, C4<1>;
L_000000000170ce30 .functor OR 1, L_000000000170bc40, L_000000000170c260, C4<0>, C4<0>;
L_000000000170cea0 .functor AND 1, L_00000000016b7d50, L_00000000016b61d0, C4<1>, C4<1>;
L_000000000170c880 .functor OR 1, L_000000000170ce30, L_000000000170cea0, C4<0>, C4<0>;
L_000000000170c8f0 .functor AND 1, L_00000000016b7210, L_00000000016b6c70, C4<1>, C4<1>;
L_000000000170cf80 .functor AND 1, L_00000000016b5f50, L_00000000016b6810, C4<1>, C4<1>;
L_000000000170c960 .functor OR 1, L_000000000170c8f0, L_000000000170cf80, C4<0>, C4<0>;
L_000000000170cab0 .functor AND 1, L_00000000016b6770, L_00000000016b68b0, C4<1>, C4<1>;
L_000000000170b690 .functor OR 1, L_000000000170c960, L_000000000170cab0, C4<0>, C4<0>;
L_000000000170bcb0 .functor AND 1, L_00000000016b6d10, L_00000000016b6270, C4<1>, C4<1>;
L_000000000170b9a0 .functor OR 1, L_000000000170b690, L_000000000170bcb0, C4<0>, C4<0>;
L_000000000170cf10 .functor AND 1, L_00000000016b6950, L_00000000016b5d70, C4<1>, C4<1>;
L_000000000170be00 .functor AND 1, L_00000000016b70d0, L_00000000016b6db0, C4<1>, C4<1>;
L_000000000170cc00 .functor OR 1, L_000000000170cf10, L_000000000170be00, C4<0>, C4<0>;
L_000000000170bd20 .functor AND 1, L_00000000016b6e50, L_00000000016b7030, C4<1>, C4<1>;
L_000000000170cb20 .functor OR 1, L_000000000170cc00, L_000000000170bd20, C4<0>, C4<0>;
L_000000000170cce0 .functor AND 1, L_00000000016b6310, L_00000000016b7670, C4<1>, C4<1>;
L_000000000170cff0 .functor OR 1, L_000000000170cb20, L_000000000170cce0, C4<0>, C4<0>;
L_000000000170d060 .functor AND 1, L_00000000016b5e10, L_00000000016b7df0, C4<1>, C4<1>;
L_000000000170be70 .functor AND 1, L_00000000016b7170, L_00000000016b7b70, C4<1>, C4<1>;
L_000000000170c9d0 .functor OR 1, L_000000000170d060, L_000000000170be70, C4<0>, C4<0>;
L_000000000170bee0 .functor AND 1, L_00000000016b7350, L_00000000016b7e90, C4<1>, C4<1>;
L_000000000170bd90 .functor OR 1, L_000000000170c9d0, L_000000000170bee0, C4<0>, C4<0>;
L_000000000170bf50 .functor AND 1, L_00000000016b7fd0, L_00000000016b7710, C4<1>, C4<1>;
L_000000000170bb60 .functor OR 1, L_000000000170bd90, L_000000000170bf50, C4<0>, C4<0>;
v00000000016a97a0_0 .net "I0", 3 0, v000000000169f5f0_0;  alias, 1 drivers
v00000000016a8a80_0 .net "I1", 3 0, v00000000016ac9a0_0;  alias, 1 drivers
v00000000016a8b20_0 .net "I2", 3 0, v00000000016ae020_0;  alias, 1 drivers
v00000000016a9980_0 .net "I3", 3 0, L_00000000016bb3c8;  alias, 1 drivers
v00000000016a9a20_0 .net "Muxer", 3 0, L_00000000016b6a90;  1 drivers
v00000000016a72c0_0 .net *"_s100", 0 0, L_00000000016b5e10;  1 drivers
v00000000016a75e0_0 .net *"_s102", 0 0, L_00000000016b7df0;  1 drivers
v00000000016a8ee0_0 .net *"_s103", 0 0, L_000000000170d060;  1 drivers
v00000000016a7680_0 .net *"_s106", 0 0, L_00000000016b7170;  1 drivers
v00000000016a7720_0 .net *"_s108", 0 0, L_00000000016b7b70;  1 drivers
v00000000016a77c0_0 .net *"_s109", 0 0, L_000000000170be70;  1 drivers
v00000000016a79a0_0 .net *"_s11", 0 0, L_00000000016b7cb0;  1 drivers
v00000000016a7860_0 .net *"_s111", 0 0, L_000000000170c9d0;  1 drivers
v00000000016a7ea0_0 .net *"_s114", 0 0, L_00000000016b7350;  1 drivers
v00000000016a8f80_0 .net *"_s116", 0 0, L_00000000016b7e90;  1 drivers
v00000000016a7f40_0 .net *"_s117", 0 0, L_000000000170bee0;  1 drivers
v00000000016a8bc0_0 .net *"_s119", 0 0, L_000000000170bd90;  1 drivers
v00000000016a7fe0_0 .net *"_s12", 0 0, L_0000000001704f00;  1 drivers
v00000000016a8080_0 .net *"_s122", 0 0, L_00000000016b7fd0;  1 drivers
v00000000016a8120_0 .net *"_s124", 0 0, L_00000000016b7710;  1 drivers
v00000000016a8260_0 .net *"_s125", 0 0, L_000000000170bf50;  1 drivers
v00000000016a8300_0 .net *"_s127", 0 0, L_000000000170bb60;  1 drivers
v00000000016a8620_0 .net *"_s14", 0 0, L_000000000170bc40;  1 drivers
v00000000016a86c0_0 .net *"_s17", 0 0, L_00000000016b75d0;  1 drivers
v00000000016a8760_0 .net *"_s19", 0 0, L_00000000016b7c10;  1 drivers
v00000000016a8800_0 .net *"_s20", 0 0, L_000000000170c260;  1 drivers
v00000000016a88a0_0 .net *"_s22", 0 0, L_000000000170ce30;  1 drivers
v00000000016a8940_0 .net *"_s25", 0 0, L_00000000016b7d50;  1 drivers
v00000000016a8d00_0 .net *"_s27", 0 0, L_00000000016b61d0;  1 drivers
v00000000016a8da0_0 .net *"_s28", 0 0, L_000000000170cea0;  1 drivers
v00000000016ab3c0_0 .net *"_s3", 0 0, L_00000000016b8250;  1 drivers
v00000000016aa7e0_0 .net *"_s30", 0 0, L_000000000170c880;  1 drivers
v00000000016abf00_0 .net *"_s35", 0 0, L_00000000016b7210;  1 drivers
v00000000016aab00_0 .net *"_s37", 0 0, L_00000000016b6c70;  1 drivers
v00000000016ab5a0_0 .net *"_s38", 0 0, L_000000000170c8f0;  1 drivers
v00000000016a9f20_0 .net *"_s41", 0 0, L_00000000016b5f50;  1 drivers
v00000000016aa100_0 .net *"_s43", 0 0, L_00000000016b6810;  1 drivers
v00000000016ab460_0 .net *"_s44", 0 0, L_000000000170cf80;  1 drivers
v00000000016ab780_0 .net *"_s46", 0 0, L_000000000170c960;  1 drivers
v00000000016abfa0_0 .net *"_s49", 0 0, L_00000000016b6770;  1 drivers
v00000000016abb40_0 .net *"_s5", 0 0, L_00000000016b6b30;  1 drivers
v00000000016a9ca0_0 .net *"_s51", 0 0, L_00000000016b68b0;  1 drivers
v00000000016ab140_0 .net *"_s52", 0 0, L_000000000170cab0;  1 drivers
v00000000016aa4c0_0 .net *"_s54", 0 0, L_000000000170b690;  1 drivers
v00000000016aaba0_0 .net *"_s57", 0 0, L_00000000016b6d10;  1 drivers
v00000000016ab500_0 .net *"_s59", 0 0, L_00000000016b6270;  1 drivers
v00000000016ab640_0 .net *"_s6", 0 0, L_00000000017050c0;  1 drivers
v00000000016a9d40_0 .net *"_s60", 0 0, L_000000000170bcb0;  1 drivers
v00000000016aa9c0_0 .net *"_s62", 0 0, L_000000000170b9a0;  1 drivers
v00000000016aaf60_0 .net *"_s67", 0 0, L_00000000016b6950;  1 drivers
v00000000016aa2e0_0 .net *"_s69", 0 0, L_00000000016b5d70;  1 drivers
v00000000016aaec0_0 .net *"_s70", 0 0, L_000000000170cf10;  1 drivers
v00000000016ab000_0 .net *"_s73", 0 0, L_00000000016b70d0;  1 drivers
v00000000016a9b60_0 .net *"_s75", 0 0, L_00000000016b6db0;  1 drivers
v00000000016ac040_0 .net *"_s76", 0 0, L_000000000170be00;  1 drivers
v00000000016ab6e0_0 .net *"_s78", 0 0, L_000000000170cc00;  1 drivers
v00000000016aac40_0 .net *"_s81", 0 0, L_00000000016b6e50;  1 drivers
v00000000016a9c00_0 .net *"_s83", 0 0, L_00000000016b7030;  1 drivers
v00000000016aa060_0 .net *"_s84", 0 0, L_000000000170bd20;  1 drivers
v00000000016aaa60_0 .net *"_s86", 0 0, L_000000000170cb20;  1 drivers
v00000000016aace0_0 .net *"_s89", 0 0, L_00000000016b6310;  1 drivers
v00000000016aa1a0_0 .net *"_s9", 0 0, L_00000000016b64f0;  1 drivers
v00000000016ab820_0 .net *"_s91", 0 0, L_00000000016b7670;  1 drivers
v00000000016ab320_0 .net *"_s92", 0 0, L_000000000170cce0;  1 drivers
v00000000016aad80_0 .net *"_s94", 0 0, L_000000000170cff0;  1 drivers
v00000000016ac0e0_0 .net "o", 3 0, L_00000000016b72b0;  alias, 1 drivers
v00000000016abdc0_0 .net "s", 1 0, L_00000000016b77b0;  1 drivers
L_00000000016b8250 .part L_00000000016b6a90, 0, 1;
L_00000000016b6b30 .part v000000000169f5f0_0, 0, 1;
L_00000000016b64f0 .part L_00000000016b6a90, 1, 1;
L_00000000016b7cb0 .part v00000000016ac9a0_0, 0, 1;
L_00000000016b75d0 .part L_00000000016b6a90, 2, 1;
L_00000000016b7c10 .part v00000000016ae020_0, 0, 1;
L_00000000016b7d50 .part L_00000000016b6a90, 3, 1;
L_00000000016b61d0 .part L_00000000016bb3c8, 0, 1;
L_00000000016b7210 .part L_00000000016b6a90, 0, 1;
L_00000000016b6c70 .part v000000000169f5f0_0, 1, 1;
L_00000000016b5f50 .part L_00000000016b6a90, 1, 1;
L_00000000016b6810 .part v00000000016ac9a0_0, 1, 1;
L_00000000016b6770 .part L_00000000016b6a90, 2, 1;
L_00000000016b68b0 .part v00000000016ae020_0, 1, 1;
L_00000000016b6d10 .part L_00000000016b6a90, 3, 1;
L_00000000016b6270 .part L_00000000016bb3c8, 1, 1;
L_00000000016b6950 .part L_00000000016b6a90, 0, 1;
L_00000000016b5d70 .part v000000000169f5f0_0, 2, 1;
L_00000000016b70d0 .part L_00000000016b6a90, 1, 1;
L_00000000016b6db0 .part v00000000016ac9a0_0, 2, 1;
L_00000000016b6e50 .part L_00000000016b6a90, 2, 1;
L_00000000016b7030 .part v00000000016ae020_0, 2, 1;
L_00000000016b6310 .part L_00000000016b6a90, 3, 1;
L_00000000016b7670 .part L_00000000016bb3c8, 2, 1;
L_00000000016b72b0 .concat8 [ 1 1 1 1], L_000000000170c880, L_000000000170b9a0, L_000000000170cff0, L_000000000170bb60;
L_00000000016b5e10 .part L_00000000016b6a90, 0, 1;
L_00000000016b7df0 .part v000000000169f5f0_0, 3, 1;
L_00000000016b7170 .part L_00000000016b6a90, 1, 1;
L_00000000016b7b70 .part v00000000016ac9a0_0, 3, 1;
L_00000000016b7350 .part L_00000000016b6a90, 2, 1;
L_00000000016b7e90 .part v00000000016ae020_0, 3, 1;
L_00000000016b7fd0 .part L_00000000016b6a90, 3, 1;
L_00000000016b7710 .part L_00000000016bb3c8, 3, 1;
S_00000000016af770 .scope module, "Decoder" "decoder_2_4" 7 18, 7 1 0, S_00000000016b0d50;
 .timescale 0 0;
    .port_info 0 /INPUT 2 "s";
    .port_info 1 /OUTPUT 4 "outp";
L_0000000001703610 .functor NOT 1, L_00000000016b7530, C4<0>, C4<0>, C4<0>;
L_0000000001703760 .functor NOT 1, L_00000000016b5cd0, C4<0>, C4<0>, C4<0>;
L_0000000001705210 .functor AND 1, L_0000000001703610, L_0000000001703760, C4<1>, C4<1>;
L_0000000001705130 .functor NOT 1, L_00000000016b6090, C4<0>, C4<0>, C4<0>;
L_00000000017051a0 .functor AND 1, L_00000000016b7850, L_0000000001705130, C4<1>, C4<1>;
L_0000000001704f70 .functor NOT 1, L_00000000016b6630, C4<0>, C4<0>, C4<0>;
L_0000000001704fe0 .functor AND 1, L_0000000001704f70, L_00000000016b66d0, C4<1>, C4<1>;
L_0000000001705050 .functor AND 1, L_00000000016b81b0, L_00000000016b7a30, C4<1>, C4<1>;
v00000000016a9520_0 .net *"_s10", 0 0, L_0000000001705210;  1 drivers
v00000000016a7cc0_0 .net *"_s15", 0 0, L_00000000016b7850;  1 drivers
v00000000016a9340_0 .net *"_s17", 0 0, L_00000000016b6090;  1 drivers
v00000000016a92a0_0 .net *"_s18", 0 0, L_0000000001705130;  1 drivers
v00000000016a90c0_0 .net *"_s20", 0 0, L_00000000017051a0;  1 drivers
v00000000016a7d60_0 .net *"_s25", 0 0, L_00000000016b6630;  1 drivers
v00000000016a9660_0 .net *"_s26", 0 0, L_0000000001704f70;  1 drivers
v00000000016a9160_0 .net *"_s29", 0 0, L_00000000016b66d0;  1 drivers
v00000000016a93e0_0 .net *"_s3", 0 0, L_00000000016b7530;  1 drivers
v00000000016a9480_0 .net *"_s30", 0 0, L_0000000001704fe0;  1 drivers
v00000000016a84e0_0 .net *"_s36", 0 0, L_00000000016b81b0;  1 drivers
v00000000016a7ae0_0 .net *"_s38", 0 0, L_00000000016b7a30;  1 drivers
v00000000016a98e0_0 .net *"_s39", 0 0, L_0000000001705050;  1 drivers
v00000000016a7e00_0 .net *"_s4", 0 0, L_0000000001703610;  1 drivers
v00000000016a9020_0 .net *"_s7", 0 0, L_00000000016b5cd0;  1 drivers
v00000000016a9700_0 .net *"_s8", 0 0, L_0000000001703760;  1 drivers
v00000000016a7540_0 .net "outp", 3 0, L_00000000016b6a90;  alias, 1 drivers
v00000000016a9840_0 .net "s", 1 0, L_00000000016b77b0;  alias, 1 drivers
L_00000000016b7530 .part L_00000000016b77b0, 0, 1;
L_00000000016b5cd0 .part L_00000000016b77b0, 1, 1;
L_00000000016b7850 .part L_00000000016b77b0, 0, 1;
L_00000000016b6090 .part L_00000000016b77b0, 1, 1;
L_00000000016b6630 .part L_00000000016b77b0, 0, 1;
L_00000000016b66d0 .part L_00000000016b77b0, 1, 1;
L_00000000016b6a90 .concat8 [ 1 1 1 1], L_0000000001705210, L_00000000017051a0, L_0000000001704fe0, L_0000000001705050;
L_00000000016b81b0 .part L_00000000016b77b0, 0, 1;
L_00000000016b7a30 .part L_00000000016b77b0, 1, 1;
    .scope S_0000000001241a40;
T_0 ;
    %pushi/vec4 0, 0, 32;
    %assign/vec4 v000000000169b860_0, 0;
    %end;
    .thread T_0;
    .scope S_0000000001241a40;
T_1 ;
    %wait E_00000000012da170;
    %load/vec4 v000000000169adc0_0;
    %flag_set/vec4 8;
    %jmp/0xz  T_1.0, 8;
    %pushi/vec4 0, 0, 32;
    %assign/vec4 v000000000169b860_0, 0;
    %jmp T_1.1;
T_1.0 ;
    %load/vec4 v000000000169b860_0;
    %addi 1, 0, 32;
    %assign/vec4 v000000000169b860_0, 0;
T_1.1 ;
    %jmp T_1;
    .thread T_1;
    .scope S_0000000001229f90;
T_2 ;
    %pushi/vec4 0, 0, 1;
    %store/vec4 v000000000169f230_0, 0, 1;
    %pushi/vec4 0, 0, 8;
    %store/vec4 v000000000169f550_0, 0, 8;
    %end;
    .thread T_2;
    .scope S_0000000001229f90;
T_3 ;
    %wait E_00000000012d9d70;
    %load/vec4 v000000000169f550_0;
    %ix/load 4, 1, 0;
    %flag_set/imm 4, 0;
    %shiftl 4;
    %store/vec4 v000000000169f550_0, 0, 8;
    %load/vec4 v000000000169f190_0;
    %ix/load 4, 0, 0;
    %flag_set/imm 4, 0;
    %store/vec4 v000000000169f550_0, 4, 1;
    %load/vec4 v000000000169f550_0;
    %cmpi/e 0, 0, 8;
    %jmp/0xz  T_3.0, 4;
    %pushi/vec4 0, 0, 1;
    %store/vec4 v000000000169f230_0, 0, 1;
T_3.0 ;
    %load/vec4 v000000000169f550_0;
    %cmpi/e 255, 0, 8;
    %jmp/0xz  T_3.2, 4;
    %pushi/vec4 1, 0, 1;
    %store/vec4 v000000000169f230_0, 0, 1;
T_3.2 ;
    %jmp T_3;
    .thread T_3;
    .scope S_0000000001233a80;
T_4 ;
    %pushi/vec4 0, 0, 4;
    %store/vec4 v000000000169f5f0_0, 0, 4;
    %pushi/vec4 0, 0, 1;
    %store/vec4 v00000000016a4fa0_0, 0, 1;
    %pushi/vec4 0, 0, 1;
    %store/vec4 v00000000016a5540_0, 0, 1;
    %end;
    .thread T_4;
    .scope S_0000000001233a80;
T_5 ;
    %wait E_00000000012d9ff0;
    %load/vec4 v00000000016a4fa0_0;
    %pad/u 32;
    %pushi/vec4 0, 0, 32;
    %cmp/e;
    %flag_get/vec4 4;
    %load/vec4 v00000000016a54a0_0;
    %pad/u 32;
    %pushi/vec4 1, 0, 32;
    %cmp/e;
    %flag_get/vec4 4;
    %and;
    %assign/vec4 v00000000016a5540_0, 0;
    %load/vec4 v00000000016a54a0_0;
    %assign/vec4 v00000000016a4fa0_0, 0;
    %jmp T_5;
    .thread T_5;
    .scope S_0000000001233a80;
T_6 ;
    %wait E_00000000012d9ff0;
    %load/vec4 v00000000016a5540_0;
    %flag_set/vec4 8;
    %jmp/0xz  T_6.0, 8;
    %load/vec4 v000000000169f690_0;
    %assign/vec4 v000000000169f5f0_0, 0;
T_6.0 ;
    %jmp T_6;
    .thread T_6;
    .scope S_00000000016a68e0;
T_7 ;
    %pushi/vec4 0, 0, 1;
    %store/vec4 v00000000016a2840_0, 0, 1;
    %pushi/vec4 0, 0, 8;
    %store/vec4 v00000000016ac540_0, 0, 8;
    %end;
    .thread T_7;
    .scope S_00000000016a68e0;
T_8 ;
    %wait E_00000000012d9d70;
    %load/vec4 v00000000016ac540_0;
    %ix/load 4, 1, 0;
    %flag_set/imm 4, 0;
    %shiftl 4;
    %store/vec4 v00000000016ac540_0, 0, 8;
    %load/vec4 v00000000016a2660_0;
    %ix/load 4, 0, 0;
    %flag_set/imm 4, 0;
    %store/vec4 v00000000016ac540_0, 4, 1;
    %load/vec4 v00000000016ac540_0;
    %cmpi/e 0, 0, 8;
    %jmp/0xz  T_8.0, 4;
    %pushi/vec4 0, 0, 1;
    %store/vec4 v00000000016a2840_0, 0, 1;
T_8.0 ;
    %load/vec4 v00000000016ac540_0;
    %cmpi/e 255, 0, 8;
    %jmp/0xz  T_8.2, 4;
    %pushi/vec4 1, 0, 1;
    %store/vec4 v00000000016a2840_0, 0, 1;
T_8.2 ;
    %jmp T_8;
    .thread T_8;
    .scope S_00000000016a70b0;
T_9 ;
    %pushi/vec4 0, 0, 4;
    %store/vec4 v00000000016ac9a0_0, 0, 4;
    %pushi/vec4 0, 0, 1;
    %store/vec4 v00000000016ad940_0, 0, 1;
    %pushi/vec4 0, 0, 1;
    %store/vec4 v00000000016acfe0_0, 0, 1;
    %end;
    .thread T_9;
    .scope S_00000000016a70b0;
T_10 ;
    %wait E_00000000012d9ff0;
    %load/vec4 v00000000016ad940_0;
    %pad/u 32;
    %pushi/vec4 0, 0, 32;
    %cmp/e;
    %flag_get/vec4 4;
    %load/vec4 v00000000016ae480_0;
    %pad/u 32;
    %pushi/vec4 1, 0, 32;
    %cmp/e;
    %flag_get/vec4 4;
    %and;
    %assign/vec4 v00000000016acfe0_0, 0;
    %load/vec4 v00000000016ae480_0;
    %assign/vec4 v00000000016ad940_0, 0;
    %jmp T_10;
    .thread T_10;
    .scope S_00000000016a70b0;
T_11 ;
    %wait E_00000000012d9ff0;
    %load/vec4 v00000000016acfe0_0;
    %flag_set/vec4 8;
    %jmp/0xz  T_11.0, 8;
    %load/vec4 v00000000016ae7a0_0;
    %assign/vec4 v00000000016ac9a0_0, 0;
T_11.0 ;
    %jmp T_11;
    .thread T_11;
    .scope S_00000000016a65c0;
T_12 ;
    %pushi/vec4 0, 0, 1;
    %store/vec4 v00000000016ae660_0, 0, 1;
    %pushi/vec4 0, 0, 8;
    %store/vec4 v00000000016ade40_0, 0, 8;
    %end;
    .thread T_12;
    .scope S_00000000016a65c0;
T_13 ;
    %wait E_00000000012d9d70;
    %load/vec4 v00000000016ade40_0;
    %ix/load 4, 1, 0;
    %flag_set/imm 4, 0;
    %shiftl 4;
    %store/vec4 v00000000016ade40_0, 0, 8;
    %load/vec4 v00000000016aca40_0;
    %ix/load 4, 0, 0;
    %flag_set/imm 4, 0;
    %store/vec4 v00000000016ade40_0, 4, 1;
    %load/vec4 v00000000016ade40_0;
    %cmpi/e 0, 0, 8;
    %jmp/0xz  T_13.0, 4;
    %pushi/vec4 0, 0, 1;
    %store/vec4 v00000000016ae660_0, 0, 1;
T_13.0 ;
    %load/vec4 v00000000016ade40_0;
    %cmpi/e 255, 0, 8;
    %jmp/0xz  T_13.2, 4;
    %pushi/vec4 1, 0, 1;
    %store/vec4 v00000000016ae660_0, 0, 1;
T_13.2 ;
    %jmp T_13;
    .thread T_13;
    .scope S_00000000016a6430;
T_14 ;
    %pushi/vec4 0, 0, 4;
    %store/vec4 v00000000016ae020_0, 0, 4;
    %pushi/vec4 0, 0, 1;
    %store/vec4 v00000000016ae2a0_0, 0, 1;
    %pushi/vec4 0, 0, 1;
    %store/vec4 v00000000016acae0_0, 0, 1;
    %end;
    .thread T_14;
    .scope S_00000000016a6430;
T_15 ;
    %wait E_00000000012d9ff0;
    %load/vec4 v00000000016ae2a0_0;
    %pad/u 32;
    %pushi/vec4 0, 0, 32;
    %cmp/e;
    %flag_get/vec4 4;
    %load/vec4 v00000000016ae840_0;
    %pad/u 32;
    %pushi/vec4 1, 0, 32;
    %cmp/e;
    %flag_get/vec4 4;
    %and;
    %assign/vec4 v00000000016acae0_0, 0;
    %load/vec4 v00000000016ae840_0;
    %assign/vec4 v00000000016ae2a0_0, 0;
    %jmp T_15;
    .thread T_15;
    .scope S_00000000016a6430;
T_16 ;
    %wait E_00000000012d9ff0;
    %load/vec4 v00000000016acae0_0;
    %flag_set/vec4 8;
    %jmp/0xz  T_16.0, 8;
    %load/vec4 v00000000016acc20_0;
    %assign/vec4 v00000000016ae020_0, 0;
T_16.0 ;
    %jmp T_16;
    .thread T_16;
    .scope S_00000000012debb0;
T_17 ;
    %pushi/vec4 0, 0, 1;
    %store/vec4 v00000000016b3f70_0, 0, 1;
    %end;
    .thread T_17;
    .scope S_00000000012debb0;
T_18 ;
    %delay 5, 0;
    %load/vec4 v00000000016b3f70_0;
    %inv;
    %store/vec4 v00000000016b3f70_0, 0, 1;
    %jmp T_18;
    .thread T_18;
    .scope S_00000000012debb0;
T_19 ;
    %pushi/vec4 0, 0, 10;
    %store/vec4 v00000000016b43d0_0, 0, 10;
    %delay 5000, 0;
    %pushi/vec4 1, 0, 1;
    %ix/load 4, 2, 0;
    %flag_set/imm 4, 0;
    %store/vec4 v00000000016b43d0_0, 4, 1;
    %delay 5000, 0;
    %pushi/vec4 0, 0, 1;
    %ix/load 4, 2, 0;
    %flag_set/imm 4, 0;
    %store/vec4 v00000000016b43d0_0, 4, 1;
    %delay 5000, 0;
    %pushi/vec4 1, 0, 1;
    %ix/load 4, 3, 0;
    %flag_set/imm 4, 0;
    %store/vec4 v00000000016b43d0_0, 4, 1;
    %delay 5000, 0;
    %pushi/vec4 0, 0, 1;
    %ix/load 4, 3, 0;
    %flag_set/imm 4, 0;
    %store/vec4 v00000000016b43d0_0, 4, 1;
    %delay 5000, 0;
    %pushi/vec4 1, 0, 1;
    %ix/load 4, 3, 0;
    %flag_set/imm 4, 0;
    %store/vec4 v00000000016b43d0_0, 4, 1;
    %delay 5000, 0;
    %pushi/vec4 0, 0, 1;
    %ix/load 4, 3, 0;
    %flag_set/imm 4, 0;
    %store/vec4 v00000000016b43d0_0, 4, 1;
    %delay 5000, 0;
    %pushi/vec4 1, 0, 1;
    %ix/load 4, 4, 0;
    %flag_set/imm 4, 0;
    %store/vec4 v00000000016b43d0_0, 4, 1;
    %delay 5000, 0;
    %pushi/vec4 0, 0, 1;
    %ix/load 4, 4, 0;
    %flag_set/imm 4, 0;
    %store/vec4 v00000000016b43d0_0, 4, 1;
    %delay 5000, 0;
    %pushi/vec4 1, 0, 1;
    %ix/load 4, 8, 0;
    %flag_set/imm 4, 0;
    %store/vec4 v00000000016b43d0_0, 4, 1;
    %delay 5000, 0;
    %pushi/vec4 1, 0, 1;
    %ix/load 4, 2, 0;
    %flag_set/imm 4, 0;
    %store/vec4 v00000000016b43d0_0, 4, 1;
    %pushi/vec4 1, 0, 1;
    %ix/load 4, 3, 0;
    %flag_set/imm 4, 0;
    %store/vec4 v00000000016b43d0_0, 4, 1;
    %pushi/vec4 1, 0, 1;
    %ix/load 4, 9, 0;
    %flag_set/imm 4, 0;
    %store/vec4 v00000000016b43d0_0, 4, 1;
    %delay 5000, 0;
    %pushi/vec4 0, 0, 1;
    %ix/load 4, 9, 0;
    %flag_set/imm 4, 0;
    %store/vec4 v00000000016b43d0_0, 4, 1;
    %pushi/vec4 0, 0, 1;
    %ix/load 4, 8, 0;
    %flag_set/imm 4, 0;
    %store/vec4 v00000000016b43d0_0, 4, 1;
    %end;
    .thread T_19;
    .scope S_00000000012debb0;
T_20 ;
    %vpi_call 2 38 "$dumpfile", ".\134build\134wave.vcd" {0 0 0};
    %vpi_call 2 39 "$dumpvars", 32'sb00000000000000000000000000000000, S_00000000012debb0 {0 0 0};
    %delay 1000000, 0;
    %vpi_call 2 40 "$finish" {0 0 0};
    %end;
    .thread T_20;
# The file index is used to find the file name in the following table.
:file_names 10;
    "N/A";
    "<interactive>";
    ".\src\testbench_top.v";
    ".\src\top.v";
    ".\src\MyMC14495.v";
    ".\src\clkdiv.v";
    ".\src\display.v";
    ".\src\MUX41.v";
    ".\src\createnumber.v";
    ".\src\operations.v";
