#! /usr/local/iverilog/bin/vvp
:ivl_version "11.0 (devel)" "(s20150603-642-g3bdb50da)";
:ivl_delay_selection "TYPICAL";
:vpi_time_precision - 9;
:vpi_module "system";
:vpi_module "vhdl_sys";
:vpi_module "vhdl_textio";
:vpi_module "v2005_math";
:vpi_module "va_math";
S_0000000001296e10 .scope module, "uut" "uut" 2 3;
 .timescale -9 -9;
v000000000163da10_0 .net "AN", 3 0, L_000000000168f730;  1 drivers
v000000000163ca70_0 .net "BTNX4", 0 0, L_000000000128c640;  1 drivers
v000000000163cb10_0 .net "SEGMENT", 7 0, L_000000000168d3b0;  1 drivers
v000000000163e190_0 .var "SW", 8 0;
v000000000163de70_0 .var "btn", 3 0;
v000000000163dab0_0 .var "clk", 0 0;
S_0000000001242740 .scope module, "uut0" "top" 2 18, 3 1 0, S_0000000001296e10;
 .timescale 0 0;
    .port_info 0 /INPUT 4 "btn";
    .port_info 1 /INPUT 1 "clk";
    .port_info 2 /INPUT 9 "SW";
    .port_info 3 /OUTPUT 4 "AN";
    .port_info 4 /OUTPUT 8 "SEGMENT";
    .port_info 5 /OUTPUT 1 "clk_LED";
    .port_info 6 /OUTPUT 1 "o_LED";
    .port_info 7 /OUTPUT 1 "clr_LED";
    .port_info 8 /OUTPUT 1 "EN_LED";
    .port_info 9 /OUTPUT 1 "BTNX4";
    .port_info 10 /OUTPUT 1 "Ring";
L_000000000128c640 .functor BUFZ 1, v000000000163d970_0, C4<0>, C4<0>, C4<0>;
L_000000000128c5d0 .functor BUFZ 1, v000000000163d970_0, C4<0>, C4<0>, C4<0>;
L_000000000124b6c0 .functor BUFZ 1, v000000000163d970_0, C4<0>, C4<0>, C4<0>;
v000000000163ec30_0 .net "AN", 3 0, L_000000000168f730;  alias, 1 drivers
v000000000163ee10_0 .net "BTNX4", 0 0, L_000000000128c640;  alias, 1 drivers
L_0000000001640288 .functor BUFT 1, C4<1>, C4<0>, C4<0>, C4<0>;
v000000000163c2f0_0 .net "EN_LED", 0 0, L_0000000001640288;  1 drivers
v000000000163d970_0 .var "GND", 0 0;
v000000000163dbf0_0 .net "Hex", 3 0, L_000000000168c050;  1 drivers
v000000000163d510_0 .net "I0", 3 0, v000000000163ecd0_0;  1 drivers
v000000000163c610_0 .net "I1", 3 0, v000000000163fb30_0;  1 drivers
v000000000163cc50_0 .net "I2", 3 0, v000000000163f6d0_0;  1 drivers
v000000000163d330_0 .net "I3", 3 0, v000000000163fc70_0;  1 drivers
v000000000163e7d0_0 .net "LE", 0 0, L_000000000168fc00;  1 drivers
v000000000163e550_0 .net "P", 0 0, L_000000000168fce0;  1 drivers
v000000000163d5b0_0 .net "RST", 0 0, L_000000000128c5d0;  1 drivers
v000000000163e2d0_0 .net "Ring", 0 0, L_000000000124b6c0;  1 drivers
v000000000163d650_0 .net "SEGMENT", 7 0, L_000000000168d3b0;  alias, 1 drivers
v000000000163e730_0 .net "SW", 8 0, v000000000163e190_0;  1 drivers
v000000000163e690_0 .net "btn", 3 0, v000000000163de70_0;  1 drivers
v000000000163ccf0_0 .net "clk", 0 0, v000000000163dab0_0;  1 drivers
v000000000163d790_0 .net "clk_LED", 0 0, L_0000000001696e10;  1 drivers
v000000000163e910_0 .net "clkd", 31 0, v0000000001634670_0;  1 drivers
L_00000000016402d0 .functor BUFT 1, C4<1>, C4<0>, C4<0>, C4<0>;
v000000000163c390_0 .net "clr_LED", 0 0, L_00000000016402d0;  1 drivers
v000000000163e870_0 .net "o_LED", 0 0, L_0000000001696550;  1 drivers
L_000000000163d1f0 .part v0000000001634670_0, 3, 1;
L_000000000168c230 .part v000000000163e190_0, 0, 4;
L_000000000168ba10 .part v000000000163e190_0, 4, 4;
L_000000000168c410 .part v0000000001634670_0, 7, 2;
L_000000000168c2d0 .part L_000000000168c050, 0, 1;
L_000000000168b330 .part L_000000000168c050, 1, 1;
L_000000000168b470 .part L_000000000168c050, 2, 1;
L_000000000168d4f0 .part L_000000000168c050, 3, 1;
LS_000000000168d3b0_0_0 .concat8 [ 1 1 1 1], L_00000000016926e0, L_0000000001692360, L_00000000016930f0, L_00000000016934c0;
LS_000000000168d3b0_0_4 .concat8 [ 1 1 1 1], L_0000000001693a70, L_0000000001694020, L_0000000001696240, L_00000000016964e0;
L_000000000168d3b0 .concat8 [ 4 4 0 0], LS_000000000168d3b0_0_0, LS_000000000168d3b0_0_4;
L_000000000168d450 .part v000000000163e190_0, 8, 1;
L_000000000168d8b0 .part v0000000001634670_0, 3, 1;
S_00000000012428d0 .scope module, "MyMc" "MyMC14495" 3 27, 4 1 0, S_0000000001242740;
 .timescale 0 0;
    .port_info 0 /INPUT 1 "D0";
    .port_info 1 /INPUT 1 "D1";
    .port_info 2 /INPUT 1 "D2";
    .port_info 3 /INPUT 1 "D3";
    .port_info 4 /INPUT 1 "LE";
    .port_info 5 /INPUT 1 "point";
    .port_info 6 /OUTPUT 1 "a";
    .port_info 7 /OUTPUT 1 "b";
    .port_info 8 /OUTPUT 1 "c";
    .port_info 9 /OUTPUT 1 "d";
    .port_info 10 /OUTPUT 1 "e";
    .port_info 11 /OUTPUT 1 "f";
    .port_info 12 /OUTPUT 1 "g";
    .port_info 13 /OUTPUT 1 "p";
L_000000000168f8f0 .functor NOT 1, L_000000000168c2d0, C4<0>, C4<0>, C4<0>;
L_000000000168f6c0 .functor NOT 1, L_000000000168b330, C4<0>, C4<0>, C4<0>;
L_000000000168f7a0 .functor NOT 1, L_000000000168b470, C4<0>, C4<0>, C4<0>;
L_000000000168f810 .functor NOT 1, L_000000000168d4f0, C4<0>, C4<0>, C4<0>;
L_000000000168fe30 .functor AND 1, L_000000000168f810, L_000000000168f7a0, C4<1>, C4<1>;
L_000000000168fff0 .functor AND 1, L_000000000168fe30, L_000000000168f6c0, C4<1>, C4<1>;
L_000000000168ff80 .functor AND 1, L_000000000168fff0, L_000000000168c2d0, C4<1>, C4<1>;
L_000000000168f960 .functor AND 1, L_000000000168f810, L_000000000168b470, C4<1>, C4<1>;
L_000000000168fa40 .functor AND 1, L_000000000168f960, L_000000000168f6c0, C4<1>, C4<1>;
L_000000000168f9d0 .functor AND 1, L_000000000168fa40, L_000000000168f8f0, C4<1>, C4<1>;
L_0000000001690060 .functor OR 1, L_000000000168ff80, L_000000000168f9d0, C4<0>, C4<0>;
L_000000000168f1f0 .functor AND 1, L_000000000168d4f0, L_000000000168f7a0, C4<1>, C4<1>;
L_0000000001692a60 .functor AND 1, L_000000000168f1f0, L_000000000168b330, C4<1>, C4<1>;
L_00000000016924b0 .functor AND 1, L_0000000001692a60, L_000000000168c2d0, C4<1>, C4<1>;
L_0000000001692980 .functor OR 1, L_0000000001690060, L_00000000016924b0, C4<0>, C4<0>;
L_0000000001693010 .functor AND 1, L_000000000168d4f0, L_000000000168b470, C4<1>, C4<1>;
L_0000000001692f30 .functor AND 1, L_0000000001693010, L_000000000168f6c0, C4<1>, C4<1>;
L_00000000016929f0 .functor AND 1, L_0000000001692f30, L_000000000168c2d0, C4<1>, C4<1>;
L_0000000001692ad0 .functor OR 1, L_0000000001692980, L_00000000016929f0, C4<0>, C4<0>;
L_00000000016926e0 .functor OR 1, L_000000000168fc00, L_0000000001692ad0, C4<0>, C4<0>;
L_0000000001692b40 .functor AND 1, L_000000000168f810, L_000000000168b470, C4<1>, C4<1>;
L_0000000001692280 .functor AND 1, L_0000000001692b40, L_000000000168f6c0, C4<1>, C4<1>;
L_0000000001692bb0 .functor AND 1, L_0000000001692280, L_000000000168c2d0, C4<1>, C4<1>;
L_0000000001692520 .functor AND 1, L_000000000168b470, L_000000000168b330, C4<1>, C4<1>;
L_0000000001692590 .functor AND 1, L_0000000001692520, L_000000000168f8f0, C4<1>, C4<1>;
L_00000000016922f0 .functor OR 1, L_0000000001692bb0, L_0000000001692590, C4<0>, C4<0>;
L_0000000001692d00 .functor AND 1, L_000000000168d4f0, L_000000000168b470, C4<1>, C4<1>;
L_0000000001693080 .functor AND 1, L_0000000001692d00, L_000000000168f8f0, C4<1>, C4<1>;
L_0000000001692910 .functor OR 1, L_00000000016922f0, L_0000000001693080, C4<0>, C4<0>;
L_0000000001692d70 .functor AND 1, L_000000000168d4f0, L_000000000168b330, C4<1>, C4<1>;
L_0000000001692750 .functor AND 1, L_0000000001692d70, L_000000000168c2d0, C4<1>, C4<1>;
L_0000000001692c20 .functor OR 1, L_0000000001692910, L_0000000001692750, C4<0>, C4<0>;
L_0000000001692360 .functor OR 1, L_000000000168fc00, L_0000000001692c20, C4<0>, C4<0>;
L_00000000016927c0 .functor AND 1, L_000000000168f810, L_000000000168f7a0, C4<1>, C4<1>;
L_0000000001692c90 .functor AND 1, L_00000000016927c0, L_000000000168b330, C4<1>, C4<1>;
L_0000000001692ec0 .functor AND 1, L_0000000001692c90, L_000000000168f8f0, C4<1>, C4<1>;
L_0000000001692600 .functor AND 1, L_000000000168d4f0, L_000000000168b470, C4<1>, C4<1>;
L_0000000001692de0 .functor AND 1, L_0000000001692600, L_000000000168f8f0, C4<1>, C4<1>;
L_0000000001692670 .functor OR 1, L_0000000001692ec0, L_0000000001692de0, C4<0>, C4<0>;
L_0000000001692e50 .functor AND 1, L_000000000168d4f0, L_000000000168b470, C4<1>, C4<1>;
L_0000000001692fa0 .functor AND 1, L_0000000001692e50, L_000000000168b330, C4<1>, C4<1>;
L_0000000001692830 .functor OR 1, L_0000000001692670, L_0000000001692fa0, C4<0>, C4<0>;
L_00000000016930f0 .functor OR 1, L_000000000168fc00, L_0000000001692830, C4<0>, C4<0>;
L_00000000016928a0 .functor AND 1, L_000000000168f810, L_000000000168f7a0, C4<1>, C4<1>;
L_0000000001692210 .functor AND 1, L_00000000016928a0, L_000000000168f6c0, C4<1>, C4<1>;
L_00000000016923d0 .functor AND 1, L_0000000001692210, L_000000000168c2d0, C4<1>, C4<1>;
L_0000000001692440 .functor AND 1, L_000000000168f810, L_000000000168b470, C4<1>, C4<1>;
L_0000000001693220 .functor AND 1, L_0000000001692440, L_000000000168f6c0, C4<1>, C4<1>;
L_00000000016933e0 .functor AND 1, L_0000000001693220, L_000000000168f8f0, C4<1>, C4<1>;
L_00000000016938b0 .functor OR 1, L_00000000016923d0, L_00000000016933e0, C4<0>, C4<0>;
L_0000000001693300 .functor AND 1, L_000000000168b470, L_000000000168b330, C4<1>, C4<1>;
L_0000000001693920 .functor AND 1, L_0000000001693300, L_000000000168c2d0, C4<1>, C4<1>;
L_0000000001693290 .functor OR 1, L_00000000016938b0, L_0000000001693920, C4<0>, C4<0>;
L_0000000001694090 .functor AND 1, L_000000000168d4f0, L_000000000168f7a0, C4<1>, C4<1>;
L_00000000016936f0 .functor AND 1, L_0000000001694090, L_000000000168b330, C4<1>, C4<1>;
L_0000000001693450 .functor AND 1, L_00000000016936f0, L_000000000168f8f0, C4<1>, C4<1>;
L_0000000001694100 .functor OR 1, L_0000000001693290, L_0000000001693450, C4<0>, C4<0>;
L_00000000016934c0 .functor OR 1, L_000000000168fc00, L_0000000001694100, C4<0>, C4<0>;
L_0000000001693370 .functor AND 1, L_000000000168f810, L_000000000168c2d0, C4<1>, C4<1>;
L_0000000001693f40 .functor AND 1, L_000000000168f810, L_000000000168b470, C4<1>, C4<1>;
L_0000000001693ae0 .functor AND 1, L_0000000001693f40, L_000000000168f6c0, C4<1>, C4<1>;
L_0000000001693760 .functor OR 1, L_0000000001693370, L_0000000001693ae0, C4<0>, C4<0>;
L_0000000001693840 .functor AND 1, L_000000000168f7a0, L_000000000168f6c0, C4<1>, C4<1>;
L_0000000001693530 .functor AND 1, L_0000000001693840, L_000000000168c2d0, C4<1>, C4<1>;
L_0000000001693b50 .functor OR 1, L_0000000001693760, L_0000000001693530, C4<0>, C4<0>;
L_0000000001693a70 .functor OR 1, L_000000000168fc00, L_0000000001693b50, C4<0>, C4<0>;
L_0000000001693610 .functor AND 1, L_000000000168f810, L_000000000168f7a0, C4<1>, C4<1>;
L_00000000016935a0 .functor AND 1, L_0000000001693610, L_000000000168c2d0, C4<1>, C4<1>;
L_0000000001693df0 .functor AND 1, L_000000000168f810, L_000000000168f7a0, C4<1>, C4<1>;
L_0000000001693680 .functor AND 1, L_0000000001693df0, L_000000000168b330, C4<1>, C4<1>;
L_0000000001693ed0 .functor OR 1, L_00000000016935a0, L_0000000001693680, C4<0>, C4<0>;
L_00000000016937d0 .functor AND 1, L_000000000168f810, L_000000000168b330, C4<1>, C4<1>;
L_0000000001693fb0 .functor AND 1, L_00000000016937d0, L_000000000168c2d0, C4<1>, C4<1>;
L_0000000001693990 .functor OR 1, L_0000000001693ed0, L_0000000001693fb0, C4<0>, C4<0>;
L_0000000001693bc0 .functor AND 1, L_000000000168d4f0, L_000000000168b470, C4<1>, C4<1>;
L_0000000001693d80 .functor AND 1, L_0000000001693bc0, L_000000000168f6c0, C4<1>, C4<1>;
L_0000000001693a00 .functor AND 1, L_0000000001693d80, L_000000000168c2d0, C4<1>, C4<1>;
L_0000000001693c30 .functor OR 1, L_0000000001693990, L_0000000001693a00, C4<0>, C4<0>;
L_0000000001694020 .functor OR 1, L_000000000168fc00, L_0000000001693c30, C4<0>, C4<0>;
L_0000000001693ca0 .functor AND 1, L_000000000168f810, L_000000000168f7a0, C4<1>, C4<1>;
L_0000000001693d10 .functor AND 1, L_0000000001693ca0, L_000000000168f6c0, C4<1>, C4<1>;
L_0000000001693e60 .functor AND 1, L_000000000168f810, L_000000000168b470, C4<1>, C4<1>;
L_0000000001696fd0 .functor AND 1, L_0000000001693e60, L_000000000168b330, C4<1>, C4<1>;
L_0000000001696b00 .functor AND 1, L_0000000001696fd0, L_000000000168c2d0, C4<1>, C4<1>;
L_0000000001697ac0 .functor OR 1, L_0000000001693d10, L_0000000001696b00, C4<0>, C4<0>;
L_0000000001696da0 .functor AND 1, L_000000000168d4f0, L_000000000168b470, C4<1>, C4<1>;
L_0000000001697510 .functor AND 1, L_0000000001696da0, L_000000000168f6c0, C4<1>, C4<1>;
L_00000000016972e0 .functor AND 1, L_0000000001697510, L_000000000168f8f0, C4<1>, C4<1>;
L_0000000001696470 .functor OR 1, L_0000000001697ac0, L_00000000016972e0, C4<0>, C4<0>;
L_0000000001696240 .functor OR 1, L_000000000168fc00, L_0000000001696470, C4<0>, C4<0>;
L_00000000016964e0 .functor NOT 1, L_000000000168fce0, C4<0>, C4<0>, C4<0>;
v000000000128a160_0 .net "D0", 0 0, L_000000000168c2d0;  1 drivers
v000000000128a200_0 .net "D0n", 0 0, L_000000000168f8f0;  1 drivers
v000000000128a5c0_0 .net "D1", 0 0, L_000000000168b330;  1 drivers
v000000000128a340_0 .net "D1n", 0 0, L_000000000168f6c0;  1 drivers
v000000000128a520_0 .net "D2", 0 0, L_000000000168b470;  1 drivers
v000000000128a3e0_0 .net "D2n", 0 0, L_000000000168f7a0;  1 drivers
v000000000124e150_0 .net "D3", 0 0, L_000000000168d4f0;  1 drivers
v000000000124cf30_0 .net "D3n", 0 0, L_000000000168f810;  1 drivers
v000000000124e3d0_0 .net "LE", 0 0, L_000000000168fc00;  alias, 1 drivers
v0000000001633a60_0 .net *"_s10", 0 0, L_000000000168fff0;  1 drivers
v0000000001632660_0 .net *"_s100", 0 0, L_0000000001693300;  1 drivers
v00000000016323e0_0 .net *"_s102", 0 0, L_0000000001693920;  1 drivers
v0000000001632480_0 .net *"_s104", 0 0, L_0000000001693290;  1 drivers
v0000000001632520_0 .net *"_s106", 0 0, L_0000000001694090;  1 drivers
v0000000001633ce0_0 .net *"_s108", 0 0, L_00000000016936f0;  1 drivers
v0000000001633e20_0 .net *"_s110", 0 0, L_0000000001693450;  1 drivers
v0000000001633380_0 .net *"_s112", 0 0, L_0000000001694100;  1 drivers
v00000000016322a0_0 .net *"_s116", 0 0, L_0000000001693370;  1 drivers
v0000000001633920_0 .net *"_s118", 0 0, L_0000000001693f40;  1 drivers
v0000000001633240_0 .net *"_s12", 0 0, L_000000000168ff80;  1 drivers
v0000000001633ec0_0 .net *"_s120", 0 0, L_0000000001693ae0;  1 drivers
v0000000001632700_0 .net *"_s122", 0 0, L_0000000001693760;  1 drivers
v0000000001632de0_0 .net *"_s124", 0 0, L_0000000001693840;  1 drivers
v0000000001632200_0 .net *"_s126", 0 0, L_0000000001693530;  1 drivers
v00000000016336a0_0 .net *"_s128", 0 0, L_0000000001693b50;  1 drivers
v0000000001633740_0 .net *"_s132", 0 0, L_0000000001693610;  1 drivers
v00000000016327a0_0 .net *"_s134", 0 0, L_00000000016935a0;  1 drivers
v0000000001633880_0 .net *"_s136", 0 0, L_0000000001693df0;  1 drivers
v0000000001633c40_0 .net *"_s138", 0 0, L_0000000001693680;  1 drivers
v0000000001633b00_0 .net *"_s14", 0 0, L_000000000168f960;  1 drivers
v0000000001632840_0 .net *"_s140", 0 0, L_0000000001693ed0;  1 drivers
v0000000001632160_0 .net *"_s142", 0 0, L_00000000016937d0;  1 drivers
v0000000001632fc0_0 .net *"_s144", 0 0, L_0000000001693fb0;  1 drivers
v0000000001633ba0_0 .net *"_s146", 0 0, L_0000000001693990;  1 drivers
v00000000016328e0_0 .net *"_s148", 0 0, L_0000000001693bc0;  1 drivers
v0000000001633420_0 .net *"_s150", 0 0, L_0000000001693d80;  1 drivers
v00000000016325c0_0 .net *"_s152", 0 0, L_0000000001693a00;  1 drivers
v0000000001633d80_0 .net *"_s154", 0 0, L_0000000001693c30;  1 drivers
v0000000001632f20_0 .net *"_s158", 0 0, L_0000000001693ca0;  1 drivers
v0000000001633f60_0 .net *"_s16", 0 0, L_000000000168fa40;  1 drivers
v0000000001632d40_0 .net *"_s160", 0 0, L_0000000001693d10;  1 drivers
v0000000001634000_0 .net *"_s162", 0 0, L_0000000001693e60;  1 drivers
v0000000001633060_0 .net *"_s164", 0 0, L_0000000001696fd0;  1 drivers
v0000000001632e80_0 .net *"_s166", 0 0, L_0000000001696b00;  1 drivers
v0000000001632340_0 .net *"_s168", 0 0, L_0000000001697ac0;  1 drivers
v00000000016339c0_0 .net *"_s170", 0 0, L_0000000001696da0;  1 drivers
v0000000001632a20_0 .net *"_s172", 0 0, L_0000000001697510;  1 drivers
v0000000001632980_0 .net *"_s174", 0 0, L_00000000016972e0;  1 drivers
v0000000001632ac0_0 .net *"_s176", 0 0, L_0000000001696470;  1 drivers
v0000000001632b60_0 .net *"_s18", 0 0, L_000000000168f9d0;  1 drivers
v0000000001633560_0 .net *"_s20", 0 0, L_0000000001690060;  1 drivers
v0000000001632c00_0 .net *"_s22", 0 0, L_000000000168f1f0;  1 drivers
v0000000001632ca0_0 .net *"_s24", 0 0, L_0000000001692a60;  1 drivers
v0000000001633100_0 .net *"_s26", 0 0, L_00000000016924b0;  1 drivers
v00000000016331a0_0 .net *"_s28", 0 0, L_0000000001692980;  1 drivers
v00000000016332e0_0 .net *"_s30", 0 0, L_0000000001693010;  1 drivers
v00000000016334c0_0 .net *"_s32", 0 0, L_0000000001692f30;  1 drivers
v0000000001633600_0 .net *"_s34", 0 0, L_00000000016929f0;  1 drivers
v00000000016337e0_0 .net *"_s36", 0 0, L_0000000001692ad0;  1 drivers
v0000000001634990_0 .net *"_s40", 0 0, L_0000000001692b40;  1 drivers
v0000000001635250_0 .net *"_s42", 0 0, L_0000000001692280;  1 drivers
v0000000001634210_0 .net *"_s44", 0 0, L_0000000001692bb0;  1 drivers
v0000000001634d50_0 .net *"_s46", 0 0, L_0000000001692520;  1 drivers
v0000000001634350_0 .net *"_s48", 0 0, L_0000000001692590;  1 drivers
v00000000016351b0_0 .net *"_s50", 0 0, L_00000000016922f0;  1 drivers
v0000000001634490_0 .net *"_s52", 0 0, L_0000000001692d00;  1 drivers
v00000000016352f0_0 .net *"_s54", 0 0, L_0000000001693080;  1 drivers
v00000000016354d0_0 .net *"_s56", 0 0, L_0000000001692910;  1 drivers
v0000000001634850_0 .net *"_s58", 0 0, L_0000000001692d70;  1 drivers
v0000000001635f70_0 .net *"_s60", 0 0, L_0000000001692750;  1 drivers
v0000000001635570_0 .net *"_s62", 0 0, L_0000000001692c20;  1 drivers
v0000000001634710_0 .net *"_s66", 0 0, L_00000000016927c0;  1 drivers
v0000000001634b70_0 .net *"_s68", 0 0, L_0000000001692c90;  1 drivers
v0000000001635610_0 .net *"_s70", 0 0, L_0000000001692ec0;  1 drivers
v0000000001635930_0 .net *"_s72", 0 0, L_0000000001692600;  1 drivers
v00000000016342b0_0 .net *"_s74", 0 0, L_0000000001692de0;  1 drivers
v0000000001636010_0 .net *"_s76", 0 0, L_0000000001692670;  1 drivers
v0000000001634df0_0 .net *"_s78", 0 0, L_0000000001692e50;  1 drivers
v00000000016356b0_0 .net *"_s8", 0 0, L_000000000168fe30;  1 drivers
v0000000001635ed0_0 .net *"_s80", 0 0, L_0000000001692fa0;  1 drivers
v0000000001634e90_0 .net *"_s82", 0 0, L_0000000001692830;  1 drivers
v00000000016359d0_0 .net *"_s86", 0 0, L_00000000016928a0;  1 drivers
v0000000001634c10_0 .net *"_s88", 0 0, L_0000000001692210;  1 drivers
v00000000016348f0_0 .net *"_s90", 0 0, L_00000000016923d0;  1 drivers
v0000000001635cf0_0 .net *"_s92", 0 0, L_0000000001692440;  1 drivers
v0000000001634f30_0 .net *"_s94", 0 0, L_0000000001693220;  1 drivers
v00000000016347b0_0 .net *"_s96", 0 0, L_00000000016933e0;  1 drivers
v0000000001634a30_0 .net *"_s98", 0 0, L_00000000016938b0;  1 drivers
v0000000001634170_0 .net "a", 0 0, L_00000000016926e0;  1 drivers
v0000000001634530_0 .net "b", 0 0, L_0000000001692360;  1 drivers
v00000000016343f0_0 .net "c", 0 0, L_00000000016930f0;  1 drivers
v00000000016345d0_0 .net "d", 0 0, L_00000000016934c0;  1 drivers
v0000000001635750_0 .net "e", 0 0, L_0000000001693a70;  1 drivers
v0000000001634cb0_0 .net "f", 0 0, L_0000000001694020;  1 drivers
v00000000016357f0_0 .net "g", 0 0, L_0000000001696240;  1 drivers
v0000000001634fd0_0 .net "p", 0 0, L_00000000016964e0;  1 drivers
v0000000001635070_0 .net "point", 0 0, L_000000000168fce0;  alias, 1 drivers
S_0000000001232070 .scope module, "cd" "clkdiv" 3 23, 5 1 0, S_0000000001242740;
 .timescale 0 0;
    .port_info 0 /INPUT 1 "clk";
    .port_info 1 /INPUT 1 "rst";
    .port_info 2 /OUTPUT 32 "clkdiv";
v0000000001634ad0_0 .net "clk", 0 0, v000000000163dab0_0;  alias, 1 drivers
v0000000001634670_0 .var "clkdiv", 31 0;
v0000000001635d90_0 .net "rst", 0 0, L_000000000128c5d0;  alias, 1 drivers
E_0000000001281690 .event posedge, v0000000001635d90_0, v0000000001634ad0_0;
S_0000000001232200 .scope module, "ctrl1" "LED_ctrl" 3 30, 6 1 0, S_0000000001242740;
 .timescale 0 0;
    .port_info 0 /INPUT 4 "I0";
    .port_info 1 /INPUT 4 "I1";
    .port_info 2 /INPUT 4 "I2";
    .port_info 3 /INPUT 4 "I3";
    .port_info 4 /INPUT 1 "start";
    .port_info 5 /INPUT 1 "clk";
    .port_info 6 /OUTPUT 1 "clk_LED";
    .port_info 7 /OUTPUT 1 "o_LED";
    .port_info 8 /OUTPUT 1 "clr_LED";
    .port_info 9 /OUTPUT 1 "EN_LED";
L_0000000001696c50 .functor AND 1, L_000000000168d8b0, v0000000001635b10_0, C4<1>, C4<1>;
L_0000000001696e10 .functor OR 1, L_0000000001696c50, v0000000001636ae0_0, C4<0>, C4<0>;
L_0000000001696550 .functor BUFZ 1, v0000000001636d60_0, C4<0>, C4<0>, C4<0>;
v0000000001635110_0 .net "EN_LED", 0 0, L_0000000001640288;  alias, 1 drivers
v0000000001635390_0 .net "I0", 3 0, v000000000163ecd0_0;  alias, 1 drivers
v0000000001635430_0 .net "I1", 3 0, v000000000163fb30_0;  alias, 1 drivers
v0000000001635890_0 .net "I2", 3 0, v000000000163f6d0_0;  alias, 1 drivers
v0000000001635a70_0 .net "I3", 3 0, v000000000163fc70_0;  alias, 1 drivers
v0000000001635b10_0 .var "ST", 0 0;
v0000000001635bb0_0 .net *"_s4", 0 0, L_0000000001696c50;  1 drivers
v0000000001635c50_0 .net "bits", 15 0, L_000000000168bab0;  1 drivers
v0000000001635e30_0 .net "clk", 0 0, L_000000000168d8b0;  1 drivers
v0000000001636220_0 .net "clk_LED", 0 0, L_0000000001696e10;  alias, 1 drivers
v00000000016365e0_0 .net "clr_LED", 0 0, L_00000000016402d0;  alias, 1 drivers
v0000000001636ae0_0 .var "delay_1", 0 0;
v00000000016373a0_0 .var "now", 3 0;
v0000000001637080_0 .net "o_LED", 0 0, L_0000000001696550;  alias, 1 drivers
v0000000001636b80_0 .var "old_start", 0 0;
v0000000001636d60_0 .var "outp", 0 0;
v00000000016369a0_0 .net "start", 0 0, L_000000000168d450;  1 drivers
E_0000000001281710 .event posedge, v0000000001635e30_0;
L_000000000168bab0 .concat [ 4 4 4 4], v000000000163ecd0_0, v000000000163fb30_0, v000000000163f6d0_0, v000000000163fc70_0;
S_00000000012365c0 .scope module, "ds" "display_sync" 3 26, 7 1 0, S_0000000001242740;
 .timescale 0 0;
    .port_info 0 /INPUT 4 "I0";
    .port_info 1 /INPUT 4 "I1";
    .port_info 2 /INPUT 4 "I2";
    .port_info 3 /INPUT 4 "I3";
    .port_info 4 /INPUT 4 "points";
    .port_info 5 /INPUT 4 "LES";
    .port_info 6 /INPUT 2 "scan";
    .port_info 7 /OUTPUT 4 "Hex";
    .port_info 8 /OUTPUT 4 "AN";
    .port_info 9 /OUTPUT 1 "p";
    .port_info 10 /OUTPUT 1 "LE";
L_000000000168f570 .functor AND 1, L_000000000168d770, L_000000000168bb50, C4<1>, C4<1>;
L_000000000168f340 .functor AND 1, L_000000000168d090, L_000000000168d130, C4<1>, C4<1>;
L_000000000168f2d0 .functor OR 1, L_000000000168f570, L_000000000168f340, C4<0>, C4<0>;
L_000000000168fab0 .functor AND 1, L_000000000168d810, L_000000000168c9b0, C4<1>, C4<1>;
L_000000000168f650 .functor OR 1, L_000000000168f2d0, L_000000000168fab0, C4<0>, C4<0>;
L_000000000168f3b0 .functor AND 1, L_000000000168b5b0, L_000000000168bdd0, C4<1>, C4<1>;
L_000000000168fce0 .functor OR 1, L_000000000168f650, L_000000000168f3b0, C4<0>, C4<0>;
L_000000000168fb90 .functor AND 1, L_000000000168b290, L_000000000168ca50, C4<1>, C4<1>;
L_000000000168f420 .functor AND 1, L_000000000168d270, L_000000000168b650, C4<1>, C4<1>;
L_000000000168fdc0 .functor OR 1, L_000000000168fb90, L_000000000168f420, C4<0>, C4<0>;
L_000000000168f5e0 .functor AND 1, L_000000000168cb90, L_000000000168cc30, C4<1>, C4<1>;
L_000000000168f490 .functor OR 1, L_000000000168fdc0, L_000000000168f5e0, C4<0>, C4<0>;
L_000000000168fc70 .functor AND 1, L_000000000168d310, L_000000000168ccd0, C4<1>, C4<1>;
L_000000000168fc00 .functor OR 1, L_000000000168f490, L_000000000168fc70, C4<0>, C4<0>;
L_000000000168f730 .functor NOT 4, L_000000000168b3d0, C4<0000>, C4<0000>, C4<0000>;
v000000000163a540_0 .net "AN", 3 0, L_000000000168f730;  alias, 1 drivers
v000000000163a860_0 .net "Hex", 3 0, L_000000000168c050;  alias, 1 drivers
v00000000016381a0_0 .net "I0", 3 0, v000000000163ecd0_0;  alias, 1 drivers
v000000000163b6c0_0 .net "I1", 3 0, v000000000163fb30_0;  alias, 1 drivers
v000000000163ac20_0 .net "I2", 3 0, v000000000163f6d0_0;  alias, 1 drivers
v000000000163ab80_0 .net "I3", 3 0, v000000000163fc70_0;  alias, 1 drivers
v000000000163ae00_0 .net "LE", 0 0, L_000000000168fc00;  alias, 1 drivers
v000000000163b4e0_0 .net "LES", 3 0, L_000000000168ba10;  1 drivers
v000000000163b300_0 .net "M", 3 0, L_000000000168b3d0;  1 drivers
v000000000163b800_0 .net *"_s1", 0 0, L_000000000168d770;  1 drivers
v000000000163aa40_0 .net *"_s10", 0 0, L_000000000168f340;  1 drivers
v000000000163b3a0_0 .net *"_s12", 0 0, L_000000000168f2d0;  1 drivers
v000000000163afe0_0 .net *"_s15", 0 0, L_000000000168d810;  1 drivers
v000000000163a9a0_0 .net *"_s17", 0 0, L_000000000168c9b0;  1 drivers
v000000000163b760_0 .net *"_s18", 0 0, L_000000000168fab0;  1 drivers
v000000000163acc0_0 .net *"_s20", 0 0, L_000000000168f650;  1 drivers
v000000000163ad60_0 .net *"_s23", 0 0, L_000000000168b5b0;  1 drivers
v000000000163aae0_0 .net *"_s25", 0 0, L_000000000168bdd0;  1 drivers
v000000000163b8a0_0 .net *"_s26", 0 0, L_000000000168f3b0;  1 drivers
v000000000163bf80_0 .net *"_s3", 0 0, L_000000000168bb50;  1 drivers
v000000000163b1c0_0 .net *"_s31", 0 0, L_000000000168b290;  1 drivers
v000000000163bb20_0 .net *"_s33", 0 0, L_000000000168ca50;  1 drivers
v000000000163b080_0 .net *"_s34", 0 0, L_000000000168fb90;  1 drivers
v000000000163aea0_0 .net *"_s37", 0 0, L_000000000168d270;  1 drivers
v000000000163b940_0 .net *"_s39", 0 0, L_000000000168b650;  1 drivers
v000000000163af40_0 .net *"_s4", 0 0, L_000000000168f570;  1 drivers
v000000000163b9e0_0 .net *"_s40", 0 0, L_000000000168f420;  1 drivers
v000000000163b120_0 .net *"_s42", 0 0, L_000000000168fdc0;  1 drivers
v000000000163bc60_0 .net *"_s45", 0 0, L_000000000168cb90;  1 drivers
v000000000163ba80_0 .net *"_s47", 0 0, L_000000000168cc30;  1 drivers
v000000000163b260_0 .net *"_s48", 0 0, L_000000000168f5e0;  1 drivers
v000000000163c020_0 .net *"_s50", 0 0, L_000000000168f490;  1 drivers
v000000000163b440_0 .net *"_s53", 0 0, L_000000000168d310;  1 drivers
v000000000163bbc0_0 .net *"_s55", 0 0, L_000000000168ccd0;  1 drivers
v000000000163b580_0 .net *"_s56", 0 0, L_000000000168fc70;  1 drivers
v000000000163b620_0 .net *"_s7", 0 0, L_000000000168d090;  1 drivers
v000000000163bd00_0 .net *"_s9", 0 0, L_000000000168d130;  1 drivers
v000000000163bda0_0 .net "p", 0 0, L_000000000168fce0;  alias, 1 drivers
v000000000163be40_0 .net "points", 3 0, L_000000000168c230;  1 drivers
v000000000163bee0_0 .net "scan", 1 0, L_000000000168c410;  1 drivers
L_000000000168d770 .part L_000000000168b3d0, 0, 1;
L_000000000168bb50 .part L_000000000168c230, 0, 1;
L_000000000168d090 .part L_000000000168b3d0, 1, 1;
L_000000000168d130 .part L_000000000168c230, 1, 1;
L_000000000168d810 .part L_000000000168b3d0, 2, 1;
L_000000000168c9b0 .part L_000000000168c230, 2, 1;
L_000000000168b5b0 .part L_000000000168b3d0, 3, 1;
L_000000000168bdd0 .part L_000000000168c230, 3, 1;
L_000000000168b290 .part L_000000000168b3d0, 0, 1;
L_000000000168ca50 .part L_000000000168ba10, 0, 1;
L_000000000168d270 .part L_000000000168b3d0, 1, 1;
L_000000000168b650 .part L_000000000168ba10, 1, 1;
L_000000000168cb90 .part L_000000000168b3d0, 2, 1;
L_000000000168cc30 .part L_000000000168ba10, 2, 1;
L_000000000168d310 .part L_000000000168b3d0, 3, 1;
L_000000000168ccd0 .part L_000000000168ba10, 3, 1;
S_0000000001236750 .scope module, "Muxb4" "Mux_4_1_b4" 7 7, 8 12 0, S_00000000012365c0;
 .timescale 0 0;
    .port_info 0 /INPUT 2 "s";
    .port_info 1 /INPUT 4 "I0";
    .port_info 2 /INPUT 4 "I1";
    .port_info 3 /INPUT 4 "I2";
    .port_info 4 /INPUT 4 "I3";
    .port_info 5 /OUTPUT 4 "o";
L_0000000001688770 .functor AND 1, L_000000000163cd90, L_000000000163ce30, C4<1>, C4<1>;
L_00000000016882a0 .functor AND 1, L_000000000163c890, L_000000000163c7f0, C4<1>, C4<1>;
L_00000000016890a0 .functor OR 1, L_0000000001688770, L_00000000016882a0, C4<0>, C4<0>;
L_0000000001688fc0 .functor AND 1, L_000000000163d470, L_000000000163e4b0, C4<1>, C4<1>;
L_0000000001688b60 .functor OR 1, L_00000000016890a0, L_0000000001688fc0, C4<0>, C4<0>;
L_0000000001688930 .functor AND 1, L_000000000163d6f0, L_000000000163cf70, C4<1>, C4<1>;
L_0000000001688230 .functor OR 1, L_0000000001688b60, L_0000000001688930, C4<0>, C4<0>;
L_0000000001688e70 .functor AND 1, L_000000000163d0b0, L_000000000163d150, C4<1>, C4<1>;
L_0000000001688310 .functor AND 1, L_000000000163d830, L_000000000163d290, C4<1>, C4<1>;
L_0000000001688620 .functor OR 1, L_0000000001688e70, L_0000000001688310, C4<0>, C4<0>;
L_00000000016889a0 .functor AND 1, L_000000000163c250, L_000000000163c930, C4<1>, C4<1>;
L_0000000001688d20 .functor OR 1, L_0000000001688620, L_00000000016889a0, C4<0>, C4<0>;
L_0000000001688380 .functor AND 1, L_000000000163d3d0, L_000000000163d8d0, C4<1>, C4<1>;
L_00000000016884d0 .functor OR 1, L_0000000001688d20, L_0000000001688380, C4<0>, C4<0>;
L_0000000001688540 .functor AND 1, L_000000000168caf0, L_000000000168c190, C4<1>, C4<1>;
L_0000000001688ee0 .functor AND 1, L_000000000168cff0, L_000000000168b8d0, C4<1>, C4<1>;
L_0000000001688690 .functor OR 1, L_0000000001688540, L_0000000001688ee0, C4<0>, C4<0>;
L_0000000001688700 .functor AND 1, L_000000000168d630, L_000000000168bbf0, C4<1>, C4<1>;
L_0000000001688af0 .functor OR 1, L_0000000001688690, L_0000000001688700, C4<0>, C4<0>;
L_0000000001688850 .functor AND 1, L_000000000168c7d0, L_000000000168c730, C4<1>, C4<1>;
L_00000000016887e0 .functor OR 1, L_0000000001688af0, L_0000000001688850, C4<0>, C4<0>;
L_0000000001688a10 .functor AND 1, L_000000000168b830, L_000000000168c370, C4<1>, C4<1>;
L_0000000001688a80 .functor AND 1, L_000000000168b970, L_000000000168b1f0, C4<1>, C4<1>;
L_0000000001688bd0 .functor OR 1, L_0000000001688a10, L_0000000001688a80, C4<0>, C4<0>;
L_0000000001688c40 .functor AND 1, L_000000000168bc90, L_000000000168c0f0, C4<1>, C4<1>;
L_0000000001688d90 .functor OR 1, L_0000000001688bd0, L_0000000001688c40, C4<0>, C4<0>;
L_0000000001688e00 .functor AND 1, L_000000000168c870, L_000000000168bd30, C4<1>, C4<1>;
L_0000000001688f50 .functor OR 1, L_0000000001688d90, L_0000000001688e00, C4<0>, C4<0>;
v0000000001637c60_0 .net "I0", 3 0, v000000000163ecd0_0;  alias, 1 drivers
v0000000001636fe0_0 .net "I1", 3 0, v000000000163fb30_0;  alias, 1 drivers
v0000000001637760_0 .net "I2", 3 0, v000000000163f6d0_0;  alias, 1 drivers
v0000000001637ee0_0 .net "I3", 3 0, v000000000163fc70_0;  alias, 1 drivers
v0000000001637260_0 .net "Muxer", 3 0, L_000000000163c750;  1 drivers
v0000000001637a80_0 .net *"_s100", 0 0, L_000000000168b830;  1 drivers
v0000000001636cc0_0 .net *"_s102", 0 0, L_000000000168c370;  1 drivers
v0000000001637f80_0 .net *"_s103", 0 0, L_0000000001688a10;  1 drivers
v0000000001636860_0 .net *"_s106", 0 0, L_000000000168b970;  1 drivers
v00000000016364a0_0 .net *"_s108", 0 0, L_000000000168b1f0;  1 drivers
v0000000001636900_0 .net *"_s109", 0 0, L_0000000001688a80;  1 drivers
v0000000001636e00_0 .net *"_s11", 0 0, L_000000000163c7f0;  1 drivers
v0000000001636ea0_0 .net *"_s111", 0 0, L_0000000001688bd0;  1 drivers
v0000000001636f40_0 .net *"_s114", 0 0, L_000000000168bc90;  1 drivers
v0000000001637120_0 .net *"_s116", 0 0, L_000000000168c0f0;  1 drivers
v0000000001637bc0_0 .net *"_s117", 0 0, L_0000000001688c40;  1 drivers
v0000000001637300_0 .net *"_s119", 0 0, L_0000000001688d90;  1 drivers
v0000000001637440_0 .net *"_s12", 0 0, L_00000000016882a0;  1 drivers
v00000000016374e0_0 .net *"_s122", 0 0, L_000000000168c870;  1 drivers
v0000000001637d00_0 .net *"_s124", 0 0, L_000000000168bd30;  1 drivers
v0000000001637580_0 .net *"_s125", 0 0, L_0000000001688e00;  1 drivers
v0000000001637620_0 .net *"_s127", 0 0, L_0000000001688f50;  1 drivers
v00000000016376c0_0 .net *"_s14", 0 0, L_00000000016890a0;  1 drivers
v00000000016378a0_0 .net *"_s17", 0 0, L_000000000163d470;  1 drivers
v0000000001639960_0 .net *"_s19", 0 0, L_000000000163e4b0;  1 drivers
v00000000016384c0_0 .net *"_s20", 0 0, L_0000000001688fc0;  1 drivers
v0000000001638560_0 .net *"_s22", 0 0, L_0000000001688b60;  1 drivers
v0000000001638920_0 .net *"_s25", 0 0, L_000000000163d6f0;  1 drivers
v0000000001638600_0 .net *"_s27", 0 0, L_000000000163cf70;  1 drivers
v0000000001638ce0_0 .net *"_s28", 0 0, L_0000000001688930;  1 drivers
v0000000001639aa0_0 .net *"_s3", 0 0, L_000000000163cd90;  1 drivers
v00000000016382e0_0 .net *"_s30", 0 0, L_0000000001688230;  1 drivers
v00000000016391e0_0 .net *"_s35", 0 0, L_000000000163d0b0;  1 drivers
v0000000001638d80_0 .net *"_s37", 0 0, L_000000000163d150;  1 drivers
v0000000001638240_0 .net *"_s38", 0 0, L_0000000001688e70;  1 drivers
v0000000001639820_0 .net *"_s41", 0 0, L_000000000163d830;  1 drivers
v00000000016386a0_0 .net *"_s43", 0 0, L_000000000163d290;  1 drivers
v0000000001638740_0 .net *"_s44", 0 0, L_0000000001688310;  1 drivers
v000000000163a2c0_0 .net *"_s46", 0 0, L_0000000001688620;  1 drivers
v0000000001639a00_0 .net *"_s49", 0 0, L_000000000163c250;  1 drivers
v00000000016393c0_0 .net *"_s5", 0 0, L_000000000163ce30;  1 drivers
v00000000016387e0_0 .net *"_s51", 0 0, L_000000000163c930;  1 drivers
v0000000001639b40_0 .net *"_s52", 0 0, L_00000000016889a0;  1 drivers
v0000000001639fa0_0 .net *"_s54", 0 0, L_0000000001688d20;  1 drivers
v0000000001638ba0_0 .net *"_s57", 0 0, L_000000000163d3d0;  1 drivers
v00000000016395a0_0 .net *"_s59", 0 0, L_000000000163d8d0;  1 drivers
v0000000001639640_0 .net *"_s6", 0 0, L_0000000001688770;  1 drivers
v0000000001638c40_0 .net *"_s60", 0 0, L_0000000001688380;  1 drivers
v000000000163a180_0 .net *"_s62", 0 0, L_00000000016884d0;  1 drivers
v0000000001638380_0 .net *"_s67", 0 0, L_000000000168caf0;  1 drivers
v00000000016389c0_0 .net *"_s69", 0 0, L_000000000168c190;  1 drivers
v000000000163a040_0 .net *"_s70", 0 0, L_0000000001688540;  1 drivers
v0000000001639780_0 .net *"_s73", 0 0, L_000000000168cff0;  1 drivers
v0000000001638a60_0 .net *"_s75", 0 0, L_000000000168b8d0;  1 drivers
v0000000001638b00_0 .net *"_s76", 0 0, L_0000000001688ee0;  1 drivers
v0000000001638e20_0 .net *"_s78", 0 0, L_0000000001688690;  1 drivers
v000000000163a5e0_0 .net *"_s81", 0 0, L_000000000168d630;  1 drivers
v0000000001639000_0 .net *"_s83", 0 0, L_000000000168bbf0;  1 drivers
v00000000016390a0_0 .net *"_s84", 0 0, L_0000000001688700;  1 drivers
v0000000001638880_0 .net *"_s86", 0 0, L_0000000001688af0;  1 drivers
v00000000016398c0_0 .net *"_s89", 0 0, L_000000000168c7d0;  1 drivers
v000000000163a7c0_0 .net *"_s9", 0 0, L_000000000163c890;  1 drivers
v0000000001638ec0_0 .net *"_s91", 0 0, L_000000000168c730;  1 drivers
v000000000163a360_0 .net *"_s92", 0 0, L_0000000001688850;  1 drivers
v0000000001639280_0 .net *"_s94", 0 0, L_00000000016887e0;  1 drivers
v0000000001638420_0 .net "o", 3 0, L_000000000168c050;  alias, 1 drivers
v00000000016396e0_0 .net "s", 1 0, L_000000000168c410;  alias, 1 drivers
L_000000000163cd90 .part L_000000000163c750, 0, 1;
L_000000000163ce30 .part v000000000163ecd0_0, 0, 1;
L_000000000163c890 .part L_000000000163c750, 1, 1;
L_000000000163c7f0 .part v000000000163fb30_0, 0, 1;
L_000000000163d470 .part L_000000000163c750, 2, 1;
L_000000000163e4b0 .part v000000000163f6d0_0, 0, 1;
L_000000000163d6f0 .part L_000000000163c750, 3, 1;
L_000000000163cf70 .part v000000000163fc70_0, 0, 1;
L_000000000163d0b0 .part L_000000000163c750, 0, 1;
L_000000000163d150 .part v000000000163ecd0_0, 1, 1;
L_000000000163d830 .part L_000000000163c750, 1, 1;
L_000000000163d290 .part v000000000163fb30_0, 1, 1;
L_000000000163c250 .part L_000000000163c750, 2, 1;
L_000000000163c930 .part v000000000163f6d0_0, 1, 1;
L_000000000163d3d0 .part L_000000000163c750, 3, 1;
L_000000000163d8d0 .part v000000000163fc70_0, 1, 1;
L_000000000168caf0 .part L_000000000163c750, 0, 1;
L_000000000168c190 .part v000000000163ecd0_0, 2, 1;
L_000000000168cff0 .part L_000000000163c750, 1, 1;
L_000000000168b8d0 .part v000000000163fb30_0, 2, 1;
L_000000000168d630 .part L_000000000163c750, 2, 1;
L_000000000168bbf0 .part v000000000163f6d0_0, 2, 1;
L_000000000168c7d0 .part L_000000000163c750, 3, 1;
L_000000000168c730 .part v000000000163fc70_0, 2, 1;
L_000000000168c050 .concat8 [ 1 1 1 1], L_0000000001688230, L_00000000016884d0, L_00000000016887e0, L_0000000001688f50;
L_000000000168b830 .part L_000000000163c750, 0, 1;
L_000000000168c370 .part v000000000163ecd0_0, 3, 1;
L_000000000168b970 .part L_000000000163c750, 1, 1;
L_000000000168b1f0 .part v000000000163fb30_0, 3, 1;
L_000000000168bc90 .part L_000000000163c750, 2, 1;
L_000000000168c0f0 .part v000000000163f6d0_0, 3, 1;
L_000000000168c870 .part L_000000000163c750, 3, 1;
L_000000000168bd30 .part v000000000163fc70_0, 3, 1;
S_00000000012238f0 .scope module, "Decoder" "decoder_2_4" 8 18, 8 1 0, S_0000000001236750;
 .timescale 0 0;
    .port_info 0 /INPUT 2 "s";
    .port_info 1 /OUTPUT 4 "outp";
L_000000000124b490 .functor NOT 1, L_000000000163ddd0, C4<0>, C4<0>, C4<0>;
L_0000000001689030 .functor NOT 1, L_000000000163e050, C4<0>, C4<0>, C4<0>;
L_00000000016883f0 .functor AND 1, L_000000000124b490, L_0000000001689030, C4<1>, C4<1>;
L_0000000001688cb0 .functor NOT 1, L_000000000163dfb0, C4<0>, C4<0>, C4<0>;
L_00000000016881c0 .functor AND 1, L_000000000163c430, L_0000000001688cb0, C4<1>, C4<1>;
L_00000000016885b0 .functor NOT 1, L_000000000163c6b0, C4<0>, C4<0>, C4<0>;
L_00000000016888c0 .functor AND 1, L_00000000016885b0, L_000000000163e230, C4<1>, C4<1>;
L_0000000001688460 .functor AND 1, L_000000000163e410, L_000000000163c1b0, C4<1>, C4<1>;
v0000000001636a40_0 .net *"_s10", 0 0, L_00000000016883f0;  1 drivers
v0000000001636c20_0 .net *"_s15", 0 0, L_000000000163c430;  1 drivers
v00000000016362c0_0 .net *"_s17", 0 0, L_000000000163dfb0;  1 drivers
v0000000001636360_0 .net *"_s18", 0 0, L_0000000001688cb0;  1 drivers
v00000000016371c0_0 .net *"_s20", 0 0, L_00000000016881c0;  1 drivers
v0000000001637b20_0 .net *"_s25", 0 0, L_000000000163c6b0;  1 drivers
v0000000001636680_0 .net *"_s26", 0 0, L_00000000016885b0;  1 drivers
v0000000001638020_0 .net *"_s29", 0 0, L_000000000163e230;  1 drivers
v00000000016367c0_0 .net *"_s3", 0 0, L_000000000163ddd0;  1 drivers
v0000000001637da0_0 .net *"_s30", 0 0, L_00000000016888c0;  1 drivers
v00000000016379e0_0 .net *"_s36", 0 0, L_000000000163e410;  1 drivers
v0000000001637800_0 .net *"_s38", 0 0, L_000000000163c1b0;  1 drivers
v0000000001636180_0 .net *"_s39", 0 0, L_0000000001688460;  1 drivers
v0000000001636540_0 .net *"_s4", 0 0, L_000000000124b490;  1 drivers
v0000000001636720_0 .net *"_s7", 0 0, L_000000000163e050;  1 drivers
v0000000001637e40_0 .net *"_s8", 0 0, L_0000000001689030;  1 drivers
v0000000001636400_0 .net "outp", 3 0, L_000000000163c750;  alias, 1 drivers
v0000000001637940_0 .net "s", 1 0, L_000000000168c410;  alias, 1 drivers
L_000000000163ddd0 .part L_000000000168c410, 0, 1;
L_000000000163e050 .part L_000000000168c410, 1, 1;
L_000000000163c430 .part L_000000000168c410, 0, 1;
L_000000000163dfb0 .part L_000000000168c410, 1, 1;
L_000000000163c6b0 .part L_000000000168c410, 0, 1;
L_000000000163e230 .part L_000000000168c410, 1, 1;
L_000000000163c750 .concat8 [ 1 1 1 1], L_00000000016883f0, L_00000000016881c0, L_00000000016888c0, L_0000000001688460;
L_000000000163e410 .part L_000000000168c410, 0, 1;
L_000000000163c1b0 .part L_000000000168c410, 1, 1;
S_0000000001223a80 .scope module, "d24_1" "decoder_2_4" 7 10, 8 1 0, S_00000000012365c0;
 .timescale 0 0;
    .port_info 0 /INPUT 2 "s";
    .port_info 1 /OUTPUT 4 "outp";
L_000000000168fea0 .functor NOT 1, L_000000000168d6d0, C4<0>, C4<0>, C4<0>;
L_000000000168fb20 .functor NOT 1, L_000000000168c910, C4<0>, C4<0>, C4<0>;
L_000000000168f260 .functor AND 1, L_000000000168fea0, L_000000000168fb20, C4<1>, C4<1>;
L_00000000016900d0 .functor NOT 1, L_000000000168ceb0, C4<0>, C4<0>, C4<0>;
L_000000000168f500 .functor AND 1, L_000000000168d1d0, L_00000000016900d0, C4<1>, C4<1>;
L_000000000168ff10 .functor NOT 1, L_000000000168c5f0, C4<0>, C4<0>, C4<0>;
L_000000000168fd50 .functor AND 1, L_000000000168ff10, L_000000000168cf50, C4<1>, C4<1>;
L_000000000168f880 .functor AND 1, L_000000000168c690, L_000000000168bf10, C4<1>, C4<1>;
v0000000001638f60_0 .net *"_s10", 0 0, L_000000000168f260;  1 drivers
v000000000163a900_0 .net *"_s15", 0 0, L_000000000168d1d0;  1 drivers
v000000000163a680_0 .net *"_s17", 0 0, L_000000000168ceb0;  1 drivers
v0000000001639be0_0 .net *"_s18", 0 0, L_00000000016900d0;  1 drivers
v0000000001639140_0 .net *"_s20", 0 0, L_000000000168f500;  1 drivers
v0000000001639320_0 .net *"_s25", 0 0, L_000000000168c5f0;  1 drivers
v0000000001639460_0 .net *"_s26", 0 0, L_000000000168ff10;  1 drivers
v0000000001639500_0 .net *"_s29", 0 0, L_000000000168cf50;  1 drivers
v0000000001639c80_0 .net *"_s3", 0 0, L_000000000168d6d0;  1 drivers
v0000000001639d20_0 .net *"_s30", 0 0, L_000000000168fd50;  1 drivers
v0000000001639dc0_0 .net *"_s36", 0 0, L_000000000168c690;  1 drivers
v000000000163a220_0 .net *"_s38", 0 0, L_000000000168bf10;  1 drivers
v000000000163a720_0 .net *"_s39", 0 0, L_000000000168f880;  1 drivers
v0000000001639e60_0 .net *"_s4", 0 0, L_000000000168fea0;  1 drivers
v0000000001639f00_0 .net *"_s7", 0 0, L_000000000168c910;  1 drivers
v000000000163a0e0_0 .net *"_s8", 0 0, L_000000000168fb20;  1 drivers
v000000000163a4a0_0 .net "outp", 3 0, L_000000000168b3d0;  alias, 1 drivers
v000000000163a400_0 .net "s", 1 0, L_000000000168c410;  alias, 1 drivers
L_000000000168d6d0 .part L_000000000168c410, 0, 1;
L_000000000168c910 .part L_000000000168c410, 1, 1;
L_000000000168d1d0 .part L_000000000168c410, 0, 1;
L_000000000168ceb0 .part L_000000000168c410, 1, 1;
L_000000000168c5f0 .part L_000000000168c410, 0, 1;
L_000000000168cf50 .part L_000000000168c410, 1, 1;
L_000000000168b3d0 .concat8 [ 1 1 1 1], L_000000000168f260, L_000000000168f500, L_000000000168fd50, L_000000000168f880;
L_000000000168c690 .part L_000000000168c410, 0, 1;
L_000000000168bf10 .part L_000000000168c410, 1, 1;
S_00000000010fbb70 .scope module, "numc" "create_number" 3 24, 9 18 0, S_0000000001242740;
 .timescale 0 0;
    .port_info 0 /INPUT 1 "clk";
    .port_info 1 /INPUT 4 "btn";
    .port_info 2 /OUTPUT 4 "n0";
    .port_info 3 /OUTPUT 4 "n1";
    .port_info 4 /OUTPUT 4 "n2";
    .port_info 5 /OUTPUT 4 "n3";
L_0000000001640168 .functor BUFT 1, C4<0001>, C4<0>, C4<0>, C4<0>;
v000000000163f9f0_0 .net/2u *"_s0", 3 0, L_0000000001640168;  1 drivers
L_0000000001640240 .functor BUFT 1, C4<0001>, C4<0>, C4<0>, C4<0>;
v000000000163f4f0_0 .net/2u *"_s12", 3 0, L_0000000001640240;  1 drivers
v000000000163fef0_0 .net *"_s35", 0 0, L_000000000163e0f0;  1 drivers
v000000000163fbd0_0 .net *"_s39", 0 0, L_000000000163c4d0;  1 drivers
L_00000000016401b0 .functor BUFT 1, C4<0001>, C4<0>, C4<0>, C4<0>;
v000000000163ed70_0 .net/2u *"_s4", 3 0, L_00000000016401b0;  1 drivers
v000000000163f090_0 .net *"_s43", 0 0, L_000000000163c570;  1 drivers
v000000000163f8b0_0 .net *"_s47", 0 0, L_000000000163db50;  1 drivers
L_00000000016401f8 .functor BUFT 1, C4<0001>, C4<0>, C4<0>, C4<0>;
v000000000163f810_0 .net/2u *"_s8", 3 0, L_00000000016401f8;  1 drivers
v000000000163f310_0 .net "btn", 3 0, v000000000163de70_0;  alias, 1 drivers
v000000000163eff0_0 .net "clk", 0 0, L_000000000163d1f0;  1 drivers
v000000000163ecd0_0 .var "n0", 3 0;
v000000000163fb30_0 .var "n1", 3 0;
v000000000163f6d0_0 .var "n2", 3 0;
v000000000163fc70_0 .var "n3", 3 0;
v000000000163e9b0_0 .net "t0", 3 0, L_000000000163df10;  1 drivers
v000000000163fd10_0 .net "t1", 3 0, L_000000000163d010;  1 drivers
v000000000163eb90_0 .net "t2", 3 0, L_000000000163c9d0;  1 drivers
v000000000163fe50_0 .net "t3", 3 0, L_000000000163ced0;  1 drivers
v000000000163ff90_0 .net "tbtn", 3 0, L_000000000163dd30;  1 drivers
E_0000000001281f90 .event posedge, L_000000000163db50;
E_00000000012823d0 .event posedge, L_000000000163c570;
E_0000000001281990 .event posedge, L_000000000163c4d0;
E_0000000001281cd0 .event posedge, L_000000000163e0f0;
L_000000000163df10 .arith/sum 4, v000000000163ecd0_0, L_0000000001640168;
L_000000000163d010 .arith/sum 4, v000000000163fb30_0, L_00000000016401b0;
L_000000000163c9d0 .arith/sum 4, v000000000163f6d0_0, L_00000000016401f8;
L_000000000163ced0 .arith/sum 4, v000000000163fc70_0, L_0000000001640240;
L_000000000163cbb0 .part v000000000163de70_0, 0, 1;
L_000000000163e370 .part v000000000163de70_0, 1, 1;
L_000000000163dc90 .part v000000000163de70_0, 2, 1;
L_000000000163e5f0 .part v000000000163de70_0, 3, 1;
L_000000000163dd30 .concat8 [ 1 1 1 1], v000000000163f630_0, v0000000001640030_0, v000000000163f130_0, v000000000163f270_0;
L_000000000163e0f0 .part L_000000000163dd30, 0, 1;
L_000000000163c4d0 .part L_000000000163dd30, 1, 1;
L_000000000163c570 .part L_000000000163dd30, 2, 1;
L_000000000163db50 .part L_000000000163dd30, 3, 1;
S_000000000123d5e0 .scope module, "db0" "pbdebounce" 9 38, 9 1 0, S_00000000010fbb70;
 .timescale 0 0;
    .port_info 0 /INPUT 1 "clk_1ms";
    .port_info 1 /INPUT 1 "I";
    .port_info 2 /OUTPUT 1 "O";
v000000000163fdb0_0 .net "I", 0 0, L_000000000163cbb0;  1 drivers
v000000000163f630_0 .var "O", 0 0;
v000000000163f770_0 .net "clk_1ms", 0 0, L_000000000163d1f0;  alias, 1 drivers
v000000000163eeb0_0 .var "pbshift", 7 0;
E_00000000012819d0 .event posedge, v000000000163f770_0;
S_000000000123d770 .scope module, "db1" "pbdebounce" 9 39, 9 1 0, S_00000000010fbb70;
 .timescale 0 0;
    .port_info 0 /INPUT 1 "clk_1ms";
    .port_info 1 /INPUT 1 "I";
    .port_info 2 /OUTPUT 1 "O";
v000000000163fa90_0 .net "I", 0 0, L_000000000163e370;  1 drivers
v0000000001640030_0 .var "O", 0 0;
v000000000163ea50_0 .net "clk_1ms", 0 0, L_000000000163d1f0;  alias, 1 drivers
v000000000163eaf0_0 .var "pbshift", 7 0;
S_00000000011e2be0 .scope module, "db2" "pbdebounce" 9 40, 9 1 0, S_00000000010fbb70;
 .timescale 0 0;
    .port_info 0 /INPUT 1 "clk_1ms";
    .port_info 1 /INPUT 1 "I";
    .port_info 2 /OUTPUT 1 "O";
v000000000163f450_0 .net "I", 0 0, L_000000000163dc90;  1 drivers
v000000000163f130_0 .var "O", 0 0;
v000000000163f950_0 .net "clk_1ms", 0 0, L_000000000163d1f0;  alias, 1 drivers
v000000000163f1d0_0 .var "pbshift", 7 0;
S_00000000011e2d70 .scope module, "db3" "pbdebounce" 9 41, 9 1 0, S_00000000010fbb70;
 .timescale 0 0;
    .port_info 0 /INPUT 1 "clk_1ms";
    .port_info 1 /INPUT 1 "I";
    .port_info 2 /OUTPUT 1 "O";
v000000000163f590_0 .net "I", 0 0, L_000000000163e5f0;  1 drivers
v000000000163f270_0 .var "O", 0 0;
v000000000163f3b0_0 .net "clk_1ms", 0 0, L_000000000163d1f0;  alias, 1 drivers
v000000000163ef50_0 .var "pbshift", 7 0;
    .scope S_0000000001232070;
T_0 ;
    %pushi/vec4 0, 0, 32;
    %assign/vec4 v0000000001634670_0, 0;
    %end;
    .thread T_0;
    .scope S_0000000001232070;
T_1 ;
    %wait E_0000000001281690;
    %load/vec4 v0000000001635d90_0;
    %flag_set/vec4 8;
    %jmp/0xz  T_1.0, 8;
    %pushi/vec4 0, 0, 32;
    %assign/vec4 v0000000001634670_0, 0;
    %jmp T_1.1;
T_1.0 ;
    %load/vec4 v0000000001634670_0;
    %addi 1, 0, 32;
    %assign/vec4 v0000000001634670_0, 0;
T_1.1 ;
    %jmp T_1;
    .thread T_1;
    .scope S_000000000123d5e0;
T_2 ;
    %pushi/vec4 0, 0, 1;
    %store/vec4 v000000000163f630_0, 0, 1;
    %end;
    .thread T_2;
    .scope S_000000000123d5e0;
T_3 ;
    %wait E_00000000012819d0;
    %load/vec4 v000000000163eeb0_0;
    %ix/load 4, 1, 0;
    %flag_set/imm 4, 0;
    %shiftl 4;
    %store/vec4 v000000000163eeb0_0, 0, 8;
    %load/vec4 v000000000163fdb0_0;
    %ix/load 4, 0, 0;
    %flag_set/imm 4, 0;
    %store/vec4 v000000000163eeb0_0, 4, 1;
    %load/vec4 v000000000163eeb0_0;
    %cmpi/e 0, 0, 8;
    %jmp/0xz  T_3.0, 4;
    %pushi/vec4 0, 0, 1;
    %store/vec4 v000000000163f630_0, 0, 1;
T_3.0 ;
    %load/vec4 v000000000163eeb0_0;
    %cmpi/e 255, 0, 8;
    %jmp/0xz  T_3.2, 4;
    %pushi/vec4 1, 0, 1;
    %store/vec4 v000000000163f630_0, 0, 1;
T_3.2 ;
    %jmp T_3;
    .thread T_3;
    .scope S_000000000123d770;
T_4 ;
    %pushi/vec4 0, 0, 1;
    %store/vec4 v0000000001640030_0, 0, 1;
    %end;
    .thread T_4;
    .scope S_000000000123d770;
T_5 ;
    %wait E_00000000012819d0;
    %load/vec4 v000000000163eaf0_0;
    %ix/load 4, 1, 0;
    %flag_set/imm 4, 0;
    %shiftl 4;
    %store/vec4 v000000000163eaf0_0, 0, 8;
    %load/vec4 v000000000163fa90_0;
    %ix/load 4, 0, 0;
    %flag_set/imm 4, 0;
    %store/vec4 v000000000163eaf0_0, 4, 1;
    %load/vec4 v000000000163eaf0_0;
    %cmpi/e 0, 0, 8;
    %jmp/0xz  T_5.0, 4;
    %pushi/vec4 0, 0, 1;
    %store/vec4 v0000000001640030_0, 0, 1;
T_5.0 ;
    %load/vec4 v000000000163eaf0_0;
    %cmpi/e 255, 0, 8;
    %jmp/0xz  T_5.2, 4;
    %pushi/vec4 1, 0, 1;
    %store/vec4 v0000000001640030_0, 0, 1;
T_5.2 ;
    %jmp T_5;
    .thread T_5;
    .scope S_00000000011e2be0;
T_6 ;
    %pushi/vec4 0, 0, 1;
    %store/vec4 v000000000163f130_0, 0, 1;
    %end;
    .thread T_6;
    .scope S_00000000011e2be0;
T_7 ;
    %wait E_00000000012819d0;
    %load/vec4 v000000000163f1d0_0;
    %ix/load 4, 1, 0;
    %flag_set/imm 4, 0;
    %shiftl 4;
    %store/vec4 v000000000163f1d0_0, 0, 8;
    %load/vec4 v000000000163f450_0;
    %ix/load 4, 0, 0;
    %flag_set/imm 4, 0;
    %store/vec4 v000000000163f1d0_0, 4, 1;
    %load/vec4 v000000000163f1d0_0;
    %cmpi/e 0, 0, 8;
    %jmp/0xz  T_7.0, 4;
    %pushi/vec4 0, 0, 1;
    %store/vec4 v000000000163f130_0, 0, 1;
T_7.0 ;
    %load/vec4 v000000000163f1d0_0;
    %cmpi/e 255, 0, 8;
    %jmp/0xz  T_7.2, 4;
    %pushi/vec4 1, 0, 1;
    %store/vec4 v000000000163f130_0, 0, 1;
T_7.2 ;
    %jmp T_7;
    .thread T_7;
    .scope S_00000000011e2d70;
T_8 ;
    %pushi/vec4 0, 0, 1;
    %store/vec4 v000000000163f270_0, 0, 1;
    %end;
    .thread T_8;
    .scope S_00000000011e2d70;
T_9 ;
    %wait E_00000000012819d0;
    %load/vec4 v000000000163ef50_0;
    %ix/load 4, 1, 0;
    %flag_set/imm 4, 0;
    %shiftl 4;
    %store/vec4 v000000000163ef50_0, 0, 8;
    %load/vec4 v000000000163f590_0;
    %ix/load 4, 0, 0;
    %flag_set/imm 4, 0;
    %store/vec4 v000000000163ef50_0, 4, 1;
    %load/vec4 v000000000163ef50_0;
    %cmpi/e 0, 0, 8;
    %jmp/0xz  T_9.0, 4;
    %pushi/vec4 0, 0, 1;
    %store/vec4 v000000000163f270_0, 0, 1;
T_9.0 ;
    %load/vec4 v000000000163ef50_0;
    %cmpi/e 255, 0, 8;
    %jmp/0xz  T_9.2, 4;
    %pushi/vec4 1, 0, 1;
    %store/vec4 v000000000163f270_0, 0, 1;
T_9.2 ;
    %jmp T_9;
    .thread T_9;
    .scope S_00000000010fbb70;
T_10 ;
    %pushi/vec4 0, 0, 16;
    %split/vec4 4;
    %assign/vec4 v000000000163ecd0_0, 0;
    %split/vec4 4;
    %assign/vec4 v000000000163fb30_0, 0;
    %split/vec4 4;
    %assign/vec4 v000000000163f6d0_0, 0;
    %assign/vec4 v000000000163fc70_0, 0;
    %end;
    .thread T_10;
    .scope S_00000000010fbb70;
T_11 ;
    %wait E_0000000001281cd0;
    %load/vec4 v000000000163e9b0_0;
    %assign/vec4 v000000000163ecd0_0, 0;
    %jmp T_11;
    .thread T_11;
    .scope S_00000000010fbb70;
T_12 ;
    %wait E_0000000001281990;
    %load/vec4 v000000000163fd10_0;
    %assign/vec4 v000000000163fb30_0, 0;
    %jmp T_12;
    .thread T_12;
    .scope S_00000000010fbb70;
T_13 ;
    %wait E_00000000012823d0;
    %load/vec4 v000000000163eb90_0;
    %assign/vec4 v000000000163f6d0_0, 0;
    %jmp T_13;
    .thread T_13;
    .scope S_00000000010fbb70;
T_14 ;
    %wait E_0000000001281f90;
    %load/vec4 v000000000163fe50_0;
    %assign/vec4 v000000000163fc70_0, 0;
    %jmp T_14;
    .thread T_14;
    .scope S_0000000001232200;
T_15 ;
    %pushi/vec4 0, 0, 1;
    %store/vec4 v0000000001635b10_0, 0, 1;
    %pushi/vec4 0, 0, 4;
    %store/vec4 v00000000016373a0_0, 0, 4;
    %pushi/vec4 0, 0, 1;
    %store/vec4 v0000000001636b80_0, 0, 1;
    %pushi/vec4 0, 0, 1;
    %store/vec4 v0000000001636ae0_0, 0, 1;
    %end;
    .thread T_15;
    .scope S_0000000001232200;
T_16 ;
    %wait E_0000000001281710;
    %load/vec4 v0000000001635b10_0;
    %pad/u 32;
    %pushi/vec4 0, 0, 32;
    %cmp/e;
    %flag_get/vec4 4;
    %load/vec4 v00000000016369a0_0;
    %pad/u 32;
    %pushi/vec4 1, 0, 32;
    %cmp/e;
    %flag_get/vec4 4;
    %and;
    %load/vec4 v0000000001636b80_0;
    %pad/u 32;
    %pushi/vec4 0, 0, 32;
    %cmp/e;
    %flag_get/vec4 4;
    %and;
    %flag_set/vec4 8;
    %jmp/0xz  T_16.0, 8;
    %pushi/vec4 1, 0, 1;
    %assign/vec4 v0000000001635b10_0, 0;
    %pushi/vec4 15, 0, 4;
    %assign/vec4 v00000000016373a0_0, 0;
    %jmp T_16.1;
T_16.0 ;
    %load/vec4 v0000000001635b10_0;
    %load/vec4 v00000000016373a0_0;
    %pushi/vec4 0, 0, 4;
    %cmp/ne;
    %flag_get/vec4 4;
    %and;
    %assign/vec4 v0000000001635b10_0, 0;
    %load/vec4 v0000000001635b10_0;
    %pad/u 32;
    %cmpi/e 0, 0, 32;
    %flag_mov 8, 4;
    %jmp/0 T_16.2, 8;
    %pushi/vec4 0, 0, 4;
    %jmp/1 T_16.3, 8;
T_16.2 ; End of true expr.
    %load/vec4 v00000000016373a0_0;
    %subi 1, 0, 4;
    %jmp/0 T_16.3, 8;
 ; End of false expr.
    %blend;
T_16.3;
    %assign/vec4 v00000000016373a0_0, 0;
T_16.1 ;
    %load/vec4 v0000000001635b10_0;
    %load/vec4 v00000000016373a0_0;
    %pushi/vec4 0, 0, 4;
    %cmp/e;
    %flag_get/vec4 4;
    %and;
    %assign/vec4 v0000000001636ae0_0, 0;
    %load/vec4 v0000000001635c50_0;
    %load/vec4 v00000000016373a0_0;
    %pad/u 32;
    %addi 15, 0, 32;
    %pushi/vec4 15, 0, 32;
    %and;
    %part/u 1;
    %inv;
    %assign/vec4 v0000000001636d60_0, 0;
    %load/vec4 v00000000016369a0_0;
    %assign/vec4 v0000000001636b80_0, 0;
    %jmp T_16;
    .thread T_16;
    .scope S_0000000001242740;
T_17 ;
    %pushi/vec4 0, 0, 1;
    %assign/vec4 v000000000163d970_0, 0;
    %end;
    .thread T_17;
    .scope S_0000000001296e10;
T_18 ;
    %pushi/vec4 0, 0, 4;
    %store/vec4 v000000000163de70_0, 0, 4;
    %pushi/vec4 255, 0, 9;
    %store/vec4 v000000000163e190_0, 0, 9;
    %pushi/vec4 0, 0, 1;
    %store/vec4 v000000000163dab0_0, 0, 1;
    %end;
    .thread T_18;
    .scope S_0000000001296e10;
T_19 ;
    %delay 5, 0;
    %load/vec4 v000000000163dab0_0;
    %inv;
    %store/vec4 v000000000163dab0_0, 0, 1;
    %jmp T_19;
    .thread T_19;
    .scope S_0000000001296e10;
T_20 ;
    %delay 5000, 0;
    %pushi/vec4 1, 0, 4;
    %store/vec4 v000000000163de70_0, 0, 4;
    %delay 10000, 0;
    %pushi/vec4 0, 0, 4;
    %store/vec4 v000000000163de70_0, 0, 4;
    %delay 5000, 0;
    %pushi/vec4 1, 0, 4;
    %store/vec4 v000000000163de70_0, 0, 4;
    %delay 10000, 0;
    %pushi/vec4 0, 0, 4;
    %store/vec4 v000000000163de70_0, 0, 4;
    %delay 5000, 0;
    %pushi/vec4 2, 0, 4;
    %store/vec4 v000000000163de70_0, 0, 4;
    %delay 10000, 0;
    %pushi/vec4 0, 0, 4;
    %store/vec4 v000000000163de70_0, 0, 4;
    %delay 5000, 0;
    %pushi/vec4 4, 0, 4;
    %store/vec4 v000000000163de70_0, 0, 4;
    %delay 10000, 0;
    %pushi/vec4 0, 0, 4;
    %store/vec4 v000000000163de70_0, 0, 4;
    %delay 5000, 0;
    %pushi/vec4 1, 0, 1;
    %ix/load 4, 8, 0;
    %flag_set/imm 4, 0;
    %store/vec4 v000000000163e190_0, 4, 1;
    %delay 5000, 0;
    %pushi/vec4 0, 0, 1;
    %ix/load 4, 8, 0;
    %flag_set/imm 4, 0;
    %store/vec4 v000000000163e190_0, 4, 1;
    %end;
    .thread T_20;
    .scope S_0000000001296e10;
T_21 ;
    %vpi_call 2 38 "$dumpfile", ".\134build\134wave.vcd" {0 0 0};
    %vpi_call 2 39 "$dumpvars", 32'sb00000000000000000000000000000000, S_0000000001296e10 {0 0 0};
    %delay 1000000, 0;
    %vpi_call 2 40 "$finish" {0 0 0};
    %end;
    .thread T_21;
# The file index is used to find the file name in the following table.
:file_names 10;
    "N/A";
    "<interactive>";
    ".\src\testbench_top.v";
    ".\src\top.v";
    ".\src\MyMC14495.v";
    ".\src\clkdiv.v";
    ".\src\LED.v";
    ".\src\display.v";
    ".\src\MUX41.v";
    ".\src\createnumber.v";
