#! /usr/local/iverilog/bin/vvp
:ivl_version "11.0 (devel)" "(s20150603-642-g3bdb50da)";
:ivl_delay_selection "TYPICAL";
:vpi_time_precision - 9;
:vpi_module "system";
:vpi_module "vhdl_sys";
:vpi_module "vhdl_textio";
:vpi_module "v2005_math";
:vpi_module "va_math";
S_00000000012415a0 .scope module, "uut" "uut" 2 3;
 .timescale -9 -9;
v000000000160cbb0_0 .net "AN", 3 0, L_0000000001666810;  1 drivers
v000000000160ccf0_0 .net "BTNX4", 0 0, L_000000000123bda0;  1 drivers
v0000000001610880_0 .net "Ring", 0 0, L_000000000123c040;  1 drivers
v0000000001611aa0_0 .net "SEGMENT", 7 0, L_0000000001614e80;  1 drivers
v00000000016113c0_0 .var "SW", 7 0;
v0000000001610740_0 .var "btn", 1 0;
v00000000016109c0_0 .var "clk", 0 0;
v0000000001610ce0_0 .var "op", 1 0;
S_00000000011c53f0 .scope module, "uut0" "top" 2 22, 3 1 0, S_00000000012415a0;
 .timescale 0 0;
    .port_info 0 /INPUT 2 "btn";
    .port_info 1 /INPUT 2 "op";
    .port_info 2 /INPUT 1 "clk";
    .port_info 3 /INPUT 8 "SW";
    .port_info 4 /OUTPUT 4 "AN";
    .port_info 5 /OUTPUT 8 "SEGMENT";
    .port_info 6 /OUTPUT 1 "BTNX4";
    .port_info 7 /OUTPUT 1 "Ring";
L_000000000123bda0 .functor BUFZ 1, v000000000160c4d0_0, C4<0>, C4<0>, C4<0>;
L_000000000123b6a0 .functor BUFZ 1, v000000000160c4d0_0, C4<0>, C4<0>, C4<0>;
L_000000000123c040 .functor BUFZ 1, v000000000160c4d0_0, C4<0>, C4<0>, C4<0>;
v000000000160cb10_0 .net "AN", 3 0, L_0000000001666810;  alias, 1 drivers
v000000000160bf30_0 .net "BTNX4", 0 0, L_000000000123bda0;  alias, 1 drivers
v000000000160c4d0_0 .var "GND", 0 0;
v000000000160c7f0_0 .net "Hex", 3 0, L_0000000001611fa0;  1 drivers
v000000000160cc50_0 .net "I0", 3 0, v000000000160bfd0_0;  1 drivers
v000000000160c2f0_0 .net "I1", 3 0, v000000000160c570_0;  1 drivers
v000000000160ce30_0 .net "I2", 3 0, L_000000000160fd40;  1 drivers
v000000000160c890_0 .net "I3", 3 0, L_00000000016134e0;  1 drivers
v000000000160c110_0 .net "LE", 0 0, L_0000000001667300;  1 drivers
v000000000160c930_0 .net "P", 0 0, L_00000000016671b0;  1 drivers
v000000000160d010_0 .net "RST", 0 0, L_000000000123b6a0;  1 drivers
v000000000160ba30_0 .net "Ring", 0 0, L_000000000123c040;  alias, 1 drivers
v000000000160c9d0_0 .net "SEGMENT", 7 0, L_0000000001614e80;  alias, 1 drivers
v000000000160bc10_0 .net "SW", 7 0, v00000000016113c0_0;  1 drivers
v000000000160bd50_0 .net "btn", 1 0, v0000000001610740_0;  1 drivers
v000000000160ca70_0 .net "clk", 0 0, v00000000016109c0_0;  1 drivers
v000000000160bad0_0 .net "clkd", 31 0, v00000000015fe9c0_0;  1 drivers
v000000000160bcb0_0 .net "op", 1 0, v0000000001610ce0_0;  1 drivers
L_0000000001611dc0 .part v00000000015fe9c0_0, 3, 1;
L_0000000001616820 .part v00000000016113c0_0, 0, 4;
L_00000000016156a0 .part v00000000016113c0_0, 4, 4;
L_0000000001616aa0 .part v00000000015fe9c0_0, 7, 2;
L_0000000001615e20 .part L_0000000001611fa0, 0, 1;
L_0000000001614340 .part L_0000000001611fa0, 1, 1;
L_0000000001616640 .part L_0000000001611fa0, 2, 1;
L_00000000016143e0 .part L_0000000001611fa0, 3, 1;
LS_0000000001614e80_0_0 .concat8 [ 1 1 1 1], L_0000000001669160, L_0000000001669940, L_000000000166a820, L_0000000001668f30;
LS_0000000001614e80_0_4 .concat8 [ 1 1 1 1], L_000000000166a3c0, L_0000000001669b70, L_000000000166f640, L_0000000001670980;
L_0000000001614e80 .concat8 [ 4 4 0 0], LS_0000000001614e80_0_0, LS_0000000001614e80_0_4;
S_00000000011c5580 .scope module, "MyMc" "MyMC14495" 3 27, 4 1 0, S_00000000011c53f0;
 .timescale 0 0;
    .port_info 0 /INPUT 1 "D0";
    .port_info 1 /INPUT 1 "D1";
    .port_info 2 /INPUT 1 "D2";
    .port_info 3 /INPUT 1 "D3";
    .port_info 4 /INPUT 1 "LE";
    .port_info 5 /INPUT 1 "point";
    .port_info 6 /OUTPUT 1 "a";
    .port_info 7 /OUTPUT 1 "b";
    .port_info 8 /OUTPUT 1 "c";
    .port_info 9 /OUTPUT 1 "d";
    .port_info 10 /OUTPUT 1 "e";
    .port_info 11 /OUTPUT 1 "f";
    .port_info 12 /OUTPUT 1 "g";
    .port_info 13 /OUTPUT 1 "p";
L_00000000016669d0 .functor NOT 1, L_0000000001615e20, C4<0>, C4<0>, C4<0>;
L_0000000001666a40 .functor NOT 1, L_0000000001614340, C4<0>, C4<0>, C4<0>;
L_0000000001667760 .functor NOT 1, L_0000000001616640, C4<0>, C4<0>, C4<0>;
L_00000000016681e0 .functor NOT 1, L_00000000016143e0, C4<0>, C4<0>, C4<0>;
L_0000000001668250 .functor AND 1, L_00000000016681e0, L_0000000001667760, C4<1>, C4<1>;
L_0000000001666ab0 .functor AND 1, L_0000000001668250, L_0000000001666a40, C4<1>, C4<1>;
L_0000000001667450 .functor AND 1, L_0000000001666ab0, L_0000000001615e20, C4<1>, C4<1>;
L_0000000001667530 .functor AND 1, L_00000000016681e0, L_0000000001616640, C4<1>, C4<1>;
L_00000000016686b0 .functor AND 1, L_0000000001667530, L_0000000001666a40, C4<1>, C4<1>;
L_00000000016685d0 .functor AND 1, L_00000000016686b0, L_00000000016669d0, C4<1>, C4<1>;
L_0000000001668640 .functor OR 1, L_0000000001667450, L_00000000016685d0, C4<0>, C4<0>;
L_0000000001668560 .functor AND 1, L_00000000016143e0, L_0000000001667760, C4<1>, C4<1>;
L_00000000016683a0 .functor AND 1, L_0000000001668560, L_0000000001614340, C4<1>, C4<1>;
L_0000000001668410 .functor AND 1, L_00000000016683a0, L_0000000001615e20, C4<1>, C4<1>;
L_0000000001668480 .functor OR 1, L_0000000001668640, L_0000000001668410, C4<0>, C4<0>;
L_00000000016684f0 .functor AND 1, L_00000000016143e0, L_0000000001616640, C4<1>, C4<1>;
L_000000000166a7b0 .functor AND 1, L_00000000016684f0, L_0000000001666a40, C4<1>, C4<1>;
L_000000000166a430 .functor AND 1, L_000000000166a7b0, L_0000000001615e20, C4<1>, C4<1>;
L_0000000001669550 .functor OR 1, L_0000000001668480, L_000000000166a430, C4<0>, C4<0>;
L_0000000001669160 .functor OR 1, L_0000000001667300, L_0000000001669550, C4<0>, C4<0>;
L_0000000001669fd0 .functor AND 1, L_00000000016681e0, L_0000000001616640, C4<1>, C4<1>;
L_0000000001669c50 .functor AND 1, L_0000000001669fd0, L_0000000001666a40, C4<1>, C4<1>;
L_0000000001669470 .functor AND 1, L_0000000001669c50, L_0000000001615e20, C4<1>, C4<1>;
L_0000000001669f60 .functor AND 1, L_0000000001616640, L_0000000001614340, C4<1>, C4<1>;
L_0000000001669860 .functor AND 1, L_0000000001669f60, L_00000000016669d0, C4<1>, C4<1>;
L_0000000001669cc0 .functor OR 1, L_0000000001669470, L_0000000001669860, C4<0>, C4<0>;
L_000000000166a6d0 .functor AND 1, L_00000000016143e0, L_0000000001616640, C4<1>, C4<1>;
L_0000000001669e10 .functor AND 1, L_000000000166a6d0, L_00000000016669d0, C4<1>, C4<1>;
L_000000000166a4a0 .functor OR 1, L_0000000001669cc0, L_0000000001669e10, C4<0>, C4<0>;
L_0000000001669e80 .functor AND 1, L_00000000016143e0, L_0000000001614340, C4<1>, C4<1>;
L_000000000166a740 .functor AND 1, L_0000000001669e80, L_0000000001615e20, C4<1>, C4<1>;
L_0000000001669630 .functor OR 1, L_000000000166a4a0, L_000000000166a740, C4<0>, C4<0>;
L_0000000001669940 .functor OR 1, L_0000000001667300, L_0000000001669630, C4<0>, C4<0>;
L_000000000166a5f0 .functor AND 1, L_00000000016681e0, L_0000000001667760, C4<1>, C4<1>;
L_00000000016694e0 .functor AND 1, L_000000000166a5f0, L_0000000001614340, C4<1>, C4<1>;
L_00000000016697f0 .functor AND 1, L_00000000016694e0, L_00000000016669d0, C4<1>, C4<1>;
L_0000000001668e50 .functor AND 1, L_00000000016143e0, L_0000000001616640, C4<1>, C4<1>;
L_0000000001669ef0 .functor AND 1, L_0000000001668e50, L_00000000016669d0, C4<1>, C4<1>;
L_000000000166a040 .functor OR 1, L_00000000016697f0, L_0000000001669ef0, C4<0>, C4<0>;
L_000000000166a660 .functor AND 1, L_00000000016143e0, L_0000000001616640, C4<1>, C4<1>;
L_0000000001669da0 .functor AND 1, L_000000000166a660, L_0000000001614340, C4<1>, C4<1>;
L_000000000166a0b0 .functor OR 1, L_000000000166a040, L_0000000001669da0, C4<0>, C4<0>;
L_000000000166a820 .functor OR 1, L_0000000001667300, L_000000000166a0b0, C4<0>, C4<0>;
L_0000000001669b00 .functor AND 1, L_00000000016681e0, L_0000000001667760, C4<1>, C4<1>;
L_00000000016695c0 .functor AND 1, L_0000000001669b00, L_0000000001666a40, C4<1>, C4<1>;
L_000000000166a120 .functor AND 1, L_00000000016695c0, L_0000000001615e20, C4<1>, C4<1>;
L_000000000166a890 .functor AND 1, L_00000000016681e0, L_0000000001616640, C4<1>, C4<1>;
L_00000000016696a0 .functor AND 1, L_000000000166a890, L_0000000001666a40, C4<1>, C4<1>;
L_000000000166a900 .functor AND 1, L_00000000016696a0, L_00000000016669d0, C4<1>, C4<1>;
L_0000000001669710 .functor OR 1, L_000000000166a120, L_000000000166a900, C4<0>, C4<0>;
L_0000000001669320 .functor AND 1, L_0000000001616640, L_0000000001614340, C4<1>, C4<1>;
L_0000000001669240 .functor AND 1, L_0000000001669320, L_0000000001615e20, C4<1>, C4<1>;
L_000000000166a970 .functor OR 1, L_0000000001669710, L_0000000001669240, C4<0>, C4<0>;
L_0000000001668ec0 .functor AND 1, L_00000000016143e0, L_0000000001667760, C4<1>, C4<1>;
L_000000000166a190 .functor AND 1, L_0000000001668ec0, L_0000000001614340, C4<1>, C4<1>;
L_0000000001668de0 .functor AND 1, L_000000000166a190, L_00000000016669d0, C4<1>, C4<1>;
L_000000000166a510 .functor OR 1, L_000000000166a970, L_0000000001668de0, C4<0>, C4<0>;
L_0000000001668f30 .functor OR 1, L_0000000001667300, L_000000000166a510, C4<0>, C4<0>;
L_0000000001668fa0 .functor AND 1, L_00000000016681e0, L_0000000001615e20, C4<1>, C4<1>;
L_000000000166a200 .functor AND 1, L_00000000016681e0, L_0000000001616640, C4<1>, C4<1>;
L_000000000166a580 .functor AND 1, L_000000000166a200, L_0000000001666a40, C4<1>, C4<1>;
L_000000000166a270 .functor OR 1, L_0000000001668fa0, L_000000000166a580, C4<0>, C4<0>;
L_0000000001669010 .functor AND 1, L_0000000001667760, L_0000000001666a40, C4<1>, C4<1>;
L_0000000001669780 .functor AND 1, L_0000000001669010, L_0000000001615e20, C4<1>, C4<1>;
L_0000000001669080 .functor OR 1, L_000000000166a270, L_0000000001669780, C4<0>, C4<0>;
L_000000000166a3c0 .functor OR 1, L_0000000001667300, L_0000000001669080, C4<0>, C4<0>;
L_00000000016690f0 .functor AND 1, L_00000000016681e0, L_0000000001667760, C4<1>, C4<1>;
L_0000000001669d30 .functor AND 1, L_00000000016690f0, L_0000000001615e20, C4<1>, C4<1>;
L_00000000016691d0 .functor AND 1, L_00000000016681e0, L_0000000001667760, C4<1>, C4<1>;
L_00000000016692b0 .functor AND 1, L_00000000016691d0, L_0000000001614340, C4<1>, C4<1>;
L_000000000166a2e0 .functor OR 1, L_0000000001669d30, L_00000000016692b0, C4<0>, C4<0>;
L_0000000001669390 .functor AND 1, L_00000000016681e0, L_0000000001614340, C4<1>, C4<1>;
L_0000000001669400 .functor AND 1, L_0000000001669390, L_0000000001615e20, C4<1>, C4<1>;
L_000000000166a350 .functor OR 1, L_000000000166a2e0, L_0000000001669400, C4<0>, C4<0>;
L_00000000016698d0 .functor AND 1, L_00000000016143e0, L_0000000001616640, C4<1>, C4<1>;
L_00000000016699b0 .functor AND 1, L_00000000016698d0, L_0000000001666a40, C4<1>, C4<1>;
L_0000000001669a20 .functor AND 1, L_00000000016699b0, L_0000000001615e20, C4<1>, C4<1>;
L_0000000001669a90 .functor OR 1, L_000000000166a350, L_0000000001669a20, C4<0>, C4<0>;
L_0000000001669b70 .functor OR 1, L_0000000001667300, L_0000000001669a90, C4<0>, C4<0>;
L_0000000001669be0 .functor AND 1, L_00000000016681e0, L_0000000001667760, C4<1>, C4<1>;
L_000000000166ab30 .functor AND 1, L_0000000001669be0, L_0000000001666a40, C4<1>, C4<1>;
L_000000000166aac0 .functor AND 1, L_00000000016681e0, L_0000000001616640, C4<1>, C4<1>;
L_000000000166aba0 .functor AND 1, L_000000000166aac0, L_0000000001614340, C4<1>, C4<1>;
L_000000000166ac80 .functor AND 1, L_000000000166aba0, L_0000000001615e20, C4<1>, C4<1>;
L_000000000166ac10 .functor OR 1, L_000000000166ab30, L_000000000166ac80, C4<0>, C4<0>;
L_000000000166acf0 .functor AND 1, L_00000000016143e0, L_0000000001616640, C4<1>, C4<1>;
L_000000000166a9e0 .functor AND 1, L_000000000166acf0, L_0000000001666a40, C4<1>, C4<1>;
L_000000000166aa50 .functor AND 1, L_000000000166a9e0, L_00000000016669d0, C4<1>, C4<1>;
L_000000000166f330 .functor OR 1, L_000000000166ac10, L_000000000166aa50, C4<0>, C4<0>;
L_000000000166f640 .functor OR 1, L_0000000001667300, L_000000000166f330, C4<0>, C4<0>;
L_0000000001670980 .functor NOT 1, L_00000000016671b0, C4<0>, C4<0>, C4<0>;
v000000000123ff30_0 .net "D0", 0 0, L_0000000001615e20;  1 drivers
v000000000123fe90_0 .net "D0n", 0 0, L_00000000016669d0;  1 drivers
v000000000123ec70_0 .net "D1", 0 0, L_0000000001614340;  1 drivers
v000000000123ed10_0 .net "D1n", 0 0, L_0000000001666a40;  1 drivers
v000000000123e9f0_0 .net "D2", 0 0, L_0000000001616640;  1 drivers
v0000000001240070_0 .net "D2n", 0 0, L_0000000001667760;  1 drivers
v000000000123fb70_0 .net "D3", 0 0, L_00000000016143e0;  1 drivers
v000000000123f350_0 .net "D3n", 0 0, L_00000000016681e0;  1 drivers
v000000000123e4f0_0 .net "LE", 0 0, L_0000000001667300;  alias, 1 drivers
v000000000123f2b0_0 .net *"_s10", 0 0, L_0000000001666ab0;  1 drivers
v000000000123fc10_0 .net *"_s100", 0 0, L_0000000001669320;  1 drivers
v000000000123ea90_0 .net *"_s102", 0 0, L_0000000001669240;  1 drivers
v000000000123fa30_0 .net *"_s104", 0 0, L_000000000166a970;  1 drivers
v000000000123e590_0 .net *"_s106", 0 0, L_0000000001668ec0;  1 drivers
v000000000123eef0_0 .net *"_s108", 0 0, L_000000000166a190;  1 drivers
v000000000123f3f0_0 .net *"_s110", 0 0, L_0000000001668de0;  1 drivers
v000000000123ffd0_0 .net *"_s112", 0 0, L_000000000166a510;  1 drivers
v000000000123ee50_0 .net *"_s116", 0 0, L_0000000001668fa0;  1 drivers
v000000000123fcb0_0 .net *"_s118", 0 0, L_000000000166a200;  1 drivers
v000000000123fd50_0 .net *"_s12", 0 0, L_0000000001667450;  1 drivers
v000000000123e6d0_0 .net *"_s120", 0 0, L_000000000166a580;  1 drivers
v000000000123e770_0 .net *"_s122", 0 0, L_000000000166a270;  1 drivers
v000000000123f490_0 .net *"_s124", 0 0, L_0000000001669010;  1 drivers
v000000000123fdf0_0 .net *"_s126", 0 0, L_0000000001669780;  1 drivers
v000000000123e810_0 .net *"_s128", 0 0, L_0000000001669080;  1 drivers
v000000000123e8b0_0 .net *"_s132", 0 0, L_00000000016690f0;  1 drivers
v000000000123f710_0 .net *"_s134", 0 0, L_0000000001669d30;  1 drivers
v000000000123e950_0 .net *"_s136", 0 0, L_00000000016691d0;  1 drivers
v000000000123eb30_0 .net *"_s138", 0 0, L_00000000016692b0;  1 drivers
v000000000123f030_0 .net *"_s14", 0 0, L_0000000001667530;  1 drivers
v000000000123f0d0_0 .net *"_s140", 0 0, L_000000000166a2e0;  1 drivers
v0000000001240110_0 .net *"_s142", 0 0, L_0000000001669390;  1 drivers
v000000000123f170_0 .net *"_s144", 0 0, L_0000000001669400;  1 drivers
v000000000123f530_0 .net *"_s146", 0 0, L_000000000166a350;  1 drivers
v00000000012401b0_0 .net *"_s148", 0 0, L_00000000016698d0;  1 drivers
v000000000123f5d0_0 .net *"_s150", 0 0, L_00000000016699b0;  1 drivers
v0000000001240250_0 .net *"_s152", 0 0, L_0000000001669a20;  1 drivers
v000000000123e3b0_0 .net *"_s154", 0 0, L_0000000001669a90;  1 drivers
v00000000011f3de0_0 .net *"_s158", 0 0, L_0000000001669be0;  1 drivers
v0000000001600fe0_0 .net *"_s16", 0 0, L_00000000016686b0;  1 drivers
v0000000001600b80_0 .net *"_s160", 0 0, L_000000000166ab30;  1 drivers
v00000000015ff960_0 .net *"_s162", 0 0, L_000000000166aac0;  1 drivers
v00000000015ffb40_0 .net *"_s164", 0 0, L_000000000166aba0;  1 drivers
v00000000016004a0_0 .net *"_s166", 0 0, L_000000000166ac80;  1 drivers
v0000000001600ae0_0 .net *"_s168", 0 0, L_000000000166ac10;  1 drivers
v00000000016009a0_0 .net *"_s170", 0 0, L_000000000166acf0;  1 drivers
v0000000001600c20_0 .net *"_s172", 0 0, L_000000000166a9e0;  1 drivers
v0000000001600540_0 .net *"_s174", 0 0, L_000000000166aa50;  1 drivers
v00000000015ffaa0_0 .net *"_s176", 0 0, L_000000000166f330;  1 drivers
v0000000001600cc0_0 .net *"_s18", 0 0, L_00000000016685d0;  1 drivers
v0000000001600860_0 .net *"_s20", 0 0, L_0000000001668640;  1 drivers
v00000000016002c0_0 .net *"_s22", 0 0, L_0000000001668560;  1 drivers
v0000000001600e00_0 .net *"_s24", 0 0, L_00000000016683a0;  1 drivers
v0000000001600040_0 .net *"_s26", 0 0, L_0000000001668410;  1 drivers
v0000000001600ea0_0 .net *"_s28", 0 0, L_0000000001668480;  1 drivers
v0000000001600f40_0 .net *"_s30", 0 0, L_00000000016684f0;  1 drivers
v00000000015ffbe0_0 .net *"_s32", 0 0, L_000000000166a7b0;  1 drivers
v0000000001600d60_0 .net *"_s34", 0 0, L_000000000166a430;  1 drivers
v00000000016000e0_0 .net *"_s36", 0 0, L_0000000001669550;  1 drivers
v00000000015ffe60_0 .net *"_s40", 0 0, L_0000000001669fd0;  1 drivers
v00000000015ffa00_0 .net *"_s42", 0 0, L_0000000001669c50;  1 drivers
v0000000001600900_0 .net *"_s44", 0 0, L_0000000001669470;  1 drivers
v00000000016007c0_0 .net *"_s46", 0 0, L_0000000001669f60;  1 drivers
v00000000016005e0_0 .net *"_s48", 0 0, L_0000000001669860;  1 drivers
v00000000015ffc80_0 .net *"_s50", 0 0, L_0000000001669cc0;  1 drivers
v00000000015ffd20_0 .net *"_s52", 0 0, L_000000000166a6d0;  1 drivers
v0000000001600360_0 .net *"_s54", 0 0, L_0000000001669e10;  1 drivers
v0000000001600680_0 .net *"_s56", 0 0, L_000000000166a4a0;  1 drivers
v00000000015ffdc0_0 .net *"_s58", 0 0, L_0000000001669e80;  1 drivers
v00000000015fff00_0 .net *"_s60", 0 0, L_000000000166a740;  1 drivers
v0000000001600720_0 .net *"_s62", 0 0, L_0000000001669630;  1 drivers
v00000000015fffa0_0 .net *"_s66", 0 0, L_000000000166a5f0;  1 drivers
v0000000001600a40_0 .net *"_s68", 0 0, L_00000000016694e0;  1 drivers
v0000000001600180_0 .net *"_s70", 0 0, L_00000000016697f0;  1 drivers
v0000000001600220_0 .net *"_s72", 0 0, L_0000000001668e50;  1 drivers
v0000000001600400_0 .net *"_s74", 0 0, L_0000000001669ef0;  1 drivers
v00000000015ff280_0 .net *"_s76", 0 0, L_000000000166a040;  1 drivers
v00000000015fdde0_0 .net *"_s78", 0 0, L_000000000166a660;  1 drivers
v00000000015fe420_0 .net *"_s8", 0 0, L_0000000001668250;  1 drivers
v00000000015fd2a0_0 .net *"_s80", 0 0, L_0000000001669da0;  1 drivers
v00000000015fe880_0 .net *"_s82", 0 0, L_000000000166a0b0;  1 drivers
v00000000015ff320_0 .net *"_s86", 0 0, L_0000000001669b00;  1 drivers
v00000000015fd3e0_0 .net *"_s88", 0 0, L_00000000016695c0;  1 drivers
v00000000015fde80_0 .net *"_s90", 0 0, L_000000000166a120;  1 drivers
v00000000015ff780_0 .net *"_s92", 0 0, L_000000000166a890;  1 drivers
v00000000015fe920_0 .net *"_s94", 0 0, L_00000000016696a0;  1 drivers
v00000000015fd200_0 .net *"_s96", 0 0, L_000000000166a900;  1 drivers
v00000000015ff3c0_0 .net *"_s98", 0 0, L_0000000001669710;  1 drivers
v00000000015fed80_0 .net "a", 0 0, L_0000000001669160;  1 drivers
v00000000015fe740_0 .net "b", 0 0, L_0000000001669940;  1 drivers
v00000000015fe380_0 .net "c", 0 0, L_000000000166a820;  1 drivers
v00000000015ff8c0_0 .net "d", 0 0, L_0000000001668f30;  1 drivers
v00000000015ff1e0_0 .net "e", 0 0, L_000000000166a3c0;  1 drivers
v00000000015fd340_0 .net "f", 0 0, L_0000000001669b70;  1 drivers
v00000000015fe560_0 .net "g", 0 0, L_000000000166f640;  1 drivers
v00000000015fec40_0 .net "p", 0 0, L_0000000001670980;  1 drivers
v00000000015fdc00_0 .net "point", 0 0, L_00000000016671b0;  alias, 1 drivers
S_00000000011b1d70 .scope module, "cd" "clkdiv" 3 23, 5 1 0, S_00000000011c53f0;
 .timescale 0 0;
    .port_info 0 /INPUT 1 "clk";
    .port_info 1 /INPUT 1 "rst";
    .port_info 2 /OUTPUT 32 "clkdiv";
v00000000015feba0_0 .net "clk", 0 0, v00000000016109c0_0;  alias, 1 drivers
v00000000015fe9c0_0 .var "clkdiv", 31 0;
v00000000015fd660_0 .net "rst", 0 0, L_000000000123b6a0;  alias, 1 drivers
E_00000000012212a0 .event posedge, v00000000015fd660_0, v00000000015feba0_0;
S_00000000011b1f00 .scope module, "ds" "display_sync" 3 26, 6 1 0, S_00000000011c53f0;
 .timescale 0 0;
    .port_info 0 /INPUT 4 "I0";
    .port_info 1 /INPUT 4 "I1";
    .port_info 2 /INPUT 4 "I2";
    .port_info 3 /INPUT 4 "I3";
    .port_info 4 /INPUT 4 "points";
    .port_info 5 /INPUT 4 "LES";
    .port_info 6 /INPUT 2 "scan";
    .port_info 7 /OUTPUT 4 "Hex";
    .port_info 8 /OUTPUT 4 "AN";
    .port_info 9 /OUTPUT 1 "p";
    .port_info 10 /OUTPUT 1 "LE";
L_0000000001667a70 .functor AND 1, L_0000000001613800, L_00000000016161e0, C4<1>, C4<1>;
L_00000000016676f0 .functor AND 1, L_00000000016145c0, L_0000000001616280, C4<1>, C4<1>;
L_0000000001667370 .functor OR 1, L_0000000001667a70, L_00000000016676f0, C4<0>, C4<0>;
L_00000000016670d0 .functor AND 1, L_00000000016166e0, L_0000000001615880, C4<1>, C4<1>;
L_0000000001667840 .functor OR 1, L_0000000001667370, L_00000000016670d0, C4<0>, C4<0>;
L_00000000016673e0 .functor AND 1, L_0000000001615740, L_0000000001614de0, C4<1>, C4<1>;
L_00000000016671b0 .functor OR 1, L_0000000001667840, L_00000000016673e0, C4<0>, C4<0>;
L_0000000001667220 .functor AND 1, L_00000000016160a0, L_00000000016165a0, C4<1>, C4<1>;
L_00000000016675a0 .functor AND 1, L_0000000001614a20, L_0000000001614840, C4<1>, C4<1>;
L_0000000001668090 .functor OR 1, L_0000000001667220, L_00000000016675a0, C4<0>, C4<0>;
L_0000000001668170 .functor AND 1, L_0000000001614ac0, L_0000000001615d80, C4<1>, C4<1>;
L_0000000001666880 .functor OR 1, L_0000000001668090, L_0000000001668170, C4<0>, C4<0>;
L_0000000001667290 .functor AND 1, L_0000000001615a60, L_0000000001615240, C4<1>, C4<1>;
L_0000000001667300 .functor OR 1, L_0000000001666880, L_0000000001667290, C4<0>, C4<0>;
L_0000000001666810 .functor NOT 4, L_0000000001612ea0, C4<0000>, C4<0000>, C4<0000>;
v00000000016021b0_0 .net "AN", 3 0, L_0000000001666810;  alias, 1 drivers
v0000000001604190_0 .net "Hex", 3 0, L_0000000001611fa0;  alias, 1 drivers
v00000000016049b0_0 .net "I0", 3 0, v000000000160bfd0_0;  alias, 1 drivers
v0000000001603970_0 .net "I1", 3 0, v000000000160c570_0;  alias, 1 drivers
v0000000001604cd0_0 .net "I2", 3 0, L_000000000160fd40;  alias, 1 drivers
v0000000001603dd0_0 .net "I3", 3 0, L_00000000016134e0;  alias, 1 drivers
v00000000016044b0_0 .net "LE", 0 0, L_0000000001667300;  alias, 1 drivers
v0000000001603a10_0 .net "LES", 3 0, L_00000000016156a0;  1 drivers
v0000000001603ab0_0 .net "M", 3 0, L_0000000001612ea0;  1 drivers
v0000000001604af0_0 .net *"_s1", 0 0, L_0000000001613800;  1 drivers
v0000000001604230_0 .net *"_s10", 0 0, L_00000000016676f0;  1 drivers
v0000000001604eb0_0 .net *"_s12", 0 0, L_0000000001667370;  1 drivers
v0000000001604690_0 .net *"_s15", 0 0, L_00000000016166e0;  1 drivers
v0000000001604730_0 .net *"_s17", 0 0, L_0000000001615880;  1 drivers
v0000000001604b90_0 .net *"_s18", 0 0, L_00000000016670d0;  1 drivers
v0000000001603bf0_0 .net *"_s20", 0 0, L_0000000001667840;  1 drivers
v0000000001603d30_0 .net *"_s23", 0 0, L_0000000001615740;  1 drivers
v0000000001604f50_0 .net *"_s25", 0 0, L_0000000001614de0;  1 drivers
v0000000001603e70_0 .net *"_s26", 0 0, L_00000000016673e0;  1 drivers
v0000000001604d70_0 .net *"_s3", 0 0, L_00000000016161e0;  1 drivers
v0000000001604e10_0 .net *"_s31", 0 0, L_00000000016160a0;  1 drivers
v0000000001603c90_0 .net *"_s33", 0 0, L_00000000016165a0;  1 drivers
v0000000001604550_0 .net *"_s34", 0 0, L_0000000001667220;  1 drivers
v0000000001604c30_0 .net *"_s37", 0 0, L_0000000001614a20;  1 drivers
v0000000001604ff0_0 .net *"_s39", 0 0, L_0000000001614840;  1 drivers
v0000000001603b50_0 .net *"_s4", 0 0, L_0000000001667a70;  1 drivers
v00000000016045f0_0 .net *"_s40", 0 0, L_00000000016675a0;  1 drivers
v00000000016047d0_0 .net *"_s42", 0 0, L_0000000001668090;  1 drivers
v0000000001603f10_0 .net *"_s45", 0 0, L_0000000001614ac0;  1 drivers
v0000000001603fb0_0 .net *"_s47", 0 0, L_0000000001615d80;  1 drivers
v0000000001604050_0 .net *"_s48", 0 0, L_0000000001668170;  1 drivers
v00000000016040f0_0 .net *"_s50", 0 0, L_0000000001666880;  1 drivers
v0000000001604870_0 .net *"_s53", 0 0, L_0000000001615a60;  1 drivers
v00000000016042d0_0 .net *"_s55", 0 0, L_0000000001615240;  1 drivers
v0000000001604370_0 .net *"_s56", 0 0, L_0000000001667290;  1 drivers
v0000000001604410_0 .net *"_s7", 0 0, L_00000000016145c0;  1 drivers
v0000000001604910_0 .net *"_s9", 0 0, L_0000000001616280;  1 drivers
v0000000001604a50_0 .net "p", 0 0, L_00000000016671b0;  alias, 1 drivers
v0000000001605b80_0 .net "points", 3 0, L_0000000001616820;  1 drivers
v0000000001606ee0_0 .net "scan", 1 0, L_0000000001616aa0;  1 drivers
L_0000000001613800 .part L_0000000001612ea0, 0, 1;
L_00000000016161e0 .part L_0000000001616820, 0, 1;
L_00000000016145c0 .part L_0000000001612ea0, 1, 1;
L_0000000001616280 .part L_0000000001616820, 1, 1;
L_00000000016166e0 .part L_0000000001612ea0, 2, 1;
L_0000000001615880 .part L_0000000001616820, 2, 1;
L_0000000001615740 .part L_0000000001612ea0, 3, 1;
L_0000000001614de0 .part L_0000000001616820, 3, 1;
L_00000000016160a0 .part L_0000000001612ea0, 0, 1;
L_00000000016165a0 .part L_00000000016156a0, 0, 1;
L_0000000001614a20 .part L_0000000001612ea0, 1, 1;
L_0000000001614840 .part L_00000000016156a0, 1, 1;
L_0000000001614ac0 .part L_0000000001612ea0, 2, 1;
L_0000000001615d80 .part L_00000000016156a0, 2, 1;
L_0000000001615a60 .part L_0000000001612ea0, 3, 1;
L_0000000001615240 .part L_00000000016156a0, 3, 1;
S_00000000011ad680 .scope module, "Muxb4" "Mux_4_1_b4" 6 7, 7 12 0, S_00000000011b1f00;
 .timescale 0 0;
    .port_info 0 /INPUT 2 "s";
    .port_info 1 /INPUT 4 "I0";
    .port_info 2 /INPUT 4 "I1";
    .port_info 3 /INPUT 4 "I2";
    .port_info 4 /INPUT 4 "I3";
    .port_info 5 /OUTPUT 4 "o";
L_0000000001666b20 .functor AND 1, L_00000000016125e0, L_00000000016124a0, C4<1>, C4<1>;
L_00000000016682c0 .functor AND 1, L_0000000001613b20, L_0000000001612fe0, C4<1>, C4<1>;
L_0000000001667140 .functor OR 1, L_0000000001666b20, L_00000000016682c0, C4<0>, C4<0>;
L_0000000001667610 .functor AND 1, L_0000000001613080, L_0000000001612720, C4<1>, C4<1>;
L_0000000001667b50 .functor OR 1, L_0000000001667140, L_0000000001667610, C4<0>, C4<0>;
L_0000000001667bc0 .functor AND 1, L_0000000001612860, L_0000000001613940, C4<1>, C4<1>;
L_00000000016668f0 .functor OR 1, L_0000000001667b50, L_0000000001667bc0, C4<0>, C4<0>;
L_0000000001667ca0 .functor AND 1, L_0000000001613da0, L_0000000001613d00, C4<1>, C4<1>;
L_00000000016677d0 .functor AND 1, L_0000000001611be0, L_0000000001612900, C4<1>, C4<1>;
L_0000000001667fb0 .functor OR 1, L_0000000001667ca0, L_00000000016677d0, C4<0>, C4<0>;
L_0000000001668100 .functor AND 1, L_00000000016122c0, L_0000000001612360, C4<1>, C4<1>;
L_0000000001666ff0 .functor OR 1, L_0000000001667fb0, L_0000000001668100, C4<0>, C4<0>;
L_0000000001666f80 .functor AND 1, L_0000000001613620, L_00000000016140c0, C4<1>, C4<1>;
L_0000000001666c00 .functor OR 1, L_0000000001666ff0, L_0000000001666f80, C4<0>, C4<0>;
L_0000000001667680 .functor AND 1, L_00000000016129a0, L_0000000001613120, C4<1>, C4<1>;
L_0000000001667ae0 .functor AND 1, L_0000000001613bc0, L_0000000001613440, C4<1>, C4<1>;
L_0000000001668020 .functor OR 1, L_0000000001667680, L_0000000001667ae0, C4<0>, C4<0>;
L_0000000001666d50 .functor AND 1, L_00000000016131c0, L_0000000001613f80, C4<1>, C4<1>;
L_0000000001666ce0 .functor OR 1, L_0000000001668020, L_0000000001666d50, C4<0>, C4<0>;
L_0000000001667920 .functor AND 1, L_0000000001612a40, L_0000000001613ee0, C4<1>, C4<1>;
L_0000000001666960 .functor OR 1, L_0000000001666ce0, L_0000000001667920, C4<0>, C4<0>;
L_0000000001666b90 .functor AND 1, L_0000000001614020, L_0000000001614160, C4<1>, C4<1>;
L_0000000001666c70 .functor AND 1, L_00000000016142a0, L_0000000001612040, C4<1>, C4<1>;
L_0000000001667e60 .functor OR 1, L_0000000001666b90, L_0000000001666c70, C4<0>, C4<0>;
L_0000000001668330 .functor AND 1, L_0000000001613580, L_0000000001612400, C4<1>, C4<1>;
L_0000000001667ed0 .functor OR 1, L_0000000001667e60, L_0000000001668330, C4<0>, C4<0>;
L_0000000001667c30 .functor AND 1, L_0000000001612ae0, L_0000000001612b80, C4<1>, C4<1>;
L_00000000016667a0 .functor OR 1, L_0000000001667ed0, L_0000000001667c30, C4<0>, C4<0>;
v00000000015fd700_0 .net "I0", 3 0, v000000000160bfd0_0;  alias, 1 drivers
v00000000015fd7a0_0 .net "I1", 3 0, v000000000160c570_0;  alias, 1 drivers
v00000000015fd840_0 .net "I2", 3 0, L_000000000160fd40;  alias, 1 drivers
v00000000015ff640_0 .net "I3", 3 0, L_00000000016134e0;  alias, 1 drivers
v00000000015fdf20_0 .net "Muxer", 3 0, L_0000000001612cc0;  1 drivers
v00000000015fef60_0 .net *"_s100", 0 0, L_0000000001614020;  1 drivers
v00000000015fd8e0_0 .net *"_s102", 0 0, L_0000000001614160;  1 drivers
v00000000015fdac0_0 .net *"_s103", 0 0, L_0000000001666b90;  1 drivers
v00000000015fe100_0 .net *"_s106", 0 0, L_00000000016142a0;  1 drivers
v00000000015fd980_0 .net *"_s108", 0 0, L_0000000001612040;  1 drivers
v00000000015ff000_0 .net *"_s109", 0 0, L_0000000001666c70;  1 drivers
v00000000015ff140_0 .net *"_s11", 0 0, L_0000000001612fe0;  1 drivers
v00000000015ff6e0_0 .net *"_s111", 0 0, L_0000000001667e60;  1 drivers
v00000000015fdfc0_0 .net *"_s114", 0 0, L_0000000001613580;  1 drivers
v00000000015fe240_0 .net *"_s116", 0 0, L_0000000001612400;  1 drivers
v00000000015fe1a0_0 .net *"_s117", 0 0, L_0000000001668330;  1 drivers
v00000000015fda20_0 .net *"_s119", 0 0, L_0000000001667ed0;  1 drivers
v00000000015fdd40_0 .net *"_s12", 0 0, L_00000000016682c0;  1 drivers
v00000000015ff820_0 .net *"_s122", 0 0, L_0000000001612ae0;  1 drivers
v00000000015fdb60_0 .net *"_s124", 0 0, L_0000000001612b80;  1 drivers
v00000000015fe060_0 .net *"_s125", 0 0, L_0000000001667c30;  1 drivers
v00000000015fe2e0_0 .net *"_s127", 0 0, L_00000000016667a0;  1 drivers
v0000000001601530_0 .net *"_s14", 0 0, L_0000000001667140;  1 drivers
v00000000016013f0_0 .net *"_s17", 0 0, L_0000000001613080;  1 drivers
v0000000001602b10_0 .net *"_s19", 0 0, L_0000000001612720;  1 drivers
v00000000016035b0_0 .net *"_s20", 0 0, L_0000000001667610;  1 drivers
v00000000016031f0_0 .net *"_s22", 0 0, L_0000000001667b50;  1 drivers
v0000000001601ad0_0 .net *"_s25", 0 0, L_0000000001612860;  1 drivers
v0000000001602570_0 .net *"_s27", 0 0, L_0000000001613940;  1 drivers
v0000000001603010_0 .net *"_s28", 0 0, L_0000000001667bc0;  1 drivers
v0000000001603790_0 .net *"_s3", 0 0, L_00000000016125e0;  1 drivers
v0000000001601710_0 .net *"_s30", 0 0, L_00000000016668f0;  1 drivers
v00000000016033d0_0 .net *"_s35", 0 0, L_0000000001613da0;  1 drivers
v0000000001603330_0 .net *"_s37", 0 0, L_0000000001613d00;  1 drivers
v00000000016022f0_0 .net *"_s38", 0 0, L_0000000001667ca0;  1 drivers
v0000000001601170_0 .net *"_s41", 0 0, L_0000000001611be0;  1 drivers
v00000000016026b0_0 .net *"_s43", 0 0, L_0000000001612900;  1 drivers
v0000000001602890_0 .net *"_s44", 0 0, L_00000000016677d0;  1 drivers
v0000000001602390_0 .net *"_s46", 0 0, L_0000000001667fb0;  1 drivers
v0000000001601f30_0 .net *"_s49", 0 0, L_00000000016122c0;  1 drivers
v0000000001601850_0 .net *"_s5", 0 0, L_00000000016124a0;  1 drivers
v0000000001603650_0 .net *"_s51", 0 0, L_0000000001612360;  1 drivers
v0000000001602750_0 .net *"_s52", 0 0, L_0000000001668100;  1 drivers
v0000000001602c50_0 .net *"_s54", 0 0, L_0000000001666ff0;  1 drivers
v0000000001601b70_0 .net *"_s57", 0 0, L_0000000001613620;  1 drivers
v00000000016030b0_0 .net *"_s59", 0 0, L_00000000016140c0;  1 drivers
v00000000016018f0_0 .net *"_s6", 0 0, L_0000000001666b20;  1 drivers
v0000000001602250_0 .net *"_s60", 0 0, L_0000000001666f80;  1 drivers
v0000000001601d50_0 .net *"_s62", 0 0, L_0000000001666c00;  1 drivers
v0000000001602cf0_0 .net *"_s67", 0 0, L_00000000016129a0;  1 drivers
v0000000001601c10_0 .net *"_s69", 0 0, L_0000000001613120;  1 drivers
v0000000001603150_0 .net *"_s70", 0 0, L_0000000001667680;  1 drivers
v00000000016029d0_0 .net *"_s73", 0 0, L_0000000001613bc0;  1 drivers
v00000000016036f0_0 .net *"_s75", 0 0, L_0000000001613440;  1 drivers
v0000000001602430_0 .net *"_s76", 0 0, L_0000000001667ae0;  1 drivers
v0000000001601490_0 .net *"_s78", 0 0, L_0000000001668020;  1 drivers
v00000000016017b0_0 .net *"_s81", 0 0, L_00000000016131c0;  1 drivers
v0000000001602610_0 .net *"_s83", 0 0, L_0000000001613f80;  1 drivers
v0000000001603830_0 .net *"_s84", 0 0, L_0000000001666d50;  1 drivers
v00000000016024d0_0 .net *"_s86", 0 0, L_0000000001666ce0;  1 drivers
v0000000001601fd0_0 .net *"_s89", 0 0, L_0000000001612a40;  1 drivers
v0000000001603510_0 .net *"_s9", 0 0, L_0000000001613b20;  1 drivers
v00000000016027f0_0 .net *"_s91", 0 0, L_0000000001613ee0;  1 drivers
v0000000001601cb0_0 .net *"_s92", 0 0, L_0000000001667920;  1 drivers
v0000000001602930_0 .net *"_s94", 0 0, L_0000000001666960;  1 drivers
v0000000001602a70_0 .net "o", 3 0, L_0000000001611fa0;  alias, 1 drivers
v0000000001602d90_0 .net "s", 1 0, L_0000000001616aa0;  alias, 1 drivers
L_00000000016125e0 .part L_0000000001612cc0, 0, 1;
L_00000000016124a0 .part v000000000160bfd0_0, 0, 1;
L_0000000001613b20 .part L_0000000001612cc0, 1, 1;
L_0000000001612fe0 .part v000000000160c570_0, 0, 1;
L_0000000001613080 .part L_0000000001612cc0, 2, 1;
L_0000000001612720 .part L_000000000160fd40, 0, 1;
L_0000000001612860 .part L_0000000001612cc0, 3, 1;
L_0000000001613940 .part L_00000000016134e0, 0, 1;
L_0000000001613da0 .part L_0000000001612cc0, 0, 1;
L_0000000001613d00 .part v000000000160bfd0_0, 1, 1;
L_0000000001611be0 .part L_0000000001612cc0, 1, 1;
L_0000000001612900 .part v000000000160c570_0, 1, 1;
L_00000000016122c0 .part L_0000000001612cc0, 2, 1;
L_0000000001612360 .part L_000000000160fd40, 1, 1;
L_0000000001613620 .part L_0000000001612cc0, 3, 1;
L_00000000016140c0 .part L_00000000016134e0, 1, 1;
L_00000000016129a0 .part L_0000000001612cc0, 0, 1;
L_0000000001613120 .part v000000000160bfd0_0, 2, 1;
L_0000000001613bc0 .part L_0000000001612cc0, 1, 1;
L_0000000001613440 .part v000000000160c570_0, 2, 1;
L_00000000016131c0 .part L_0000000001612cc0, 2, 1;
L_0000000001613f80 .part L_000000000160fd40, 2, 1;
L_0000000001612a40 .part L_0000000001612cc0, 3, 1;
L_0000000001613ee0 .part L_00000000016134e0, 2, 1;
L_0000000001611fa0 .concat8 [ 1 1 1 1], L_00000000016668f0, L_0000000001666c00, L_0000000001666960, L_00000000016667a0;
L_0000000001614020 .part L_0000000001612cc0, 0, 1;
L_0000000001614160 .part v000000000160bfd0_0, 3, 1;
L_00000000016142a0 .part L_0000000001612cc0, 1, 1;
L_0000000001612040 .part v000000000160c570_0, 3, 1;
L_0000000001613580 .part L_0000000001612cc0, 2, 1;
L_0000000001612400 .part L_000000000160fd40, 3, 1;
L_0000000001612ae0 .part L_0000000001612cc0, 3, 1;
L_0000000001612b80 .part L_00000000016134e0, 3, 1;
S_00000000011ad810 .scope module, "Decoder" "decoder_2_4" 7 18, 7 1 0, S_00000000011ad680;
 .timescale 0 0;
    .port_info 0 /INPUT 2 "s";
    .port_info 1 /OUTPUT 4 "outp";
L_000000000165f900 .functor NOT 1, L_00000000016120e0, C4<0>, C4<0>, C4<0>;
L_000000000165f510 .functor NOT 1, L_0000000001612180, C4<0>, C4<0>, C4<0>;
L_000000000165fa50 .functor AND 1, L_000000000165f900, L_000000000165f510, C4<1>, C4<1>;
L_0000000001667d10 .functor NOT 1, L_0000000001613c60, C4<0>, C4<0>, C4<0>;
L_0000000001666ea0 .functor AND 1, L_0000000001614200, L_0000000001667d10, C4<1>, C4<1>;
L_0000000001667a00 .functor NOT 1, L_0000000001612220, C4<0>, C4<0>, C4<0>;
L_00000000016678b0 .functor AND 1, L_0000000001667a00, L_00000000016139e0, C4<1>, C4<1>;
L_0000000001667df0 .functor AND 1, L_0000000001612f40, L_0000000001611f00, C4<1>, C4<1>;
v00000000015fe600_0 .net *"_s10", 0 0, L_000000000165fa50;  1 drivers
v00000000015fea60_0 .net *"_s15", 0 0, L_0000000001614200;  1 drivers
v00000000015fdca0_0 .net *"_s17", 0 0, L_0000000001613c60;  1 drivers
v00000000015ff460_0 .net *"_s18", 0 0, L_0000000001667d10;  1 drivers
v00000000015fe7e0_0 .net *"_s20", 0 0, L_0000000001666ea0;  1 drivers
v00000000015fd160_0 .net *"_s25", 0 0, L_0000000001612220;  1 drivers
v00000000015fd480_0 .net *"_s26", 0 0, L_0000000001667a00;  1 drivers
v00000000015fe6a0_0 .net *"_s29", 0 0, L_00000000016139e0;  1 drivers
v00000000015feb00_0 .net *"_s3", 0 0, L_00000000016120e0;  1 drivers
v00000000015ff500_0 .net *"_s30", 0 0, L_00000000016678b0;  1 drivers
v00000000015fe4c0_0 .net *"_s36", 0 0, L_0000000001612f40;  1 drivers
v00000000015fece0_0 .net *"_s38", 0 0, L_0000000001611f00;  1 drivers
v00000000015fee20_0 .net *"_s39", 0 0, L_0000000001667df0;  1 drivers
v00000000015fd520_0 .net *"_s4", 0 0, L_000000000165f900;  1 drivers
v00000000015fd5c0_0 .net *"_s7", 0 0, L_0000000001612180;  1 drivers
v00000000015feec0_0 .net *"_s8", 0 0, L_000000000165f510;  1 drivers
v00000000015ff5a0_0 .net "outp", 3 0, L_0000000001612cc0;  alias, 1 drivers
v00000000015ff0a0_0 .net "s", 1 0, L_0000000001616aa0;  alias, 1 drivers
L_00000000016120e0 .part L_0000000001616aa0, 0, 1;
L_0000000001612180 .part L_0000000001616aa0, 1, 1;
L_0000000001614200 .part L_0000000001616aa0, 0, 1;
L_0000000001613c60 .part L_0000000001616aa0, 1, 1;
L_0000000001612220 .part L_0000000001616aa0, 0, 1;
L_00000000016139e0 .part L_0000000001616aa0, 1, 1;
L_0000000001612cc0 .concat8 [ 1 1 1 1], L_000000000165fa50, L_0000000001666ea0, L_00000000016678b0, L_0000000001667df0;
L_0000000001612f40 .part L_0000000001616aa0, 0, 1;
L_0000000001611f00 .part L_0000000001616aa0, 1, 1;
S_00000000011b2a90 .scope module, "d24_1" "decoder_2_4" 6 10, 7 1 0, S_00000000011b1f00;
 .timescale 0 0;
    .port_info 0 /INPUT 2 "s";
    .port_info 1 /OUTPUT 4 "outp";
L_0000000001667f40 .functor NOT 1, L_0000000001613260, C4<0>, C4<0>, C4<0>;
L_0000000001667d80 .functor NOT 1, L_0000000001612c20, C4<0>, C4<0>, C4<0>;
L_00000000016674c0 .functor AND 1, L_0000000001667f40, L_0000000001667d80, C4<1>, C4<1>;
L_0000000001667060 .functor NOT 1, L_0000000001612e00, C4<0>, C4<0>, C4<0>;
L_0000000001666dc0 .functor AND 1, L_0000000001612d60, L_0000000001667060, C4<1>, C4<1>;
L_0000000001667990 .functor NOT 1, L_0000000001613300, C4<0>, C4<0>, C4<0>;
L_0000000001666e30 .functor AND 1, L_0000000001667990, L_00000000016136c0, C4<1>, C4<1>;
L_0000000001666f10 .functor AND 1, L_0000000001613760, L_00000000016138a0, C4<1>, C4<1>;
v0000000001602bb0_0 .net *"_s10", 0 0, L_00000000016674c0;  1 drivers
v0000000001602e30_0 .net *"_s15", 0 0, L_0000000001612d60;  1 drivers
v0000000001602ed0_0 .net *"_s17", 0 0, L_0000000001612e00;  1 drivers
v0000000001603470_0 .net *"_s18", 0 0, L_0000000001667060;  1 drivers
v0000000001601df0_0 .net *"_s20", 0 0, L_0000000001666dc0;  1 drivers
v0000000001602070_0 .net *"_s25", 0 0, L_0000000001613300;  1 drivers
v0000000001601210_0 .net *"_s26", 0 0, L_0000000001667990;  1 drivers
v00000000016015d0_0 .net *"_s29", 0 0, L_00000000016136c0;  1 drivers
v0000000001602f70_0 .net *"_s3", 0 0, L_0000000001613260;  1 drivers
v00000000016038d0_0 .net *"_s30", 0 0, L_0000000001666e30;  1 drivers
v00000000016012b0_0 .net *"_s36", 0 0, L_0000000001613760;  1 drivers
v0000000001603290_0 .net *"_s38", 0 0, L_00000000016138a0;  1 drivers
v0000000001601990_0 .net *"_s39", 0 0, L_0000000001666f10;  1 drivers
v0000000001601a30_0 .net *"_s4", 0 0, L_0000000001667f40;  1 drivers
v0000000001601350_0 .net *"_s7", 0 0, L_0000000001612c20;  1 drivers
v0000000001601670_0 .net *"_s8", 0 0, L_0000000001667d80;  1 drivers
v0000000001601e90_0 .net "outp", 3 0, L_0000000001612ea0;  alias, 1 drivers
v0000000001602110_0 .net "s", 1 0, L_0000000001616aa0;  alias, 1 drivers
L_0000000001613260 .part L_0000000001616aa0, 0, 1;
L_0000000001612c20 .part L_0000000001616aa0, 1, 1;
L_0000000001612d60 .part L_0000000001616aa0, 0, 1;
L_0000000001612e00 .part L_0000000001616aa0, 1, 1;
L_0000000001613300 .part L_0000000001616aa0, 0, 1;
L_00000000016136c0 .part L_0000000001616aa0, 1, 1;
L_0000000001612ea0 .concat8 [ 1 1 1 1], L_00000000016674c0, L_0000000001666dc0, L_0000000001666e30, L_0000000001666f10;
L_0000000001613760 .part L_0000000001616aa0, 0, 1;
L_00000000016138a0 .part L_0000000001616aa0, 1, 1;
S_0000000001199dc0 .scope module, "numc" "create_number" 3 24, 8 18 0, S_00000000011c53f0;
 .timescale 0 0;
    .port_info 0 /INPUT 1 "clk";
    .port_info 1 /INPUT 2 "btn";
    .port_info 2 /INPUT 2 "op";
    .port_info 3 /OUTPUT 4 "n0";
    .port_info 4 /OUTPUT 4 "n1";
    .port_info 5 /OUTPUT 4 "n2";
    .port_info 6 /OUTPUT 4 "n3";
L_000000000165f4a0 .functor NOT 1, L_0000000001611b40, C4<0>, C4<0>, C4<0>;
L_000000000165fba0 .functor AND 1, L_000000000165f4a0, L_000000000124e6c0, C4<1>, C4<1>;
L_00000000016172f8 .functor BUFT 1, C4<0>, C4<0>, C4<0>, C4<0>;
L_000000000165f890 .functor AND 1, L_0000000001613a80, L_00000000016172f8, C4<1>, C4<1>;
L_000000000165fcf0 .functor OR 1, L_000000000165fba0, L_000000000165f890, C4<0>, C4<0>;
L_000000000165ff20 .functor BUFZ 1, v000000000160a130_0, C4<0>, C4<0>, C4<0>;
L_000000000165fe40 .functor BUFZ 1, v000000000160a130_0, C4<0>, C4<0>, C4<0>;
L_000000000165f3c0 .functor BUFZ 1, v000000000160a130_0, C4<0>, C4<0>, C4<0>;
v000000000160a130_0 .var "GND", 0 0;
v0000000001609eb0_0 .net *"_s10", 0 0, L_000000000165fba0;  1 drivers
v0000000001609f50_0 .net *"_s13", 0 0, L_0000000001613a80;  1 drivers
v000000000160abd0_0 .net *"_s14", 0 0, L_000000000165f890;  1 drivers
v0000000001609ff0_0 .net *"_s16", 0 0, L_000000000165fcf0;  1 drivers
v000000000160a090_0 .net *"_s21", 0 0, L_000000000165ff20;  1 drivers
v000000000160a1d0_0 .net *"_s25", 0 0, L_000000000165fe40;  1 drivers
v000000000160a3b0_0 .net *"_s30", 0 0, L_000000000165f3c0;  1 drivers
L_0000000001617340 .functor BUFT 1, C4<0001>, C4<0>, C4<0>, C4<0>;
v000000000160a590_0 .net/2u *"_s31", 3 0, L_0000000001617340;  1 drivers
L_0000000001617388 .functor BUFT 1, C4<0001>, C4<0>, C4<0>, C4<0>;
v000000000160a770_0 .net/2u *"_s35", 3 0, L_0000000001617388;  1 drivers
v000000000160a8b0_0 .net *"_s50", 0 0, L_0000000001611d20;  1 drivers
v000000000160cf70_0 .net *"_s54", 0 0, L_0000000001612540;  1 drivers
v000000000160c390_0 .net *"_s7", 0 0, L_0000000001611b40;  1 drivers
v000000000160c1b0_0 .net *"_s8", 0 0, L_000000000165f4a0;  1 drivers
v000000000160cd90_0 .net "btn", 1 0, v0000000001610740_0;  alias, 1 drivers
v000000000160c610_0 .net "clk", 0 0, L_0000000001611dc0;  1 drivers
v000000000160bfd0_0 .var "n0", 3 0;
v000000000160c570_0 .var "n1", 3 0;
v000000000160c6b0_0 .net "n2", 3 0, L_000000000160fd40;  alias, 1 drivers
v000000000160bb70_0 .net "n2_01", 3 0, L_0000000001611320;  1 drivers
v000000000160b990_0 .net "n2_23", 3 0, L_000000000124e650;  1 drivers
v000000000160c750_0 .net "n3", 3 0, L_00000000016134e0;  alias, 1 drivers
v000000000160c070_0 .net "n3_01", 0 0, L_000000000124e6c0;  1 drivers
v000000000160be90_0 .net "n3_23", 0 0, L_00000000016172f8;  1 drivers
v000000000160c430_0 .net "op", 1 0, v0000000001610ce0_0;  alias, 1 drivers
v000000000160c250_0 .net "t0", 3 0, L_0000000001611e60;  1 drivers
v000000000160bdf0_0 .net "t1", 3 0, L_0000000001613e40;  1 drivers
v000000000160ced0_0 .net "tbtn", 1 0, L_0000000001611c80;  1 drivers
E_0000000001221ae0 .event posedge, L_0000000001612540;
E_00000000012213e0 .event posedge, L_0000000001611d20;
L_0000000001610ba0 .part v0000000001610ce0_0, 0, 1;
L_0000000001611820 .part v0000000001610ce0_0, 0, 1;
L_0000000001611b40 .part v0000000001610ce0_0, 1, 1;
L_0000000001613a80 .part v0000000001610ce0_0, 1, 1;
L_00000000016134e0 .concat8 [ 1 1 1 1], L_000000000165fcf0, L_000000000165ff20, L_000000000165fe40, L_000000000165f3c0;
L_0000000001611e60 .arith/sum 4, v000000000160bfd0_0, L_0000000001617340;
L_0000000001613e40 .arith/sum 4, v000000000160c570_0, L_0000000001617388;
L_0000000001612680 .part v0000000001610740_0, 0, 1;
L_00000000016133a0 .part v0000000001610740_0, 1, 1;
L_0000000001611c80 .concat8 [ 1 1 0 0], v00000000016099b0_0, v0000000001609af0_0;
L_0000000001611d20 .part L_0000000001611c80, 0, 1;
L_0000000001612540 .part L_0000000001611c80, 1, 1;
S_0000000001199f50 .scope module, "Mux41b4_c1" "Mux_4_1_b4" 8 39, 7 12 0, S_0000000001199dc0;
 .timescale 0 0;
    .port_info 0 /INPUT 2 "s";
    .port_info 1 /INPUT 4 "I0";
    .port_info 2 /INPUT 4 "I1";
    .port_info 3 /INPUT 4 "I2";
    .port_info 4 /INPUT 4 "I3";
    .port_info 5 /OUTPUT 4 "o";
L_000000000124e8f0 .functor AND 1, L_000000000160fde0, L_0000000001610b00, C4<1>, C4<1>;
L_000000000124da80 .functor AND 1, L_0000000001610c40, L_0000000001610f60, C4<1>, C4<1>;
L_000000000124de00 .functor OR 1, L_000000000124e8f0, L_000000000124da80, C4<0>, C4<0>;
L_000000000124e030 .functor AND 1, L_0000000001611000, L_000000000160f480, C4<1>, C4<1>;
L_000000000165fc10 .functor OR 1, L_000000000124de00, L_000000000124e030, C4<0>, C4<0>;
L_000000000165fac0 .functor AND 1, L_0000000001611a00, L_000000000160f520, C4<1>, C4<1>;
L_000000000165feb0 .functor OR 1, L_000000000165fc10, L_000000000165fac0, C4<0>, C4<0>;
L_0000000001660070 .functor AND 1, L_00000000016110a0, L_000000000160fe80, C4<1>, C4<1>;
L_000000000165f970 .functor AND 1, L_0000000001611140, L_000000000160f5c0, C4<1>, C4<1>;
L_0000000001660000 .functor OR 1, L_0000000001660070, L_000000000165f970, C4<0>, C4<0>;
L_000000000165fd60 .functor AND 1, L_0000000001611460, L_000000000160f660, C4<1>, C4<1>;
L_000000000165fc80 .functor OR 1, L_0000000001660000, L_000000000165fd60, C4<0>, C4<0>;
L_000000000165ff90 .functor AND 1, L_0000000001611500, L_00000000016115a0, C4<1>, C4<1>;
L_000000000165fdd0 .functor OR 1, L_000000000165fc80, L_000000000165ff90, C4<0>, C4<0>;
L_00000000016601c0 .functor AND 1, L_000000000160fb60, L_0000000001611640, C4<1>, C4<1>;
L_000000000165f9e0 .functor AND 1, L_0000000001610600, L_000000000160f700, C4<1>, C4<1>;
L_000000000165fb30 .functor OR 1, L_00000000016601c0, L_000000000165f9e0, C4<0>, C4<0>;
L_000000000165f740 .functor AND 1, L_000000000160f7a0, L_00000000016116e0, C4<1>, C4<1>;
L_0000000001660150 .functor OR 1, L_000000000165fb30, L_000000000165f740, C4<0>, C4<0>;
L_000000000165f7b0 .functor AND 1, L_000000000160fc00, L_000000000160ff20, C4<1>, C4<1>;
L_00000000016600e0 .functor OR 1, L_0000000001660150, L_000000000165f7b0, C4<0>, C4<0>;
L_0000000001660230 .functor AND 1, L_0000000001610060, L_00000000016101a0, C4<1>, C4<1>;
L_000000000165f350 .functor AND 1, L_00000000016102e0, L_0000000001610420, C4<1>, C4<1>;
L_000000000165f580 .functor OR 1, L_0000000001660230, L_000000000165f350, C4<0>, C4<0>;
L_000000000165f820 .functor AND 1, L_00000000016104c0, L_0000000001610560, C4<1>, C4<1>;
L_000000000165f660 .functor OR 1, L_000000000165f580, L_000000000165f820, C4<0>, C4<0>;
L_000000000165f5f0 .functor AND 1, L_00000000016106a0, L_00000000016127c0, C4<1>, C4<1>;
L_000000000165f6d0 .functor OR 1, L_000000000165f660, L_000000000165f5f0, C4<0>, C4<0>;
v0000000001606c60_0 .net "I0", 3 0, L_0000000001611320;  alias, 1 drivers
v0000000001606620_0 .net "I1", 3 0, L_0000000001611320;  alias, 1 drivers
v0000000001607340_0 .net "I2", 3 0, L_000000000124e650;  alias, 1 drivers
v00000000016052c0_0 .net "I3", 3 0, L_000000000124e650;  alias, 1 drivers
v0000000001606760_0 .net "Muxer", 3 0, L_0000000001610380;  1 drivers
v00000000016077a0_0 .net *"_s100", 0 0, L_0000000001610060;  1 drivers
v0000000001607020_0 .net *"_s102", 0 0, L_00000000016101a0;  1 drivers
v00000000016078e0_0 .net *"_s103", 0 0, L_0000000001660230;  1 drivers
v0000000001607160_0 .net *"_s106", 0 0, L_00000000016102e0;  1 drivers
v00000000016070c0_0 .net *"_s108", 0 0, L_0000000001610420;  1 drivers
v0000000001606b20_0 .net *"_s109", 0 0, L_000000000165f350;  1 drivers
v0000000001605180_0 .net *"_s11", 0 0, L_0000000001610f60;  1 drivers
v0000000001606300_0 .net *"_s111", 0 0, L_000000000165f580;  1 drivers
v00000000016054a0_0 .net *"_s114", 0 0, L_00000000016104c0;  1 drivers
v0000000001605720_0 .net *"_s116", 0 0, L_0000000001610560;  1 drivers
v0000000001606800_0 .net *"_s117", 0 0, L_000000000165f820;  1 drivers
v0000000001605220_0 .net *"_s119", 0 0, L_000000000165f660;  1 drivers
v0000000001606580_0 .net *"_s12", 0 0, L_000000000124da80;  1 drivers
v0000000001607200_0 .net *"_s122", 0 0, L_00000000016106a0;  1 drivers
v0000000001605400_0 .net *"_s124", 0 0, L_00000000016127c0;  1 drivers
v00000000016057c0_0 .net *"_s125", 0 0, L_000000000165f5f0;  1 drivers
v00000000016073e0_0 .net *"_s127", 0 0, L_000000000165f6d0;  1 drivers
v0000000001607480_0 .net *"_s14", 0 0, L_000000000124de00;  1 drivers
v0000000001606440_0 .net *"_s17", 0 0, L_0000000001611000;  1 drivers
v0000000001605540_0 .net *"_s19", 0 0, L_000000000160f480;  1 drivers
v0000000001606940_0 .net *"_s20", 0 0, L_000000000124e030;  1 drivers
v0000000001606bc0_0 .net *"_s22", 0 0, L_000000000165fc10;  1 drivers
v00000000016064e0_0 .net *"_s25", 0 0, L_0000000001611a00;  1 drivers
v0000000001606080_0 .net *"_s27", 0 0, L_000000000160f520;  1 drivers
v0000000001605860_0 .net *"_s28", 0 0, L_000000000165fac0;  1 drivers
v00000000016075c0_0 .net *"_s3", 0 0, L_000000000160fde0;  1 drivers
v0000000001606da0_0 .net *"_s30", 0 0, L_000000000165feb0;  1 drivers
v0000000001606e40_0 .net *"_s35", 0 0, L_00000000016110a0;  1 drivers
v0000000001605ae0_0 .net *"_s37", 0 0, L_000000000160fe80;  1 drivers
v00000000016055e0_0 .net *"_s38", 0 0, L_0000000001660070;  1 drivers
v0000000001605900_0 .net *"_s41", 0 0, L_0000000001611140;  1 drivers
v0000000001606260_0 .net *"_s43", 0 0, L_000000000160f5c0;  1 drivers
v0000000001605680_0 .net *"_s44", 0 0, L_000000000165f970;  1 drivers
v00000000016059a0_0 .net *"_s46", 0 0, L_0000000001660000;  1 drivers
v0000000001605a40_0 .net *"_s49", 0 0, L_0000000001611460;  1 drivers
v0000000001605c20_0 .net *"_s5", 0 0, L_0000000001610b00;  1 drivers
v0000000001605d60_0 .net *"_s51", 0 0, L_000000000160f660;  1 drivers
v0000000001605ea0_0 .net *"_s52", 0 0, L_000000000165fd60;  1 drivers
v00000000016061c0_0 .net *"_s54", 0 0, L_000000000165fc80;  1 drivers
v0000000001608e20_0 .net *"_s57", 0 0, L_0000000001611500;  1 drivers
v0000000001607c00_0 .net *"_s59", 0 0, L_00000000016115a0;  1 drivers
v0000000001607fc0_0 .net *"_s6", 0 0, L_000000000124e8f0;  1 drivers
v0000000001608880_0 .net *"_s60", 0 0, L_000000000165ff90;  1 drivers
v0000000001608ec0_0 .net *"_s62", 0 0, L_000000000165fdd0;  1 drivers
v0000000001608f60_0 .net *"_s67", 0 0, L_000000000160fb60;  1 drivers
v0000000001608060_0 .net *"_s69", 0 0, L_0000000001611640;  1 drivers
v0000000001608560_0 .net *"_s70", 0 0, L_00000000016601c0;  1 drivers
v00000000016089c0_0 .net *"_s73", 0 0, L_0000000001610600;  1 drivers
v0000000001608380_0 .net *"_s75", 0 0, L_000000000160f700;  1 drivers
v0000000001607b60_0 .net *"_s76", 0 0, L_000000000165f9e0;  1 drivers
v0000000001607ca0_0 .net *"_s78", 0 0, L_000000000165fb30;  1 drivers
v0000000001608600_0 .net *"_s81", 0 0, L_000000000160f7a0;  1 drivers
v0000000001609000_0 .net *"_s83", 0 0, L_00000000016116e0;  1 drivers
v0000000001608420_0 .net *"_s84", 0 0, L_000000000165f740;  1 drivers
v00000000016081a0_0 .net *"_s86", 0 0, L_0000000001660150;  1 drivers
v0000000001608d80_0 .net *"_s89", 0 0, L_000000000160fc00;  1 drivers
v00000000016086a0_0 .net *"_s9", 0 0, L_0000000001610c40;  1 drivers
v0000000001608100_0 .net *"_s91", 0 0, L_000000000160ff20;  1 drivers
v0000000001608740_0 .net *"_s92", 0 0, L_000000000165f7b0;  1 drivers
v00000000016087e0_0 .net *"_s94", 0 0, L_00000000016600e0;  1 drivers
v0000000001608a60_0 .net "o", 3 0, L_000000000160fd40;  alias, 1 drivers
v00000000016084c0_0 .net "s", 1 0, v0000000001610ce0_0;  alias, 1 drivers
L_000000000160fde0 .part L_0000000001610380, 0, 1;
L_0000000001610b00 .part L_0000000001611320, 0, 1;
L_0000000001610c40 .part L_0000000001610380, 1, 1;
L_0000000001610f60 .part L_0000000001611320, 0, 1;
L_0000000001611000 .part L_0000000001610380, 2, 1;
L_000000000160f480 .part L_000000000124e650, 0, 1;
L_0000000001611a00 .part L_0000000001610380, 3, 1;
L_000000000160f520 .part L_000000000124e650, 0, 1;
L_00000000016110a0 .part L_0000000001610380, 0, 1;
L_000000000160fe80 .part L_0000000001611320, 1, 1;
L_0000000001611140 .part L_0000000001610380, 1, 1;
L_000000000160f5c0 .part L_0000000001611320, 1, 1;
L_0000000001611460 .part L_0000000001610380, 2, 1;
L_000000000160f660 .part L_000000000124e650, 1, 1;
L_0000000001611500 .part L_0000000001610380, 3, 1;
L_00000000016115a0 .part L_000000000124e650, 1, 1;
L_000000000160fb60 .part L_0000000001610380, 0, 1;
L_0000000001611640 .part L_0000000001611320, 2, 1;
L_0000000001610600 .part L_0000000001610380, 1, 1;
L_000000000160f700 .part L_0000000001611320, 2, 1;
L_000000000160f7a0 .part L_0000000001610380, 2, 1;
L_00000000016116e0 .part L_000000000124e650, 2, 1;
L_000000000160fc00 .part L_0000000001610380, 3, 1;
L_000000000160ff20 .part L_000000000124e650, 2, 1;
L_000000000160fd40 .concat8 [ 1 1 1 1], L_000000000165feb0, L_000000000165fdd0, L_00000000016600e0, L_000000000165f6d0;
L_0000000001610060 .part L_0000000001610380, 0, 1;
L_00000000016101a0 .part L_0000000001611320, 3, 1;
L_00000000016102e0 .part L_0000000001610380, 1, 1;
L_0000000001610420 .part L_0000000001611320, 3, 1;
L_00000000016104c0 .part L_0000000001610380, 2, 1;
L_0000000001610560 .part L_000000000124e650, 3, 1;
L_00000000016106a0 .part L_0000000001610380, 3, 1;
L_00000000016127c0 .part L_000000000124e650, 3, 1;
S_00000000012677d0 .scope module, "Decoder" "decoder_2_4" 7 18, 7 1 0, S_0000000001199f50;
 .timescale 0 0;
    .port_info 0 /INPUT 2 "s";
    .port_info 1 /OUTPUT 4 "outp";
L_000000000124e730 .functor NOT 1, L_000000000160f8e0, C4<0>, C4<0>, C4<0>;
L_000000000124dc40 .functor NOT 1, L_0000000001611780, C4<0>, C4<0>, C4<0>;
L_000000000124e2d0 .functor AND 1, L_000000000124e730, L_000000000124dc40, C4<1>, C4<1>;
L_000000000124e7a0 .functor NOT 1, L_000000000160f980, C4<0>, C4<0>, C4<0>;
L_000000000124e340 .functor AND 1, L_0000000001611960, L_000000000124e7a0, C4<1>, C4<1>;
L_000000000124dfc0 .functor NOT 1, L_00000000016107e0, C4<0>, C4<0>, C4<0>;
L_000000000124e3b0 .functor AND 1, L_000000000124dfc0, L_00000000016118c0, C4<1>, C4<1>;
L_000000000124dd20 .functor AND 1, L_000000000160fca0, L_0000000001611280, C4<1>, C4<1>;
v0000000001607700_0 .net *"_s10", 0 0, L_000000000124e2d0;  1 drivers
v00000000016066c0_0 .net *"_s15", 0 0, L_0000000001611960;  1 drivers
v0000000001605360_0 .net *"_s17", 0 0, L_000000000160f980;  1 drivers
v00000000016069e0_0 .net *"_s18", 0 0, L_000000000124e7a0;  1 drivers
v0000000001605f40_0 .net *"_s20", 0 0, L_000000000124e340;  1 drivers
v00000000016072a0_0 .net *"_s25", 0 0, L_00000000016107e0;  1 drivers
v0000000001605cc0_0 .net *"_s26", 0 0, L_000000000124dfc0;  1 drivers
v0000000001606a80_0 .net *"_s29", 0 0, L_00000000016118c0;  1 drivers
v0000000001607840_0 .net *"_s3", 0 0, L_000000000160f8e0;  1 drivers
v00000000016063a0_0 .net *"_s30", 0 0, L_000000000124e3b0;  1 drivers
v0000000001606f80_0 .net *"_s36", 0 0, L_000000000160fca0;  1 drivers
v0000000001607520_0 .net *"_s38", 0 0, L_0000000001611280;  1 drivers
v0000000001607660_0 .net *"_s39", 0 0, L_000000000124dd20;  1 drivers
v0000000001605e00_0 .net *"_s4", 0 0, L_000000000124e730;  1 drivers
v0000000001605fe0_0 .net *"_s7", 0 0, L_0000000001611780;  1 drivers
v00000000016068a0_0 .net *"_s8", 0 0, L_000000000124dc40;  1 drivers
v0000000001606d00_0 .net "outp", 3 0, L_0000000001610380;  alias, 1 drivers
v0000000001606120_0 .net "s", 1 0, v0000000001610ce0_0;  alias, 1 drivers
L_000000000160f8e0 .part v0000000001610ce0_0, 0, 1;
L_0000000001611780 .part v0000000001610ce0_0, 1, 1;
L_0000000001611960 .part v0000000001610ce0_0, 0, 1;
L_000000000160f980 .part v0000000001610ce0_0, 1, 1;
L_00000000016107e0 .part v0000000001610ce0_0, 0, 1;
L_00000000016118c0 .part v0000000001610ce0_0, 1, 1;
L_0000000001610380 .concat8 [ 1 1 1 1], L_000000000124e2d0, L_000000000124e340, L_000000000124e3b0, L_000000000124dd20;
L_000000000160fca0 .part v0000000001610ce0_0, 0, 1;
L_0000000001611280 .part v0000000001610ce0_0, 1, 1;
S_0000000001267960 .scope module, "adder_c" "Adder_4b" 8 37, 9 11 0, S_0000000001199dc0;
 .timescale 0 0;
    .port_info 0 /INPUT 1 "op";
    .port_info 1 /INPUT 4 "A";
    .port_info 2 /INPUT 4 "B";
    .port_info 3 /OUTPUT 1 "Co";
    .port_info 4 /OUTPUT 4 "S";
L_000000000123b390 .functor XOR 4, L_00000000016111e0, v000000000160c570_0, C4<0000>, C4<0000>;
v0000000001609690_0 .net "A", 3 0, v000000000160bfd0_0;  alias, 1 drivers
v0000000001609910_0 .net "B", 3 0, v000000000160c570_0;  alias, 1 drivers
v000000000160af90_0 .net "C", 3 1, L_0000000001610e20;  1 drivers
v000000000160a450_0 .net "Co", 0 0, L_000000000124e6c0;  alias, 1 drivers
v000000000160a270_0 .net "S", 3 0, L_0000000001611320;  alias, 1 drivers
v0000000001609b90_0 .net "op", 0 0, L_0000000001610ba0;  1 drivers
v000000000160b8f0_0 .net "tB", 3 0, L_000000000123b390;  1 drivers
v000000000160b210_0 .net "temp_op", 3 0, L_00000000016111e0;  1 drivers
L_00000000016111e0 .concat [ 1 1 1 1], L_0000000001610ba0, L_0000000001610ba0, L_0000000001610ba0, L_0000000001610ba0;
L_0000000001610920 .part v000000000160bfd0_0, 0, 1;
L_0000000001610a60 .part L_000000000123b390, 0, 1;
L_0000000001610d80 .part L_0000000001610e20, 0, 1;
L_000000000160fac0 .part v000000000160bfd0_0, 1, 1;
L_000000000160fa20 .part L_000000000123b390, 1, 1;
L_000000000160f340 .part L_0000000001610e20, 1, 1;
L_000000000160f3e0 .part v000000000160bfd0_0, 2, 1;
L_0000000001610ec0 .part L_000000000123b390, 2, 1;
L_0000000001610e20 .concat8 [ 1 1 1 0], L_000000000123bd30, L_000000000124da10, L_000000000124e570;
L_0000000001610240 .part L_0000000001610e20, 2, 1;
L_000000000160ffc0 .part v000000000160bfd0_0, 3, 1;
L_0000000001610100 .part L_000000000123b390, 3, 1;
L_0000000001611320 .concat8 [ 1 1 1 1], L_000000000123bef0, L_000000000124e810, L_000000000124dcb0, L_000000000124dbd0;
S_00000000011bd2b0 .scope module, "A0" "Adder_1b" 9 23, 9 1 0, S_0000000001267960;
 .timescale 0 0;
    .port_info 0 /INPUT 1 "Ci";
    .port_info 1 /INPUT 1 "A";
    .port_info 2 /INPUT 1 "B";
    .port_info 3 /OUTPUT 1 "S";
    .port_info 4 /OUTPUT 1 "Co";
L_000000000123be80 .functor AND 1, L_0000000001610920, L_0000000001610a60, C4<1>, C4<1>;
L_000000000123bb70 .functor AND 1, L_0000000001610920, L_0000000001610ba0, C4<1>, C4<1>;
L_000000000123bc50 .functor OR 1, L_000000000123be80, L_000000000123bb70, C4<0>, C4<0>;
L_000000000123c0b0 .functor AND 1, L_0000000001610ba0, L_0000000001610a60, C4<1>, C4<1>;
L_000000000123bd30 .functor OR 1, L_000000000123bc50, L_000000000123c0b0, C4<0>, C4<0>;
L_000000000123be10 .functor XOR 1, L_0000000001610920, L_0000000001610a60, C4<0>, C4<0>;
L_000000000123bef0 .functor XOR 1, L_000000000123be10, L_0000000001610ba0, C4<0>, C4<0>;
v0000000001608b00_0 .net "A", 0 0, L_0000000001610920;  1 drivers
v0000000001608ce0_0 .net "B", 0 0, L_0000000001610a60;  1 drivers
v0000000001607980_0 .net "Ci", 0 0, L_0000000001610ba0;  alias, 1 drivers
v0000000001608ba0_0 .net "Co", 0 0, L_000000000123bd30;  1 drivers
v0000000001608240_0 .net "S", 0 0, L_000000000123bef0;  1 drivers
v0000000001607a20_0 .net *"_s0", 0 0, L_000000000123be80;  1 drivers
v0000000001608920_0 .net *"_s10", 0 0, L_000000000123be10;  1 drivers
v00000000016082e0_0 .net *"_s2", 0 0, L_000000000123bb70;  1 drivers
v0000000001607ac0_0 .net *"_s4", 0 0, L_000000000123bc50;  1 drivers
v0000000001607d40_0 .net *"_s6", 0 0, L_000000000123c0b0;  1 drivers
S_00000000011bd440 .scope module, "A1" "Adder_1b" 9 24, 9 1 0, S_0000000001267960;
 .timescale 0 0;
    .port_info 0 /INPUT 1 "Ci";
    .port_info 1 /INPUT 1 "A";
    .port_info 2 /INPUT 1 "B";
    .port_info 3 /OUTPUT 1 "S";
    .port_info 4 /OUTPUT 1 "Co";
L_000000000123b400 .functor AND 1, L_000000000160fac0, L_000000000160fa20, C4<1>, C4<1>;
L_000000000123b4e0 .functor AND 1, L_000000000160fac0, L_0000000001610d80, C4<1>, C4<1>;
L_000000000123b550 .functor OR 1, L_000000000123b400, L_000000000123b4e0, C4<0>, C4<0>;
L_00000000011f4ad0 .functor AND 1, L_0000000001610d80, L_000000000160fa20, C4<1>, C4<1>;
L_000000000124da10 .functor OR 1, L_000000000123b550, L_00000000011f4ad0, C4<0>, C4<0>;
L_000000000124e1f0 .functor XOR 1, L_000000000160fac0, L_000000000160fa20, C4<0>, C4<0>;
L_000000000124e810 .functor XOR 1, L_000000000124e1f0, L_0000000001610d80, C4<0>, C4<0>;
v0000000001607de0_0 .net "A", 0 0, L_000000000160fac0;  1 drivers
v0000000001608c40_0 .net "B", 0 0, L_000000000160fa20;  1 drivers
v0000000001607e80_0 .net "Ci", 0 0, L_0000000001610d80;  1 drivers
v0000000001607f20_0 .net "Co", 0 0, L_000000000124da10;  1 drivers
v000000000160ac70_0 .net "S", 0 0, L_000000000124e810;  1 drivers
v000000000160b710_0 .net *"_s0", 0 0, L_000000000123b400;  1 drivers
v0000000001609cd0_0 .net *"_s10", 0 0, L_000000000124e1f0;  1 drivers
v000000000160a630_0 .net *"_s2", 0 0, L_000000000123b4e0;  1 drivers
v000000000160ae50_0 .net *"_s4", 0 0, L_000000000123b550;  1 drivers
v0000000001609230_0 .net *"_s6", 0 0, L_00000000011f4ad0;  1 drivers
S_000000000126dde0 .scope module, "A2" "Adder_1b" 9 25, 9 1 0, S_0000000001267960;
 .timescale 0 0;
    .port_info 0 /INPUT 1 "Ci";
    .port_info 1 /INPUT 1 "A";
    .port_info 2 /INPUT 1 "B";
    .port_info 3 /OUTPUT 1 "S";
    .port_info 4 /OUTPUT 1 "Co";
L_000000000124e880 .functor AND 1, L_000000000160f3e0, L_0000000001610ec0, C4<1>, C4<1>;
L_000000000124dee0 .functor AND 1, L_000000000160f3e0, L_000000000160f340, C4<1>, C4<1>;
L_000000000124e490 .functor OR 1, L_000000000124e880, L_000000000124dee0, C4<0>, C4<0>;
L_000000000124df50 .functor AND 1, L_000000000160f340, L_0000000001610ec0, C4<1>, C4<1>;
L_000000000124e570 .functor OR 1, L_000000000124e490, L_000000000124df50, C4<0>, C4<0>;
L_000000000124de70 .functor XOR 1, L_000000000160f3e0, L_0000000001610ec0, C4<0>, C4<0>;
L_000000000124dcb0 .functor XOR 1, L_000000000124de70, L_000000000160f340, C4<0>, C4<0>;
v000000000160b030_0 .net "A", 0 0, L_000000000160f3e0;  1 drivers
v00000000016092d0_0 .net "B", 0 0, L_0000000001610ec0;  1 drivers
v000000000160ad10_0 .net "Ci", 0 0, L_000000000160f340;  1 drivers
v0000000001609c30_0 .net "Co", 0 0, L_000000000124e570;  1 drivers
v000000000160b530_0 .net "S", 0 0, L_000000000124dcb0;  1 drivers
v000000000160b7b0_0 .net *"_s0", 0 0, L_000000000124e880;  1 drivers
v000000000160b170_0 .net *"_s10", 0 0, L_000000000124de70;  1 drivers
v000000000160b5d0_0 .net *"_s2", 0 0, L_000000000124dee0;  1 drivers
v000000000160b0d0_0 .net *"_s4", 0 0, L_000000000124e490;  1 drivers
v0000000001609550_0 .net *"_s6", 0 0, L_000000000124df50;  1 drivers
S_000000000126df70 .scope module, "A3" "Adder_1b" 9 26, 9 1 0, S_0000000001267960;
 .timescale 0 0;
    .port_info 0 /INPUT 1 "Ci";
    .port_info 1 /INPUT 1 "A";
    .port_info 2 /INPUT 1 "B";
    .port_info 3 /OUTPUT 1 "S";
    .port_info 4 /OUTPUT 1 "Co";
L_000000000124dd90 .functor AND 1, L_000000000160ffc0, L_0000000001610100, C4<1>, C4<1>;
L_000000000124daf0 .functor AND 1, L_000000000160ffc0, L_0000000001610240, C4<1>, C4<1>;
L_000000000124e180 .functor OR 1, L_000000000124dd90, L_000000000124daf0, C4<0>, C4<0>;
L_000000000124db60 .functor AND 1, L_0000000001610240, L_0000000001610100, C4<1>, C4<1>;
L_000000000124e6c0 .functor OR 1, L_000000000124e180, L_000000000124db60, C4<0>, C4<0>;
L_000000000124e500 .functor XOR 1, L_000000000160ffc0, L_0000000001610100, C4<0>, C4<0>;
L_000000000124dbd0 .functor XOR 1, L_000000000124e500, L_0000000001610240, C4<0>, C4<0>;
v000000000160a9f0_0 .net "A", 0 0, L_000000000160ffc0;  1 drivers
v000000000160b850_0 .net "B", 0 0, L_0000000001610100;  1 drivers
v000000000160adb0_0 .net "Ci", 0 0, L_0000000001610240;  1 drivers
v0000000001609410_0 .net "Co", 0 0, L_000000000124e6c0;  alias, 1 drivers
v000000000160a4f0_0 .net "S", 0 0, L_000000000124dbd0;  1 drivers
v000000000160aef0_0 .net *"_s0", 0 0, L_000000000124dd90;  1 drivers
v00000000016094b0_0 .net *"_s10", 0 0, L_000000000124e500;  1 drivers
v0000000001609730_0 .net *"_s2", 0 0, L_000000000124daf0;  1 drivers
v000000000160a950_0 .net *"_s4", 0 0, L_000000000124e180;  1 drivers
v0000000001609d70_0 .net *"_s6", 0 0, L_000000000124db60;  1 drivers
S_000000000160d140 .scope module, "andor_c" "my_And_Or_4b" 8 38, 9 31 0, S_0000000001199dc0;
 .timescale 0 0;
    .port_info 0 /INPUT 1 "op";
    .port_info 1 /INPUT 4 "A";
    .port_info 2 /INPUT 4 "B";
    .port_info 3 /OUTPUT 1 "Co";
    .port_info 4 /OUTPUT 4 "S";
L_000000000124e110 .functor NOT 4, L_000000000160f840, C4<0000>, C4<0000>, C4<0000>;
L_000000000124e260 .functor AND 4, L_000000000124e110, v000000000160bfd0_0, C4<1111>, C4<1111>;
L_000000000124e0a0 .functor AND 4, L_000000000124e260, v000000000160c570_0, C4<1111>, C4<1111>;
L_000000000124e5e0 .functor OR 4, v000000000160bfd0_0, v000000000160c570_0, C4<0000>, C4<0000>;
L_000000000124e420 .functor AND 4, L_000000000160f840, L_000000000124e5e0, C4<1111>, C4<1111>;
L_000000000124e650 .functor OR 4, L_000000000124e0a0, L_000000000124e420, C4<0000>, C4<0000>;
v000000000160aa90_0 .net "A", 3 0, v000000000160bfd0_0;  alias, 1 drivers
v000000000160b670_0 .net "B", 3 0, v000000000160c570_0;  alias, 1 drivers
v0000000001609190_0 .net "Co", 0 0, L_00000000016172f8;  alias, 1 drivers
v000000000160b2b0_0 .net "S", 3 0, L_000000000124e650;  alias, 1 drivers
v0000000001609370_0 .net *"_s10", 3 0, L_000000000124e5e0;  1 drivers
v00000000016095f0_0 .net *"_s12", 3 0, L_000000000124e420;  1 drivers
v00000000016097d0_0 .net *"_s4", 3 0, L_000000000124e110;  1 drivers
v000000000160a810_0 .net *"_s6", 3 0, L_000000000124e260;  1 drivers
v000000000160b350_0 .net *"_s8", 3 0, L_000000000124e0a0;  1 drivers
v000000000160b3f0_0 .net "op", 0 0, L_0000000001611820;  1 drivers
v000000000160ab30_0 .net "temp_op", 3 0, L_000000000160f840;  1 drivers
L_000000000160f840 .concat [ 1 1 1 1], L_0000000001611820, L_0000000001611820, L_0000000001611820, L_0000000001611820;
S_000000000124ca00 .scope module, "db0" "pbdebounce" 8 53, 8 1 0, S_0000000001199dc0;
 .timescale 0 0;
    .port_info 0 /INPUT 1 "clk_1ms";
    .port_info 1 /INPUT 1 "I";
    .port_info 2 /OUTPUT 1 "O";
v0000000001609870_0 .net "I", 0 0, L_0000000001612680;  1 drivers
v00000000016099b0_0 .var "O", 0 0;
v0000000001609a50_0 .net "clk_1ms", 0 0, L_0000000001611dc0;  alias, 1 drivers
v000000000160a6d0_0 .var "pbshift", 7 0;
E_00000000012215a0 .event posedge, v0000000001609a50_0;
S_000000000124d4f0 .scope module, "db1" "pbdebounce" 8 54, 8 1 0, S_0000000001199dc0;
 .timescale 0 0;
    .port_info 0 /INPUT 1 "clk_1ms";
    .port_info 1 /INPUT 1 "I";
    .port_info 2 /OUTPUT 1 "O";
v000000000160b490_0 .net "I", 0 0, L_00000000016133a0;  1 drivers
v0000000001609af0_0 .var "O", 0 0;
v000000000160a310_0 .net "clk_1ms", 0 0, L_0000000001611dc0;  alias, 1 drivers
v0000000001609e10_0 .var "pbshift", 7 0;
    .scope S_00000000011b1d70;
T_0 ;
    %pushi/vec4 0, 0, 32;
    %assign/vec4 v00000000015fe9c0_0, 0;
    %end;
    .thread T_0;
    .scope S_00000000011b1d70;
T_1 ;
    %wait E_00000000012212a0;
    %load/vec4 v00000000015fd660_0;
    %flag_set/vec4 8;
    %jmp/0xz  T_1.0, 8;
    %pushi/vec4 0, 0, 32;
    %assign/vec4 v00000000015fe9c0_0, 0;
    %jmp T_1.1;
T_1.0 ;
    %load/vec4 v00000000015fe9c0_0;
    %addi 1, 0, 32;
    %assign/vec4 v00000000015fe9c0_0, 0;
T_1.1 ;
    %jmp T_1;
    .thread T_1;
    .scope S_000000000124ca00;
T_2 ;
    %pushi/vec4 0, 0, 1;
    %store/vec4 v00000000016099b0_0, 0, 1;
    %end;
    .thread T_2;
    .scope S_000000000124ca00;
T_3 ;
    %wait E_00000000012215a0;
    %load/vec4 v000000000160a6d0_0;
    %ix/load 4, 1, 0;
    %flag_set/imm 4, 0;
    %shiftl 4;
    %store/vec4 v000000000160a6d0_0, 0, 8;
    %load/vec4 v0000000001609870_0;
    %ix/load 4, 0, 0;
    %flag_set/imm 4, 0;
    %store/vec4 v000000000160a6d0_0, 4, 1;
    %load/vec4 v000000000160a6d0_0;
    %cmpi/e 0, 0, 8;
    %jmp/0xz  T_3.0, 4;
    %pushi/vec4 0, 0, 1;
    %store/vec4 v00000000016099b0_0, 0, 1;
T_3.0 ;
    %load/vec4 v000000000160a6d0_0;
    %cmpi/e 255, 0, 8;
    %jmp/0xz  T_3.2, 4;
    %pushi/vec4 1, 0, 1;
    %store/vec4 v00000000016099b0_0, 0, 1;
T_3.2 ;
    %jmp T_3;
    .thread T_3;
    .scope S_000000000124d4f0;
T_4 ;
    %pushi/vec4 0, 0, 1;
    %store/vec4 v0000000001609af0_0, 0, 1;
    %end;
    .thread T_4;
    .scope S_000000000124d4f0;
T_5 ;
    %wait E_00000000012215a0;
    %load/vec4 v0000000001609e10_0;
    %ix/load 4, 1, 0;
    %flag_set/imm 4, 0;
    %shiftl 4;
    %store/vec4 v0000000001609e10_0, 0, 8;
    %load/vec4 v000000000160b490_0;
    %ix/load 4, 0, 0;
    %flag_set/imm 4, 0;
    %store/vec4 v0000000001609e10_0, 4, 1;
    %load/vec4 v0000000001609e10_0;
    %cmpi/e 0, 0, 8;
    %jmp/0xz  T_5.0, 4;
    %pushi/vec4 0, 0, 1;
    %store/vec4 v0000000001609af0_0, 0, 1;
T_5.0 ;
    %load/vec4 v0000000001609e10_0;
    %cmpi/e 255, 0, 8;
    %jmp/0xz  T_5.2, 4;
    %pushi/vec4 1, 0, 1;
    %store/vec4 v0000000001609af0_0, 0, 1;
T_5.2 ;
    %jmp T_5;
    .thread T_5;
    .scope S_0000000001199dc0;
T_6 ;
    %pushi/vec4 0, 0, 1;
    %assign/vec4 v000000000160a130_0, 0;
    %end;
    .thread T_6;
    .scope S_0000000001199dc0;
T_7 ;
    %pushi/vec4 18, 0, 8;
    %split/vec4 4;
    %assign/vec4 v000000000160bfd0_0, 0;
    %assign/vec4 v000000000160c570_0, 0;
    %end;
    .thread T_7;
    .scope S_0000000001199dc0;
T_8 ;
    %wait E_00000000012213e0;
    %load/vec4 v000000000160c250_0;
    %assign/vec4 v000000000160bfd0_0, 0;
    %jmp T_8;
    .thread T_8;
    .scope S_0000000001199dc0;
T_9 ;
    %wait E_0000000001221ae0;
    %load/vec4 v000000000160bdf0_0;
    %assign/vec4 v000000000160c570_0, 0;
    %jmp T_9;
    .thread T_9;
    .scope S_00000000011c53f0;
T_10 ;
    %pushi/vec4 0, 0, 1;
    %assign/vec4 v000000000160c4d0_0, 0;
    %end;
    .thread T_10;
    .scope S_00000000012415a0;
T_11 ;
    %pushi/vec4 0, 0, 2;
    %store/vec4 v0000000001610740_0, 0, 2;
    %pushi/vec4 255, 0, 8;
    %store/vec4 v00000000016113c0_0, 0, 8;
    %pushi/vec4 0, 0, 1;
    %store/vec4 v00000000016109c0_0, 0, 1;
    %pushi/vec4 1, 0, 1;
    %ix/load 4, 0, 0;
    %flag_set/imm 4, 0;
    %store/vec4 v0000000001610ce0_0, 4, 1;
    %pushi/vec4 1, 0, 1;
    %ix/load 4, 1, 0;
    %flag_set/imm 4, 0;
    %store/vec4 v0000000001610ce0_0, 4, 1;
    %end;
    .thread T_11;
    .scope S_00000000012415a0;
T_12 ;
    %delay 5, 0;
    %load/vec4 v00000000016109c0_0;
    %inv;
    %store/vec4 v00000000016109c0_0, 0, 1;
    %jmp T_12;
    .thread T_12;
    .scope S_00000000012415a0;
T_13 ;
    %delay 5000, 0;
    %pushi/vec4 1, 0, 2;
    %store/vec4 v0000000001610740_0, 0, 2;
    %delay 10000, 0;
    %pushi/vec4 0, 0, 2;
    %store/vec4 v0000000001610740_0, 0, 2;
    %delay 5000, 0;
    %pushi/vec4 1, 0, 2;
    %store/vec4 v0000000001610740_0, 0, 2;
    %delay 10000, 0;
    %pushi/vec4 0, 0, 2;
    %store/vec4 v0000000001610740_0, 0, 2;
    %delay 5000, 0;
    %pushi/vec4 2, 0, 2;
    %store/vec4 v0000000001610740_0, 0, 2;
    %delay 10000, 0;
    %pushi/vec4 0, 0, 2;
    %store/vec4 v0000000001610740_0, 0, 2;
    %delay 5000, 0;
    %pushi/vec4 2, 0, 2;
    %store/vec4 v0000000001610740_0, 0, 2;
    %delay 10000, 0;
    %pushi/vec4 0, 0, 2;
    %store/vec4 v0000000001610740_0, 0, 2;
    %delay 5000, 0;
    %pushi/vec4 2, 0, 2;
    %store/vec4 v0000000001610740_0, 0, 2;
    %delay 10000, 0;
    %pushi/vec4 0, 0, 2;
    %store/vec4 v0000000001610740_0, 0, 2;
    %delay 5000, 0;
    %pushi/vec4 1, 0, 2;
    %store/vec4 v0000000001610740_0, 0, 2;
    %delay 10000, 0;
    %pushi/vec4 0, 0, 2;
    %store/vec4 v0000000001610740_0, 0, 2;
    %end;
    .thread T_13;
    .scope S_00000000012415a0;
T_14 ;
    %vpi_call 2 44 "$dumpfile", ".\134build\134or.vcd" {0 0 0};
    %vpi_call 2 45 "$dumpvars", 32'sb00000000000000000000000000000000, S_00000000012415a0 {0 0 0};
    %delay 1000000, 0;
    %vpi_call 2 46 "$finish" {0 0 0};
    %end;
    .thread T_14;
# The file index is used to find the file name in the following table.
:file_names 10;
    "N/A";
    "<interactive>";
    ".\src\testbench_top.v";
    ".\src\top.v";
    ".\src\MyMC14495.v";
    ".\src\clkdiv.v";
    ".\src\display.v";
    ".\src\MUX41.v";
    ".\src\createnumber.v";
    ".\src\operations.v";
